Archive member included because of file (symbol)

c:/siliconlabs/simplicitystudio/v4/developer/toolchains/gnu_arm/4.9_2015q3/bin/../lib/gcc/arm-none-eabi/4.9.3/armv7e-m/softfp\libgcc.a(_aeabi_uldivmod.o)
                              ./emlib/em_usart.o (__aeabi_uldivmod)
c:/siliconlabs/simplicitystudio/v4/developer/toolchains/gnu_arm/4.9_2015q3/bin/../lib/gcc/arm-none-eabi/4.9.3/armv7e-m/softfp\libgcc.a(bpabi.o)
                              c:/siliconlabs/simplicitystudio/v4/developer/toolchains/gnu_arm/4.9_2015q3/bin/../lib/gcc/arm-none-eabi/4.9.3/armv7e-m/softfp\libgcc.a(_aeabi_uldivmod.o) (__gnu_uldivmod_helper)
c:/siliconlabs/simplicitystudio/v4/developer/toolchains/gnu_arm/4.9_2015q3/bin/../lib/gcc/arm-none-eabi/4.9.3/armv7e-m/softfp\libgcc.a(_dvmd_tls.o)
                              c:/siliconlabs/simplicitystudio/v4/developer/toolchains/gnu_arm/4.9_2015q3/bin/../lib/gcc/arm-none-eabi/4.9.3/armv7e-m/softfp\libgcc.a(_aeabi_uldivmod.o) (__aeabi_ldiv0)
c:/siliconlabs/simplicitystudio/v4/developer/toolchains/gnu_arm/4.9_2015q3/bin/../lib/gcc/arm-none-eabi/4.9.3/armv7e-m/softfp\libgcc.a(_divdi3.o)
                              c:/siliconlabs/simplicitystudio/v4/developer/toolchains/gnu_arm/4.9_2015q3/bin/../lib/gcc/arm-none-eabi/4.9.3/armv7e-m/softfp\libgcc.a(bpabi.o) (__divdi3)
c:/siliconlabs/simplicitystudio/v4/developer/toolchains/gnu_arm/4.9_2015q3/bin/../lib/gcc/arm-none-eabi/4.9.3/armv7e-m/softfp\libgcc.a(_udivdi3.o)
                              c:/siliconlabs/simplicitystudio/v4/developer/toolchains/gnu_arm/4.9_2015q3/bin/../lib/gcc/arm-none-eabi/4.9.3/armv7e-m/softfp\libgcc.a(bpabi.o) (__udivdi3)
c:/siliconlabs/simplicitystudio/v4/developer/toolchains/gnu_arm/4.9_2015q3/bin/../lib/gcc/arm-none-eabi/4.9.3/../../../../arm-none-eabi/lib/armv7e-m/softfp\libc_nano.a(lib_a-exit.o)
                              c:/siliconlabs/simplicitystudio/v4/developer/toolchains/gnu_arm/4.9_2015q3/bin/../lib/gcc/arm-none-eabi/4.9.3/../../../../arm-none-eabi/lib/armv7e-m/softfp/crt0.o (exit)
c:/siliconlabs/simplicitystudio/v4/developer/toolchains/gnu_arm/4.9_2015q3/bin/../lib/gcc/arm-none-eabi/4.9.3/../../../../arm-none-eabi/lib/armv7e-m/softfp\libc_nano.a(lib_a-impure.o)
                              c:/siliconlabs/simplicitystudio/v4/developer/toolchains/gnu_arm/4.9_2015q3/bin/../lib/gcc/arm-none-eabi/4.9.3/../../../../arm-none-eabi/lib/armv7e-m/softfp\libc_nano.a(lib_a-exit.o) (_global_impure_ptr)
c:/siliconlabs/simplicitystudio/v4/developer/toolchains/gnu_arm/4.9_2015q3/bin/../lib/gcc/arm-none-eabi/4.9.3/../../../../arm-none-eabi/lib/armv7e-m/softfp\libc_nano.a(lib_a-init.o)
                              c:/siliconlabs/simplicitystudio/v4/developer/toolchains/gnu_arm/4.9_2015q3/bin/../lib/gcc/arm-none-eabi/4.9.3/../../../../arm-none-eabi/lib/armv7e-m/softfp/crt0.o (__libc_init_array)
c:/siliconlabs/simplicitystudio/v4/developer/toolchains/gnu_arm/4.9_2015q3/bin/../lib/gcc/arm-none-eabi/4.9.3/../../../../arm-none-eabi/lib/armv7e-m/softfp\libc_nano.a(lib_a-memset.o)
                              c:/siliconlabs/simplicitystudio/v4/developer/toolchains/gnu_arm/4.9_2015q3/bin/../lib/gcc/arm-none-eabi/4.9.3/../../../../arm-none-eabi/lib/armv7e-m/softfp/crt0.o (memset)
c:/siliconlabs/simplicitystudio/v4/developer/toolchains/gnu_arm/4.9_2015q3/bin/../lib/gcc/arm-none-eabi/4.9.3/../../../../arm-none-eabi/lib/armv7e-m/softfp\libnosys.a(_exit.o)
                              c:/siliconlabs/simplicitystudio/v4/developer/toolchains/gnu_arm/4.9_2015q3/bin/../lib/gcc/arm-none-eabi/4.9.3/../../../../arm-none-eabi/lib/armv7e-m/softfp\libc_nano.a(lib_a-exit.o) (_exit)

Discarded input sections

 .text          0x00000000        0x0 c:/siliconlabs/simplicitystudio/v4/developer/toolchains/gnu_arm/4.9_2015q3/bin/../lib/gcc/arm-none-eabi/4.9.3/armv7e-m/softfp/crti.o
 .data          0x00000000        0x0 c:/siliconlabs/simplicitystudio/v4/developer/toolchains/gnu_arm/4.9_2015q3/bin/../lib/gcc/arm-none-eabi/4.9.3/armv7e-m/softfp/crti.o
 .bss           0x00000000        0x0 c:/siliconlabs/simplicitystudio/v4/developer/toolchains/gnu_arm/4.9_2015q3/bin/../lib/gcc/arm-none-eabi/4.9.3/armv7e-m/softfp/crti.o
 .data          0x00000000        0x4 c:/siliconlabs/simplicitystudio/v4/developer/toolchains/gnu_arm/4.9_2015q3/bin/../lib/gcc/arm-none-eabi/4.9.3/armv7e-m/softfp/crtbegin.o
 .data          0x00000000        0x0 c:/siliconlabs/simplicitystudio/v4/developer/toolchains/gnu_arm/4.9_2015q3/bin/../lib/gcc/arm-none-eabi/4.9.3/../../../../arm-none-eabi/lib/armv7e-m/softfp/crt0.o
 .bss           0x00000000        0x0 c:/siliconlabs/simplicitystudio/v4/developer/toolchains/gnu_arm/4.9_2015q3/bin/../lib/gcc/arm-none-eabi/4.9.3/../../../../arm-none-eabi/lib/armv7e-m/softfp/crt0.o
 .ARM.extab     0x00000000        0x0 c:/siliconlabs/simplicitystudio/v4/developer/toolchains/gnu_arm/4.9_2015q3/bin/../lib/gcc/arm-none-eabi/4.9.3/../../../../arm-none-eabi/lib/armv7e-m/softfp/crt0.o
 .data          0x00000000        0x0 ./CMSIS/EFM32PG12B/startup_gcc_efm32pg12b.o
 .bss           0x00000000        0x0 ./CMSIS/EFM32PG12B/startup_gcc_efm32pg12b.o
 .text          0x00000000        0x0 ./CMSIS/EFM32PG12B/system_efm32pg12b.o
 .data          0x00000000        0x0 ./CMSIS/EFM32PG12B/system_efm32pg12b.o
 .bss           0x00000000        0x0 ./CMSIS/EFM32PG12B/system_efm32pg12b.o
 .data.SystemHFXOClock
                0x00000000        0x4 ./CMSIS/EFM32PG12B/system_efm32pg12b.o
 .data.SystemLFXOClock
                0x00000000        0x4 ./CMSIS/EFM32PG12B/system_efm32pg12b.o
 .data.SystemCoreClock
                0x00000000        0x4 ./CMSIS/EFM32PG12B/system_efm32pg12b.o
 .data.SystemHfrcoFreq
                0x00000000        0x4 ./CMSIS/EFM32PG12B/system_efm32pg12b.o
 .text.SystemCoreClockGet
                0x00000000       0x44 ./CMSIS/EFM32PG12B/system_efm32pg12b.o
 .text.SystemMaxCoreClockGet
                0x00000000       0x14 ./CMSIS/EFM32PG12B/system_efm32pg12b.o
 .text.SystemHFClockGet
                0x00000000       0x70 ./CMSIS/EFM32PG12B/system_efm32pg12b.o
 .text.SystemHFXOClockGet
                0x00000000       0x18 ./CMSIS/EFM32PG12B/system_efm32pg12b.o
 .text.SystemHFXOClockSet
                0x00000000       0x30 ./CMSIS/EFM32PG12B/system_efm32pg12b.o
 .text.SystemLFRCOClockGet
                0x00000000       0x14 ./CMSIS/EFM32PG12B/system_efm32pg12b.o
 .text.SystemULFRCOClockGet
                0x00000000       0x14 ./CMSIS/EFM32PG12B/system_efm32pg12b.o
 .text.SystemLFXOClockGet
                0x00000000       0x18 ./CMSIS/EFM32PG12B/system_efm32pg12b.o
 .text.SystemLFXOClockSet
                0x00000000       0x30 ./CMSIS/EFM32PG12B/system_efm32pg12b.o
 .text          0x00000000        0x0 ./emlib/em_acmp.o
 .data          0x00000000        0x0 ./emlib/em_acmp.o
 .bss           0x00000000        0x0 ./emlib/em_acmp.o
 .text.BUS_RegBitWrite
                0x00000000       0x2c ./emlib/em_acmp.o
 .text.BUS_RegMaskedSet
                0x00000000       0x24 ./emlib/em_acmp.o
 .text.BUS_RegMaskedClear
                0x00000000       0x24 ./emlib/em_acmp.o
 .text.BUS_RegMaskedWrite
                0x00000000       0x24 ./emlib/em_acmp.o
 .text.ACMP_CapsenseInit
                0x00000000       0x80 ./emlib/em_acmp.o
 .text.ACMP_CapsenseChannelSet
                0x00000000       0x38 ./emlib/em_acmp.o
 .text.ACMP_Disable
                0x00000000       0x34 ./emlib/em_acmp.o
 .text.ACMP_Enable
                0x00000000       0x34 ./emlib/em_acmp.o
 .text.ACMP_ExternalInputSelect
                0x00000000       0x30 ./emlib/em_acmp.o
 .text.ACMP_Reset
                0x00000000       0x50 ./emlib/em_acmp.o
 .text.ACMP_GPIOSetup
                0x00000000       0x58 ./emlib/em_acmp.o
 .text.ACMP_ChannelSet
                0x00000000       0x48 ./emlib/em_acmp.o
 .text.ACMP_Init
                0x00000000       0x94 ./emlib/em_acmp.o
 .text.ACMP_VASetup
                0x00000000       0x58 ./emlib/em_acmp.o
 .text.ACMP_VBSetup
                0x00000000       0x58 ./emlib/em_acmp.o
 .debug_info    0x00000000      0xefc ./emlib/em_acmp.o
 .debug_abbrev  0x00000000      0x1cd ./emlib/em_acmp.o
 .debug_loc     0x00000000      0x510 ./emlib/em_acmp.o
 .debug_aranges
                0x00000000       0x90 ./emlib/em_acmp.o
 .debug_ranges  0x00000000       0x80 ./emlib/em_acmp.o
 .debug_line    0x00000000      0x487 ./emlib/em_acmp.o
 .debug_str     0x00000000     0x1bbb ./emlib/em_acmp.o
 .comment       0x00000000       0x71 ./emlib/em_acmp.o
 .debug_frame   0x00000000      0x24c ./emlib/em_acmp.o
 .ARM.attributes
                0x00000000       0x37 ./emlib/em_acmp.o
 .text          0x00000000        0x0 ./emlib/em_adc.o
 .data          0x00000000        0x0 ./emlib/em_adc.o
 .bss           0x00000000        0x0 ./emlib/em_adc.o
 .text.BUS_RegBitWrite
                0x00000000       0x2c ./emlib/em_adc.o
 .text.BUS_RegMaskedSet
                0x00000000       0x24 ./emlib/em_adc.o
 .text.BUS_RegMaskedClear
                0x00000000       0x24 ./emlib/em_adc.o
 .text.BUS_RegMaskedWrite
                0x00000000       0x24 ./emlib/em_adc.o
 .text.ADC_LoadDevinfoCal
                0x00000000      0x1bc ./emlib/em_adc.o
 .text.ADC_Init
                0x00000000       0x84 ./emlib/em_adc.o
 .text.ADC_ScanInputClear
                0x00000000       0x28 ./emlib/em_adc.o
 .text.ADC_ScanSingleEndedInputAdd
                0x00000000       0x9c ./emlib/em_adc.o
 .text.ADC_ScanDifferentialInputAdd
                0x00000000      0x190 ./emlib/em_adc.o
 .text.ADC_InitScan
                0x00000000      0x114 ./emlib/em_adc.o
 .text.ADC_InitSingle
                0x00000000      0x158 ./emlib/em_adc.o
 .text.ADC_DataIdScanGet
                0x00000000       0x2c ./emlib/em_adc.o
 .text.ADC_PrescaleCalc
                0x00000000       0x64 ./emlib/em_adc.o
 .text.ADC_Reset
                0x00000000       0x98 ./emlib/em_adc.o
 .text.ADC_TimebaseCalc
                0x00000000       0x50 ./emlib/em_adc.o
 .debug_info    0x00000000     0x1c49 ./emlib/em_adc.o
 .debug_abbrev  0x00000000      0x20b ./emlib/em_adc.o
 .debug_loc     0x00000000      0x504 ./emlib/em_adc.o
 .debug_aranges
                0x00000000       0x90 ./emlib/em_adc.o
 .debug_ranges  0x00000000       0x80 ./emlib/em_adc.o
 .debug_line    0x00000000      0x4fd ./emlib/em_adc.o
 .debug_str     0x00000000     0x2c69 ./emlib/em_adc.o
 .comment       0x00000000       0x71 ./emlib/em_adc.o
 .debug_frame   0x00000000      0x248 ./emlib/em_adc.o
 .ARM.attributes
                0x00000000       0x37 ./emlib/em_adc.o
 .text          0x00000000        0x0 ./emlib/em_aes.o
 .data          0x00000000        0x0 ./emlib/em_aes.o
 .bss           0x00000000        0x0 ./emlib/em_aes.o
 .debug_info    0x00000000       0x94 ./emlib/em_aes.o
 .debug_abbrev  0x00000000       0x4b ./emlib/em_aes.o
 .debug_aranges
                0x00000000       0x18 ./emlib/em_aes.o
 .debug_line    0x00000000      0x178 ./emlib/em_aes.o
 .debug_str     0x00000000      0x1fe ./emlib/em_aes.o
 .comment       0x00000000       0x71 ./emlib/em_aes.o
 .ARM.attributes
                0x00000000       0x37 ./emlib/em_aes.o
 .text          0x00000000        0x0 ./emlib/em_assert.o
 .data          0x00000000        0x0 ./emlib/em_assert.o
 .bss           0x00000000        0x0 ./emlib/em_assert.o
 .debug_line    0x00000000        0x0 ./emlib/em_assert.o
 .debug_str     0x00000000      0x155 ./emlib/em_assert.o
 .comment       0x00000000       0x71 ./emlib/em_assert.o
 .ARM.attributes
                0x00000000       0x37 ./emlib/em_assert.o
 .text          0x00000000        0x0 ./emlib/em_burtc.o
 .data          0x00000000        0x0 ./emlib/em_burtc.o
 .bss           0x00000000        0x0 ./emlib/em_burtc.o
 .debug_info    0x00000000       0x94 ./emlib/em_burtc.o
 .debug_abbrev  0x00000000       0x4b ./emlib/em_burtc.o
 .debug_aranges
                0x00000000       0x18 ./emlib/em_burtc.o
 .debug_line    0x00000000      0x178 ./emlib/em_burtc.o
 .debug_str     0x00000000      0x200 ./emlib/em_burtc.o
 .comment       0x00000000       0x71 ./emlib/em_burtc.o
 .ARM.attributes
                0x00000000       0x37 ./emlib/em_burtc.o
 .text          0x00000000        0x0 ./emlib/em_can.o
 .data          0x00000000        0x0 ./emlib/em_can.o
 .bss           0x00000000        0x0 ./emlib/em_can.o
 .debug_info    0x00000000       0x9b ./emlib/em_can.o
 .debug_abbrev  0x00000000       0x4b ./emlib/em_can.o
 .debug_aranges
                0x00000000       0x18 ./emlib/em_can.o
 .debug_line    0x00000000      0x178 ./emlib/em_can.o
 .debug_str     0x00000000      0x204 ./emlib/em_can.o
 .comment       0x00000000       0x71 ./emlib/em_can.o
 .ARM.attributes
                0x00000000       0x37 ./emlib/em_can.o
 .text          0x00000000        0x0 ./emlib/em_cmu.o
 .data          0x00000000        0x0 ./emlib/em_cmu.o
 .bss           0x00000000        0x0 ./emlib/em_cmu.o
 .text.BUS_RegBitWrite
                0x00000000       0x2c ./emlib/em_cmu.o
 .text.BUS_RegBitRead
                0x00000000       0x2c ./emlib/em_cmu.o
 .text.BUS_RegMaskedSet
                0x00000000       0x24 ./emlib/em_cmu.o
 .text.BUS_RegMaskedClear
                0x00000000       0x24 ./emlib/em_cmu.o
 .text.BUS_RegMaskedWrite
                0x00000000       0x24 ./emlib/em_cmu.o
 .text.CMU_Log2ToDiv
                0x00000000       0x1c ./emlib/em_cmu.o
 .text.CMU_PrescToLog2
                0x00000000       0x28 ./emlib/em_cmu.o
 .text.EMU_VScaleWait
                0x00000000       0x1c ./emlib/em_cmu.o
 .text.EMU_VScaleGet
                0x00000000       0x1c ./emlib/em_cmu.o
 .data.auxHfrcoFreq
                0x00000000        0x4 ./emlib/em_cmu.o
 .rodata.hfrcoCtrlTable
                0x00000000      0x150 ./emlib/em_cmu.o
 .rodata.flashWsTable
                0x00000000       0x28 ./emlib/em_cmu.o
 .text.setHfLeConfig
                0x00000000       0x64 ./emlib/em_cmu.o
 .text.auxClkGet
                0x00000000       0x20 ./emlib/em_cmu.o
 .text.hfSrcClkGet
                0x00000000       0x2c ./emlib/em_cmu.o
 .text.dbgClkGet
                0x00000000       0x40 ./emlib/em_cmu.o
 .text.adcAsyncClkGet
                0x00000000       0x80 ./emlib/em_cmu.o
 .text.flashWaitStateControl
                0x00000000       0xac ./emlib/em_cmu.o
 .text.flashWaitStateMax
                0x00000000       0x14 ./emlib/em_cmu.o
 .text.CMU_UpdateWaitStates
                0x00000000       0x18 ./emlib/em_cmu.o
 .text.getRegIshUpperVal
                0x00000000       0x38 ./emlib/em_cmu.o
 .text.getHfxoTuningMode
                0x00000000       0x1c ./emlib/em_cmu.o
 .text.setHfxoTuningMode
                0x00000000       0x28 ./emlib/em_cmu.o
 .text.lfClkGet
                0x00000000       0xec ./emlib/em_cmu.o
 .text.syncReg  0x00000000       0x38 ./emlib/em_cmu.o
 .text.CMU_AUXHFRCODevinfoGet
                0x00000000       0xdc ./emlib/em_cmu.o
 .text.CMU_AUXHFRCOBandGet
                0x00000000       0x18 ./emlib/em_cmu.o
 .text.CMU_AUXHFRCOBandSet
                0x00000000       0x98 ./emlib/em_cmu.o
 .text.CMU_Calibrate
                0x00000000       0x88 ./emlib/em_cmu.o
 .text.CMU_CalibrateConfig
                0x00000000       0xd8 ./emlib/em_cmu.o
 .text.CMU_CalibrateCountGet
                0x00000000       0x38 ./emlib/em_cmu.o
 .text.CMU_ClockDivGet
                0x00000000       0x1c ./emlib/em_cmu.o
 .text.CMU_ClockDivSet
                0x00000000       0x1c ./emlib/em_cmu.o
 .text.CMU_ClockEnable
                0x00000000       0xcc ./emlib/em_cmu.o
 .text.CMU_ClockFreqGet
                0x00000000      0x1f8 ./emlib/em_cmu.o
 .text.CMU_ClockPrescGet
                0x00000000      0x184 ./emlib/em_cmu.o
 .text.CMU_ClockPrescSet
                0x00000000      0x268 ./emlib/em_cmu.o
 .text.CMU_ClockSelectGet
                0x00000000      0x190 ./emlib/em_cmu.o
 .text.CMU_ClockSelectSet
                0x00000000      0x2cc ./emlib/em_cmu.o
 .text.CMU_DPLLLock
                0x00000000      0x1fc ./emlib/em_cmu.o
 .text.CMU_FreezeEnable
                0x00000000       0x3c ./emlib/em_cmu.o
 .text.CMU_HFRCODevinfoGet
                0x00000000       0xdc ./emlib/em_cmu.o
 .text.CMU_HFRCOBandGet
                0x00000000       0x18 ./emlib/em_cmu.o
 .text.CMU_HFRCOBandSet
                0x00000000      0x110 ./emlib/em_cmu.o
 .text.CMU_HFXOAutostartEnable
                0x00000000       0x84 ./emlib/em_cmu.o
 .text.CMU_HFXOInit
                0x00000000       0xe4 ./emlib/em_cmu.o
 .text.CMU_LCDClkFDIVGet
                0x00000000       0x10 ./emlib/em_cmu.o
 .text.CMU_LCDClkFDIVSet
                0x00000000       0x14 ./emlib/em_cmu.o
 .text.CMU_LFXOInit
                0x00000000       0x50 ./emlib/em_cmu.o
 .text.CMU_OscillatorEnable
                0x00000000      0x17c ./emlib/em_cmu.o
 .text.CMU_OscillatorTuningGet
                0x00000000       0x74 ./emlib/em_cmu.o
 .text.CMU_OscillatorTuningSet
                0x00000000      0x100 ./emlib/em_cmu.o
 .text.CMU_OscillatorTuningWait
                0x00000000       0x94 ./emlib/em_cmu.o
 .text.CMU_OscillatorTuningOptimize
                0x00000000       0x54 ./emlib/em_cmu.o
 .text.CMU_PCNTClockExternalGet
                0x00000000       0x64 ./emlib/em_cmu.o
 .text.CMU_PCNTClockExternalSet
                0x00000000       0x34 ./emlib/em_cmu.o
 .debug_info    0x00000000     0x23fb ./emlib/em_cmu.o
 .debug_abbrev  0x00000000      0x307 ./emlib/em_cmu.o
 .debug_loc     0x00000000     0x10a8 ./emlib/em_cmu.o
 .debug_aranges
                0x00000000      0x1c0 ./emlib/em_cmu.o
 .debug_ranges  0x00000000      0x1b0 ./emlib/em_cmu.o
 .debug_line    0x00000000      0xc20 ./emlib/em_cmu.o
 .debug_str     0x00000000     0x19d9 ./emlib/em_cmu.o
 .comment       0x00000000       0x71 ./emlib/em_cmu.o
 .debug_frame   0x00000000      0x7ac ./emlib/em_cmu.o
 .ARM.attributes
                0x00000000       0x37 ./emlib/em_cmu.o
 .text          0x00000000        0x0 ./emlib/em_core.o
 .data          0x00000000        0x0 ./emlib/em_core.o
 .bss           0x00000000        0x0 ./emlib/em_core.o
 .text.NVIC_GetPriority
                0x00000000       0x50 ./emlib/em_core.o
 .text.CORE_CriticalDisableIrq
                0x00000000       0x10 ./emlib/em_core.o
 .text.CORE_CriticalEnableIrq
                0x00000000       0x10 ./emlib/em_core.o
 .text.CORE_EnterCritical
                0x00000000       0x20 ./emlib/em_core.o
 .text.CORE_ExitCritical
                0x00000000       0x1c ./emlib/em_core.o
 .text.CORE_YieldCritical
                0x00000000       0x24 ./emlib/em_core.o
 .text.CORE_AtomicDisableIrq
                0x00000000       0x10 ./emlib/em_core.o
 .text.CORE_AtomicEnableIrq
                0x00000000       0x10 ./emlib/em_core.o
 .text.CORE_EnterAtomic
                0x00000000       0x20 ./emlib/em_core.o
 .text.CORE_ExitAtomic
                0x00000000       0x1c ./emlib/em_core.o
 .text.CORE_YieldAtomic
                0x00000000       0x24 ./emlib/em_core.o
 .text.CORE_EnterNvicMask
                0x00000000       0x38 ./emlib/em_core.o
 .text.CORE_NvicDisableMask
                0x00000000       0x2c ./emlib/em_core.o
 .text.CORE_NvicEnableMask
                0x00000000       0x2c ./emlib/em_core.o
 .text.CORE_YieldNvicMask
                0x00000000       0x88 ./emlib/em_core.o
 .text.CORE_NvicMaskSetIRQ
                0x00000000       0x58 ./emlib/em_core.o
 .text.CORE_NvicMaskClearIRQ
                0x00000000       0x58 ./emlib/em_core.o
 .text.CORE_InIrqContext
                0x00000000       0x24 ./emlib/em_core.o
 .text.CORE_IrqIsBlocked
                0x00000000       0xac ./emlib/em_core.o
 .text.CORE_IrqIsDisabled
                0x00000000       0x28 ./emlib/em_core.o
 .text.CORE_GetNvicEnabledMask
                0x00000000       0x2c ./emlib/em_core.o
 .text.CORE_GetNvicMaskDisableState
                0x00000000       0x54 ./emlib/em_core.o
 .text.CORE_NvicIRQDisabled
                0x00000000       0x58 ./emlib/em_core.o
 .text.CORE_GetNvicRamTableHandler
                0x00000000       0x40 ./emlib/em_core.o
 .text.CORE_SetNvicRamTableHandler
                0x00000000       0x44 ./emlib/em_core.o
 .text.CORE_InitNvicVectorTable
                0x00000000       0xc8 ./emlib/em_core.o
 .debug_info    0x00000000      0xd04 ./emlib/em_core.o
 .debug_abbrev  0x00000000      0x239 ./emlib/em_core.o
 .debug_loc     0x00000000      0x88c ./emlib/em_core.o
 .debug_aranges
                0x00000000       0xe8 ./emlib/em_core.o
 .debug_ranges  0x00000000       0xd8 ./emlib/em_core.o
 .debug_line    0x00000000      0x5f7 ./emlib/em_core.o
 .debug_str     0x00000000      0x886 ./emlib/em_core.o
 .comment       0x00000000       0x71 ./emlib/em_core.o
 .debug_frame   0x00000000      0x3dc ./emlib/em_core.o
 .ARM.attributes
                0x00000000       0x37 ./emlib/em_core.o
 .text          0x00000000        0x0 ./emlib/em_cryotimer.o
 .data          0x00000000        0x0 ./emlib/em_cryotimer.o
 .bss           0x00000000        0x0 ./emlib/em_cryotimer.o
 .text.BUS_RegBitWrite
                0x00000000       0x2c ./emlib/em_cryotimer.o
 .text.CRYOTIMER_EM4WakeupEnable
                0x00000000       0x20 ./emlib/em_cryotimer.o
 .text.CRYOTIMER_Init
                0x00000000       0x4c ./emlib/em_cryotimer.o
 .debug_info    0x00000000      0x3ac ./emlib/em_cryotimer.o
 .debug_abbrev  0x00000000      0x128 ./emlib/em_cryotimer.o
 .debug_loc     0x00000000       0xfc ./emlib/em_cryotimer.o
 .debug_aranges
                0x00000000       0x30 ./emlib/em_cryotimer.o
 .debug_ranges  0x00000000       0x20 ./emlib/em_cryotimer.o
 .debug_line    0x00000000      0x2dc ./emlib/em_cryotimer.o
 .debug_str     0x00000000      0x669 ./emlib/em_cryotimer.o
 .comment       0x00000000       0x71 ./emlib/em_cryotimer.o
 .debug_frame   0x00000000       0x80 ./emlib/em_cryotimer.o
 .ARM.attributes
                0x00000000       0x37 ./emlib/em_cryotimer.o
 .text          0x00000000        0x0 ./emlib/em_crypto.o
 .data          0x00000000        0x0 ./emlib/em_crypto.o
 .bss           0x00000000        0x0 ./emlib/em_crypto.o
 .text.BUS_RegBitWrite
                0x00000000       0x2c ./emlib/em_crypto.o
 .text.CRYPTO_ResultWidthSet
                0x00000000       0x2c ./emlib/em_crypto.o
 .text.CRYPTO_BurstToCrypto
                0x00000000       0x3c ./emlib/em_crypto.o
 .text.CRYPTO_BurstFromCrypto
                0x00000000       0x40 ./emlib/em_crypto.o
 .text.CRYPTO_DataWrite
                0x00000000       0x18 ./emlib/em_crypto.o
 .text.CRYPTO_DataRead
                0x00000000       0x18 ./emlib/em_crypto.o
 .text.CRYPTO_DDataWrite
                0x00000000       0x24 ./emlib/em_crypto.o
 .text.CRYPTO_DDataRead
                0x00000000       0x24 ./emlib/em_crypto.o
 .text.CRYPTO_QDataWrite
                0x00000000       0x3c ./emlib/em_crypto.o
 .text.CRYPTO_KeyBufWrite
                0x00000000       0x50 ./emlib/em_crypto.o
 .text.CRYPTO_CarryIsSet
                0x00000000       0x28 ./emlib/em_crypto.o
 .text.CRYPTO_InstructionSequenceExecute
                0x00000000       0x1c ./emlib/em_crypto.o
 .text.CRYPTO_ModulusSet
                0x00000000       0x88 ./emlib/em_crypto.o
 .text.CRYPTO_KeyRead
                0x00000000       0x38 ./emlib/em_crypto.o
 .text.CRYPTO_SHA_1
                0x00000000      0x1f8 ./emlib/em_crypto.o
 .text.CRYPTO_SHA_256
                0x00000000      0x1c4 ./emlib/em_crypto.o
 .text.cryptoBigintZeroize
                0x00000000       0x2c ./emlib/em_crypto.o
 .text.cryptoBigintIncrement
                0x00000000       0x40 ./emlib/em_crypto.o
 .text.CRYPTO_Mul
                0x00000000      0x164 ./emlib/em_crypto.o
 .text.CRYPTO_AES_CBC128
                0x00000000       0x38 ./emlib/em_crypto.o
 .text.CRYPTO_AES_CBC256
                0x00000000       0x38 ./emlib/em_crypto.o
 .text.CRYPTO_AES_CFB128
                0x00000000       0x38 ./emlib/em_crypto.o
 .text.CRYPTO_AES_CFB256
                0x00000000       0x38 ./emlib/em_crypto.o
 .text.CRYPTO_AES_CTR128
                0x00000000       0x38 ./emlib/em_crypto.o
 .text.CRYPTO_AES_CTR256
                0x00000000       0x38 ./emlib/em_crypto.o
 .text.CRYPTO_AES_CTRUpdate32Bit
                0x00000000       0x30 ./emlib/em_crypto.o
 .text.CRYPTO_AES_DecryptKey128
                0x00000000       0x40 ./emlib/em_crypto.o
 .text.CRYPTO_AES_DecryptKey256
                0x00000000       0x64 ./emlib/em_crypto.o
 .text.CRYPTO_AES_ECB128
                0x00000000       0x34 ./emlib/em_crypto.o
 .text.CRYPTO_AES_ECB256
                0x00000000       0x34 ./emlib/em_crypto.o
 .text.CRYPTO_AES_OFB128
                0x00000000       0x34 ./emlib/em_crypto.o
 .text.CRYPTO_AES_OFB256
                0x00000000       0x34 ./emlib/em_crypto.o
 .text.CRYPTO_AES_CBCx
                0x00000000       0x98 ./emlib/em_crypto.o
 .text.CRYPTO_AES_CFBx
                0x00000000       0x98 ./emlib/em_crypto.o
 .text.CRYPTO_AES_CTRx
                0x00000000       0x78 ./emlib/em_crypto.o
 .text.CRYPTO_AES_ECBx
                0x00000000       0x5c ./emlib/em_crypto.o
 .text.CRYPTO_AES_OFBx
                0x00000000       0x60 ./emlib/em_crypto.o
 .text.CRYPTO_AES_ProcessLoop
                0x00000000       0x50 ./emlib/em_crypto.o
 .debug_info    0x00000000     0x166b ./emlib/em_crypto.o
 .debug_abbrev  0x00000000      0x256 ./emlib/em_crypto.o
 .debug_loc     0x00000000      0xc5c ./emlib/em_crypto.o
 .debug_aranges
                0x00000000      0x148 ./emlib/em_crypto.o
 .debug_ranges  0x00000000      0x138 ./emlib/em_crypto.o
 .debug_line    0x00000000      0x75b ./emlib/em_crypto.o
 .debug_str     0x00000000      0xa6a ./emlib/em_crypto.o
 .comment       0x00000000       0x71 ./emlib/em_crypto.o
 .debug_frame   0x00000000      0x5c8 ./emlib/em_crypto.o
 .ARM.attributes
                0x00000000       0x37 ./emlib/em_crypto.o
 .text          0x00000000        0x0 ./emlib/em_csen.o
 .data          0x00000000        0x0 ./emlib/em_csen.o
 .bss           0x00000000        0x0 ./emlib/em_csen.o
 .text.CSEN_DMBaselineSet
                0x00000000       0x24 ./emlib/em_csen.o
 .text.CSEN_Init
                0x00000000       0xbc ./emlib/em_csen.o
 .text.CSEN_InitMode
                0x00000000      0x11c ./emlib/em_csen.o
 .text.CSEN_Reset
                0x00000000       0x7c ./emlib/em_csen.o
 .debug_info    0x00000000      0xae3 ./emlib/em_csen.o
 .debug_abbrev  0x00000000      0x15a ./emlib/em_csen.o
 .debug_loc     0x00000000      0x170 ./emlib/em_csen.o
 .debug_aranges
                0x00000000       0x38 ./emlib/em_csen.o
 .debug_ranges  0x00000000       0x28 ./emlib/em_csen.o
 .debug_line    0x00000000      0x311 ./emlib/em_csen.o
 .debug_str     0x00000000     0x1281 ./emlib/em_csen.o
 .comment       0x00000000       0x71 ./emlib/em_csen.o
 .debug_frame   0x00000000       0xb0 ./emlib/em_csen.o
 .ARM.attributes
                0x00000000       0x37 ./emlib/em_csen.o
 .text          0x00000000        0x0 ./emlib/em_dac.o
 .data          0x00000000        0x0 ./emlib/em_dac.o
 .bss           0x00000000        0x0 ./emlib/em_dac.o
 .debug_info    0x00000000       0x94 ./emlib/em_dac.o
 .debug_abbrev  0x00000000       0x4b ./emlib/em_dac.o
 .debug_aranges
                0x00000000       0x18 ./emlib/em_dac.o
 .debug_line    0x00000000      0x178 ./emlib/em_dac.o
 .debug_str     0x00000000      0x1fe ./emlib/em_dac.o
 .comment       0x00000000       0x71 ./emlib/em_dac.o
 .ARM.attributes
                0x00000000       0x37 ./emlib/em_dac.o
 .text          0x00000000        0x0 ./emlib/em_dbg.o
 .data          0x00000000        0x0 ./emlib/em_dbg.o
 .bss           0x00000000        0x0 ./emlib/em_dbg.o
 .text.BUS_RegBitWrite
                0x00000000       0x2c ./emlib/em_dbg.o
 .text.GPIO_DbgSWOEnable
                0x00000000       0x20 ./emlib/em_dbg.o
 .text.DBG_SWOEnable
                0x00000000       0xa0 ./emlib/em_dbg.o
 .debug_info    0x00000000      0x4b6 ./emlib/em_dbg.o
 .debug_abbrev  0x00000000      0x163 ./emlib/em_dbg.o
 .debug_loc     0x00000000       0xfc ./emlib/em_dbg.o
 .debug_aranges
                0x00000000       0x30 ./emlib/em_dbg.o
 .debug_ranges  0x00000000       0x20 ./emlib/em_dbg.o
 .debug_line    0x00000000      0x360 ./emlib/em_dbg.o
 .debug_str     0x00000000      0x578 ./emlib/em_dbg.o
 .comment       0x00000000       0x71 ./emlib/em_dbg.o
 .debug_frame   0x00000000       0x80 ./emlib/em_dbg.o
 .ARM.attributes
                0x00000000       0x37 ./emlib/em_dbg.o
 .text          0x00000000        0x0 ./emlib/em_dma.o
 .data          0x00000000        0x0 ./emlib/em_dma.o
 .bss           0x00000000        0x0 ./emlib/em_dma.o
 .debug_info    0x00000000       0x94 ./emlib/em_dma.o
 .debug_abbrev  0x00000000       0x4b ./emlib/em_dma.o
 .debug_aranges
                0x00000000       0x18 ./emlib/em_dma.o
 .debug_line    0x00000000      0x178 ./emlib/em_dma.o
 .debug_str     0x00000000      0x1fe ./emlib/em_dma.o
 .comment       0x00000000       0x71 ./emlib/em_dma.o
 .ARM.attributes
                0x00000000       0x37 ./emlib/em_dma.o
 .text          0x00000000        0x0 ./emlib/em_ebi.o
 .data          0x00000000        0x0 ./emlib/em_ebi.o
 .bss           0x00000000        0x0 ./emlib/em_ebi.o
 .debug_info    0x00000000       0x94 ./emlib/em_ebi.o
 .debug_abbrev  0x00000000       0x4b ./emlib/em_ebi.o
 .debug_aranges
                0x00000000       0x18 ./emlib/em_ebi.o
 .debug_line    0x00000000      0x178 ./emlib/em_ebi.o
 .debug_str     0x00000000      0x1fe ./emlib/em_ebi.o
 .comment       0x00000000       0x71 ./emlib/em_ebi.o
 .ARM.attributes
                0x00000000       0x37 ./emlib/em_ebi.o
 .text          0x00000000        0x0 ./emlib/em_emu.o
 .data          0x00000000        0x0 ./emlib/em_emu.o
 .bss           0x00000000        0x0 ./emlib/em_emu.o
 .text.SystemCoreClockUpdate
                0x00000000        0xc ./emlib/em_emu.o
 .text.BUS_RegBitWrite
                0x00000000       0x2c ./emlib/em_emu.o
 .text.BUS_RegBitRead
                0x00000000       0x2c ./emlib/em_emu.o
 .text.EMU_VScaleWait
                0x00000000       0x1c ./emlib/em_emu.o
 .text.EMU_VScaleGet
                0x00000000       0x1c ./emlib/em_emu.o
 .text.EMU_IntClear
                0x00000000       0x1c ./emlib/em_emu.o
 .text.EMU_IntGet
                0x00000000       0x18 ./emlib/em_emu.o
 .text.EMU_Unlock
                0x00000000       0x18 ./emlib/em_emu.o
 .text.CMU_Lock
                0x00000000       0x18 ./emlib/em_emu.o
 .text.CMU_Unlock
                0x00000000       0x1c ./emlib/em_emu.o
 .bss.dcdcMaxCurrent_mA
                0x00000000        0x2 ./emlib/em_emu.o
 .bss.dcdcEm01LoadCurrent_mA
                0x00000000        0x2 ./emlib/em_emu.o
 .bss.dcdcReverseCurrentControl
                0x00000000        0x2 ./emlib/em_emu.o
 .bss.vScaleEM01Config
                0x00000000        0x1 ./emlib/em_emu.o
 .text.vScaleEM01Cmd
                0x00000000       0x24 ./emlib/em_emu.o
 .text.emState  0x00000000      0x104 ./emlib/em_emu.o
 .text.vScaleDownEM23Setup
                0x00000000       0x70 ./emlib/em_emu.o
 .text.EMU_EnterEM2
                0x00000000       0x44 ./emlib/em_emu.o
 .text.EMU_EnterEM3
                0x00000000       0x6c ./emlib/em_emu.o
 .text.EMU_Save
                0x00000000        0xc ./emlib/em_emu.o
 .text.EMU_Restore
                0x00000000        0xc ./emlib/em_emu.o
 .text.EMU_EnterEM4
                0x00000000       0x78 ./emlib/em_emu.o
 .text.EMU_EnterEM4H
                0x00000000       0x18 ./emlib/em_emu.o
 .text.EMU_EnterEM4S
                0x00000000       0x18 ./emlib/em_emu.o
 .text.EMU_MemPwrDown
                0x00000000       0x20 ./emlib/em_emu.o
 .text.EMU_RamPowerDown
                0x00000000      0x158 ./emlib/em_emu.o
 .text.EMU_PeripheralRetention
                0x00000000       0x28 ./emlib/em_emu.o
 .text.EMU_UpdateOscConfig
                0x00000000        0xc ./emlib/em_emu.o
 .text.EMU_VScaleEM01ByClock
                0x00000000       0x70 ./emlib/em_emu.o
 .text.EMU_VScaleEM01
                0x00000000       0x84 ./emlib/em_emu.o
 .text.EMU_EM01Init
                0x00000000       0x24 ./emlib/em_emu.o
 .text.EMU_EM23Init
                0x00000000       0x2c ./emlib/em_emu.o
 .text.EMU_EM4Init
                0x00000000       0x88 ./emlib/em_emu.o
 .text.dcdcConstCalibrationLoad
                0x00000000       0x10 ./emlib/em_emu.o
 .text.dcdcValidatedConfigSet
                0x00000000       0x40 ./emlib/em_emu.o
 .text.currentLimitersUpdate
                0x00000000       0xec ./emlib/em_emu.o
 .text.userCurrentLimitsSet
                0x00000000       0x2c ./emlib/em_emu.o
 .text.compCtrlSet
                0x00000000       0x3c ./emlib/em_emu.o
 .text.lpCmpHystCalibrationLoad
                0x00000000       0xd4 ./emlib/em_emu.o
 .text.lpGetDevinfoVrefLowHigh
                0x00000000      0x15c ./emlib/em_emu.o
 .text.EMU_DCDCModeSet
                0x00000000       0xf0 ./emlib/em_emu.o
 .text.EMU_DCDCConductionModeSet
                0x00000000       0xac ./emlib/em_emu.o
 .text.EMU_DCDCInit
                0x00000000      0x138 ./emlib/em_emu.o
 .text.EMU_DCDCOutputVoltageSet
                0x00000000      0x2cc ./emlib/em_emu.o
 .text.EMU_DCDCOptimizeSlice
                0x00000000       0xd8 ./emlib/em_emu.o
 .text.EMU_DCDCLnRcoBandSet
                0x00000000       0x54 ./emlib/em_emu.o
 .text.EMU_DCDCPowerOff
                0x00000000       0x4c ./emlib/em_emu.o
 .text.vmonCalibratedThreshold
                0x00000000      0x198 ./emlib/em_emu.o
 .text.EMU_VmonInit
                0x00000000      0x1b8 ./emlib/em_emu.o
 .text.EMU_VmonHystInit
                0x00000000      0x100 ./emlib/em_emu.o
 .text.EMU_VmonEnable
                0x00000000       0x7c ./emlib/em_emu.o
 .text.EMU_VmonChannelStatusGet
                0x00000000       0x64 ./emlib/em_emu.o
 .bss.cmuStatus.6237
                0x00000000        0x4 ./emlib/em_emu.o
 .bss.hfClock.6238
                0x00000000        0x1 ./emlib/em_emu.o
 .bss.vScaleStatus.6239
                0x00000000        0x1 ./emlib/em_emu.o
 .debug_info    0x00000000     0x23ab ./emlib/em_emu.o
 .debug_abbrev  0x00000000      0x306 ./emlib/em_emu.o
 .debug_loc     0x00000000      0xe66 ./emlib/em_emu.o
 .debug_aranges
                0x00000000      0x198 ./emlib/em_emu.o
 .debug_ranges  0x00000000      0x188 ./emlib/em_emu.o
 .debug_line    0x00000000      0xc38 ./emlib/em_emu.o
 .debug_str     0x00000000     0x1d82 ./emlib/em_emu.o
 .comment       0x00000000       0x71 ./emlib/em_emu.o
 .debug_frame   0x00000000      0x6d0 ./emlib/em_emu.o
 .ARM.attributes
                0x00000000       0x37 ./emlib/em_emu.o
 .text          0x00000000        0x0 ./emlib/em_gpcrc.o
 .data          0x00000000        0x0 ./emlib/em_gpcrc.o
 .bss           0x00000000        0x0 ./emlib/em_gpcrc.o
 .text.SL_RBIT  0x00000000       0x28 ./emlib/em_gpcrc.o
 .text.SL_RBIT16
                0x00000000       0x1c ./emlib/em_gpcrc.o
 .text.GPCRC_Init
                0x00000000       0x7c ./emlib/em_gpcrc.o
 .text.GPCRC_Reset
                0x00000000       0x24 ./emlib/em_gpcrc.o
 .debug_info    0x00000000      0x327 ./emlib/em_gpcrc.o
 .debug_abbrev  0x00000000      0x178 ./emlib/em_gpcrc.o
 .debug_loc     0x00000000      0x158 ./emlib/em_gpcrc.o
 .debug_aranges
                0x00000000       0x38 ./emlib/em_gpcrc.o
 .debug_ranges  0x00000000       0x28 ./emlib/em_gpcrc.o
 .debug_line    0x00000000      0x30e ./emlib/em_gpcrc.o
 .debug_str     0x00000000      0x333 ./emlib/em_gpcrc.o
 .comment       0x00000000       0x71 ./emlib/em_gpcrc.o
 .debug_frame   0x00000000       0xa8 ./emlib/em_gpcrc.o
 .ARM.attributes
                0x00000000       0x37 ./emlib/em_gpcrc.o
 .text          0x00000000        0x0 ./emlib/em_gpio.o
 .data          0x00000000        0x0 ./emlib/em_gpio.o
 .bss           0x00000000        0x0 ./emlib/em_gpio.o
 .text.BUS_RegBitWrite
                0x00000000       0x2c ./emlib/em_gpio.o
 .text.BUS_RegMaskedSet
                0x00000000       0x24 ./emlib/em_gpio.o
 .text.BUS_RegMaskedClear
                0x00000000       0x24 ./emlib/em_gpio.o
 .text.BUS_RegMaskedWrite
                0x00000000       0x24 ./emlib/em_gpio.o
 .text.GPIO_EM4SetPinRetention
                0x00000000       0x3c ./emlib/em_gpio.o
 .text.GPIO_IntClear
                0x00000000       0x20 ./emlib/em_gpio.o
 .text.GPIO_PinOutClear
                0x00000000       0x78 ./emlib/em_gpio.o
 .text.GPIO_PinOutSet
                0x00000000       0x78 ./emlib/em_gpio.o
 .text.GPIO_DbgLocationSet
                0x00000000       0x14 ./emlib/em_gpio.o
 .text.GPIO_DriveStrengthSet
                0x00000000       0x80 ./emlib/em_gpio.o
 .text.GPIO_ExtIntConfig
                0x00000000      0x144 ./emlib/em_gpio.o
 .text.GPIO_PinModeSet
                0x00000000      0x12c ./emlib/em_gpio.o
 .text.GPIO_PinModeGet
                0x00000000       0xac ./emlib/em_gpio.o
 .text.GPIO_EM4EnablePinWakeup
                0x00000000       0x58 ./emlib/em_gpio.o
 .debug_info    0x00000000      0xa43 ./emlib/em_gpio.o
 .debug_abbrev  0x00000000      0x1da ./emlib/em_gpio.o
 .debug_loc     0x00000000      0x4b4 ./emlib/em_gpio.o
 .debug_aranges
                0x00000000       0x88 ./emlib/em_gpio.o
 .debug_ranges  0x00000000       0x78 ./emlib/em_gpio.o
 .debug_line    0x00000000      0x56b ./emlib/em_gpio.o
 .debug_str     0x00000000      0x89a ./emlib/em_gpio.o
 .comment       0x00000000       0x71 ./emlib/em_gpio.o
 .debug_frame   0x00000000      0x228 ./emlib/em_gpio.o
 .ARM.attributes
                0x00000000       0x37 ./emlib/em_gpio.o
 .text          0x00000000        0x0 ./emlib/em_i2c.o
 .data          0x00000000        0x0 ./emlib/em_i2c.o
 .bss           0x00000000        0x0 ./emlib/em_i2c.o
 .text.BUS_RegBitWrite
                0x00000000       0x2c ./emlib/em_i2c.o
 .text.BUS_RegMaskedSet
                0x00000000       0x24 ./emlib/em_i2c.o
 .text.BUS_RegMaskedClear
                0x00000000       0x24 ./emlib/em_i2c.o
 .text.BUS_RegMaskedWrite
                0x00000000       0x24 ./emlib/em_i2c.o
 .rodata.i2cNSum
                0x00000000        0x4 ./emlib/em_i2c.o
 .bss.i2cTransfer
                0x00000000       0x18 ./emlib/em_i2c.o
 .text.I2C_BusFreqGet
                0x00000000       0x44 ./emlib/em_i2c.o
 .text.I2C_BusFreqSet
                0x00000000       0xf8 ./emlib/em_i2c.o
 .text.I2C_Enable
                0x00000000       0x3c ./emlib/em_i2c.o
 .text.I2C_Init
                0x00000000       0x78 ./emlib/em_i2c.o
 .text.I2C_Reset
                0x00000000       0x3c ./emlib/em_i2c.o
 .text.I2C_Transfer
                0x00000000      0x44c ./emlib/em_i2c.o
 .text.I2C_TransferInit
                0x00000000       0xe8 ./emlib/em_i2c.o
 .debug_info    0x00000000      0x954 ./emlib/em_i2c.o
 .debug_abbrev  0x00000000      0x259 ./emlib/em_i2c.o
 .debug_loc     0x00000000      0x3ac ./emlib/em_i2c.o
 .debug_aranges
                0x00000000       0x70 ./emlib/em_i2c.o
 .debug_ranges  0x00000000       0x60 ./emlib/em_i2c.o
 .debug_line    0x00000000      0x4a2 ./emlib/em_i2c.o
 .debug_str     0x00000000      0x8df ./emlib/em_i2c.o
 .comment       0x00000000       0x71 ./emlib/em_i2c.o
 .debug_frame   0x00000000      0x1b0 ./emlib/em_i2c.o
 .ARM.attributes
                0x00000000       0x37 ./emlib/em_i2c.o
 .text          0x00000000        0x0 ./emlib/em_idac.o
 .data          0x00000000        0x0 ./emlib/em_idac.o
 .bss           0x00000000        0x0 ./emlib/em_idac.o
 .text.BUS_RegBitWrite
                0x00000000       0x2c ./emlib/em_idac.o
 .text.IDAC_Init
                0x00000000       0x5c ./emlib/em_idac.o
 .text.IDAC_Enable
                0x00000000       0x20 ./emlib/em_idac.o
 .text.IDAC_Reset
                0x00000000       0x28 ./emlib/em_idac.o
 .text.IDAC_MinimalOutputTransitionMode
                0x00000000       0x20 ./emlib/em_idac.o
 .text.IDAC_RangeSet
                0x00000000      0x108 ./emlib/em_idac.o
 .text.IDAC_StepSet
                0x00000000       0x30 ./emlib/em_idac.o
 .text.IDAC_OutEnable
                0x00000000       0x20 ./emlib/em_idac.o
 .debug_info    0x00000000      0xb34 ./emlib/em_idac.o
 .debug_abbrev  0x00000000      0x19b ./emlib/em_idac.o
 .debug_loc     0x00000000      0x2bc ./emlib/em_idac.o
 .debug_aranges
                0x00000000       0x58 ./emlib/em_idac.o
 .debug_ranges  0x00000000       0x48 ./emlib/em_idac.o
 .debug_line    0x00000000      0x37b ./emlib/em_idac.o
 .debug_str     0x00000000      0xaa2 ./emlib/em_idac.o
 .comment       0x00000000       0x71 ./emlib/em_idac.o
 .debug_frame   0x00000000      0x144 ./emlib/em_idac.o
 .ARM.attributes
                0x00000000       0x37 ./emlib/em_idac.o
 .text          0x00000000        0x0 ./emlib/em_int.o
 .data          0x00000000        0x0 ./emlib/em_int.o
 .bss           0x00000000        0x0 ./emlib/em_int.o
 .bss.INT_LockCnt
                0x00000000        0x4 ./emlib/em_int.o
 .debug_info    0x00000000       0xbc ./emlib/em_int.o
 .debug_abbrev  0x00000000       0x5c ./emlib/em_int.o
 .debug_aranges
                0x00000000       0x18 ./emlib/em_int.o
 .debug_line    0x00000000      0x18d ./emlib/em_int.o
 .debug_str     0x00000000      0x21e ./emlib/em_int.o
 .comment       0x00000000       0x71 ./emlib/em_int.o
 .ARM.attributes
                0x00000000       0x37 ./emlib/em_int.o
 .text          0x00000000        0x0 ./emlib/em_lcd.o
 .data          0x00000000        0x0 ./emlib/em_lcd.o
 .bss           0x00000000        0x0 ./emlib/em_lcd.o
 .debug_info    0x00000000       0x94 ./emlib/em_lcd.o
 .debug_abbrev  0x00000000       0x4b ./emlib/em_lcd.o
 .debug_aranges
                0x00000000       0x18 ./emlib/em_lcd.o
 .debug_line    0x00000000      0x178 ./emlib/em_lcd.o
 .debug_str     0x00000000      0x1fe ./emlib/em_lcd.o
 .comment       0x00000000       0x71 ./emlib/em_lcd.o
 .ARM.attributes
                0x00000000       0x37 ./emlib/em_lcd.o
 .text          0x00000000        0x0 ./emlib/em_ldma.o
 .data          0x00000000        0x0 ./emlib/em_ldma.o
 .bss           0x00000000        0x0 ./emlib/em_ldma.o
 .text.NVIC_EnableIRQ
                0x00000000       0x30 ./emlib/em_ldma.o
 .text.NVIC_DisableIRQ
                0x00000000       0x34 ./emlib/em_ldma.o
 .text.NVIC_ClearPendingIRQ
                0x00000000       0x34 ./emlib/em_ldma.o
 .text.NVIC_SetPriority
                0x00000000       0x54 ./emlib/em_ldma.o
 .text.BUS_RegBitWrite
                0x00000000       0x2c ./emlib/em_ldma.o
 .text.BUS_RegMaskedClear
                0x00000000       0x24 ./emlib/em_ldma.o
 .text.LDMA_DeInit
                0x00000000       0x28 ./emlib/em_ldma.o
 .text.LDMA_EnableChannelRequest
                0x00000000       0x2c ./emlib/em_ldma.o
 .text.LDMA_Init
                0x00000000       0x70 ./emlib/em_ldma.o
 .text.LDMA_StartTransfer
                0x00000000      0x150 ./emlib/em_ldma.o
 .text.LDMA_StopTransfer
                0x00000000       0x44 ./emlib/em_ldma.o
 .text.LDMA_TransferDone
                0x00000000       0x50 ./emlib/em_ldma.o
 .text.LDMA_TransferRemainingCount
                0x00000000       0x80 ./emlib/em_ldma.o
 .debug_info    0x00000000     0x11ed ./emlib/em_ldma.o
 .debug_abbrev  0x00000000      0x264 ./emlib/em_ldma.o
 .debug_loc     0x00000000      0x434 ./emlib/em_ldma.o
 .debug_aranges
                0x00000000       0x80 ./emlib/em_ldma.o
 .debug_ranges  0x00000000       0x70 ./emlib/em_ldma.o
 .debug_line    0x00000000      0x43c ./emlib/em_ldma.o
 .debug_str     0x00000000      0xc4e ./emlib/em_ldma.o
 .comment       0x00000000       0x71 ./emlib/em_ldma.o
 .debug_frame   0x00000000      0x1f4 ./emlib/em_ldma.o
 .ARM.attributes
                0x00000000       0x37 ./emlib/em_ldma.o
 .text          0x00000000        0x0 ./emlib/em_lesense.o
 .data          0x00000000        0x0 ./emlib/em_lesense.o
 .bss           0x00000000        0x0 ./emlib/em_lesense.o
 .text.BUS_RegBitWrite
                0x00000000       0x2c ./emlib/em_lesense.o
 .text.LESENSE_Init
                0x00000000      0x170 ./emlib/em_lesense.o
 .text.LESENSE_ScanFreqSet
                0x00000000       0xbc ./emlib/em_lesense.o
 .text.LESENSE_ScanModeSet
                0x00000000       0x3c ./emlib/em_lesense.o
 .text.LESENSE_StartDelaySet
                0x00000000       0x34 ./emlib/em_lesense.o
 .text.LESENSE_ClkDivSet
                0x00000000       0x60 ./emlib/em_lesense.o
 .text.LESENSE_ChannelAllConfig
                0x00000000       0x38 ./emlib/em_lesense.o
 .text.LESENSE_ChannelConfig
                0x00000000      0x114 ./emlib/em_lesense.o
 .text.LESENSE_AltExConfig
                0x00000000       0xec ./emlib/em_lesense.o
 .text.LESENSE_ChannelEnable
                0x00000000       0x3c ./emlib/em_lesense.o
 .text.LESENSE_ChannelEnableMask
                0x00000000       0x2c ./emlib/em_lesense.o
 .text.LESENSE_ChannelTimingSet
                0x00000000       0x44 ./emlib/em_lesense.o
 .text.LESENSE_ChannelThresSet
                0x00000000       0x78 ./emlib/em_lesense.o
 .text.LESENSE_ChannelSlidingWindow
                0x00000000       0x40 ./emlib/em_lesense.o
 .text.LESENSE_ChannelStepDetection
                0x00000000       0x40 ./emlib/em_lesense.o
 .text.LESENSE_WindowSizeSet
                0x00000000       0x28 ./emlib/em_lesense.o
 .text.LESENSE_StepSizeSet
                0x00000000       0x14 ./emlib/em_lesense.o
 .text.LESENSE_DecoderStateAllConfig
                0x00000000       0x38 ./emlib/em_lesense.o
 .text.LESENSE_DecoderStateConfig
                0x00000000       0x7c ./emlib/em_lesense.o
 .text.LESENSE_DecoderStateSet
                0x00000000       0x20 ./emlib/em_lesense.o
 .text.LESENSE_DecoderStateGet
                0x00000000       0x1c ./emlib/em_lesense.o
 .text.LESENSE_DecoderPrsOut
                0x00000000       0x30 ./emlib/em_lesense.o
 .text.LESENSE_ScanStart
                0x00000000       0x34 ./emlib/em_lesense.o
 .text.LESENSE_ScanStop
                0x00000000       0x34 ./emlib/em_lesense.o
 .text.LESENSE_DecoderStart
                0x00000000       0x34 ./emlib/em_lesense.o
 .text.LESENSE_ResultBufferClear
                0x00000000       0x34 ./emlib/em_lesense.o
 .text.LESENSE_Reset
                0x00000000       0xf8 ./emlib/em_lesense.o
 .debug_info    0x00000000     0x1568 ./emlib/em_lesense.o
 .debug_abbrev  0x00000000      0x230 ./emlib/em_lesense.o
 .debug_loc     0x00000000      0x8b8 ./emlib/em_lesense.o
 .debug_aranges
                0x00000000       0xf0 ./emlib/em_lesense.o
 .debug_ranges  0x00000000       0xe0 ./emlib/em_lesense.o
 .debug_line    0x00000000      0x6e2 ./emlib/em_lesense.o
 .debug_str     0x00000000     0x1627 ./emlib/em_lesense.o
 .comment       0x00000000       0x71 ./emlib/em_lesense.o
 .debug_frame   0x00000000      0x3f8 ./emlib/em_lesense.o
 .ARM.attributes
                0x00000000       0x37 ./emlib/em_lesense.o
 .text          0x00000000        0x0 ./emlib/em_letimer.o
 .data          0x00000000        0x0 ./emlib/em_letimer.o
 .bss           0x00000000        0x0 ./emlib/em_letimer.o
 .text.LETIMER_CompareGet
                0x00000000       0x50 ./emlib/em_letimer.o
 .text.LETIMER_CompareSet
                0x00000000       0x58 ./emlib/em_letimer.o
 .text.LETIMER_Enable
                0x00000000       0x2c ./emlib/em_letimer.o
 .text.LETIMER_Init
                0x00000000       0xd0 ./emlib/em_letimer.o
 .text.LETIMER_RepeatGet
                0x00000000       0x50 ./emlib/em_letimer.o
 .text.LETIMER_RepeatSet
                0x00000000       0x58 ./emlib/em_letimer.o
 .text.LETIMER_Reset
                0x00000000       0x44 ./emlib/em_letimer.o
 .debug_info    0x00000000      0x507 ./emlib/em_letimer.o
 .debug_abbrev  0x00000000      0x189 ./emlib/em_letimer.o
 .debug_loc     0x00000000      0x284 ./emlib/em_letimer.o
 .debug_aranges
                0x00000000       0x50 ./emlib/em_letimer.o
 .debug_ranges  0x00000000       0x40 ./emlib/em_letimer.o
 .debug_line    0x00000000      0x386 ./emlib/em_letimer.o
 .debug_str     0x00000000      0x458 ./emlib/em_letimer.o
 .comment       0x00000000       0x71 ./emlib/em_letimer.o
 .debug_frame   0x00000000      0x128 ./emlib/em_letimer.o
 .ARM.attributes
                0x00000000       0x37 ./emlib/em_letimer.o
 .text          0x00000000        0x0 ./emlib/em_leuart.o
 .data          0x00000000        0x0 ./emlib/em_leuart.o
 .bss           0x00000000        0x0 ./emlib/em_leuart.o
 .text.LEUART_Sync
                0x00000000       0x30 ./emlib/em_leuart.o
 .text.LEUART_BaudrateCalc
                0x00000000       0x60 ./emlib/em_leuart.o
 .text.LEUART_BaudrateGet
                0x00000000       0x40 ./emlib/em_leuart.o
 .text.LEUART_BaudrateSet
                0x00000000       0x6c ./emlib/em_leuart.o
 .text.LEUART_Enable
                0x00000000       0x3c ./emlib/em_leuart.o
 .text.LEUART_FreezeEnable
                0x00000000       0x34 ./emlib/em_leuart.o
 .text.LEUART_Init
                0x00000000       0x68 ./emlib/em_leuart.o
 .text.LEUART_Reset
                0x00000000       0x5c ./emlib/em_leuart.o
 .text.LEUART_Rx
                0x00000000       0x28 ./emlib/em_leuart.o
 .text.LEUART_RxExt
                0x00000000       0x28 ./emlib/em_leuart.o
 .text.LEUART_Tx
                0x00000000       0x30 ./emlib/em_leuart.o
 .text.LEUART_TxExt
                0x00000000       0x30 ./emlib/em_leuart.o
 .text.LEUART_TxDmaInEM2Enable
                0x00000000       0x3c ./emlib/em_leuart.o
 .text.LEUART_RxDmaInEM2Enable
                0x00000000       0x3c ./emlib/em_leuart.o
 .debug_info    0x00000000      0x886 ./emlib/em_leuart.o
 .debug_abbrev  0x00000000      0x1e2 ./emlib/em_leuart.o
 .debug_loc     0x00000000      0x49c ./emlib/em_leuart.o
 .debug_aranges
                0x00000000       0x88 ./emlib/em_leuart.o
 .debug_ranges  0x00000000       0x78 ./emlib/em_leuart.o
 .debug_line    0x00000000      0x401 ./emlib/em_leuart.o
 .debug_str     0x00000000      0x821 ./emlib/em_leuart.o
 .comment       0x00000000       0x71 ./emlib/em_leuart.o
 .debug_frame   0x00000000      0x21c ./emlib/em_leuart.o
 .ARM.attributes
                0x00000000       0x37 ./emlib/em_leuart.o
 .text          0x00000000        0x0 ./emlib/em_mpu.o
 .data          0x00000000        0x0 ./emlib/em_mpu.o
 .bss           0x00000000        0x0 ./emlib/em_mpu.o
 .text.MPU_ConfigureRegion
                0x00000000       0x88 ./emlib/em_mpu.o
 .debug_info    0x00000000      0x36e ./emlib/em_mpu.o
 .debug_abbrev  0x00000000      0x103 ./emlib/em_mpu.o
 .debug_loc     0x00000000       0x5c ./emlib/em_mpu.o
 .debug_aranges
                0x00000000       0x20 ./emlib/em_mpu.o
 .debug_ranges  0x00000000       0x10 ./emlib/em_mpu.o
 .debug_line    0x00000000      0x218 ./emlib/em_mpu.o
 .debug_str     0x00000000      0x592 ./emlib/em_mpu.o
 .comment       0x00000000       0x71 ./emlib/em_mpu.o
 .debug_frame   0x00000000       0x38 ./emlib/em_mpu.o
 .ARM.attributes
                0x00000000       0x37 ./emlib/em_mpu.o
 .text          0x00000000        0x0 ./emlib/em_msc.o
 .data          0x00000000        0x0 ./emlib/em_msc.o
 .bss           0x00000000        0x0 ./emlib/em_msc.o
 .ram           0x00000000      0x420 ./emlib/em_msc.o
 .text.MSC_Init
                0x00000000       0x30 ./emlib/em_msc.o
 .text.MSC_Deinit
                0x00000000       0x24 ./emlib/em_msc.o
 .text.MSC_ExecConfigSet
                0x00000000       0x94 ./emlib/em_msc.o
 .debug_info    0x00000000      0x9f8 ./emlib/em_msc.o
 .debug_abbrev  0x00000000      0x1f8 ./emlib/em_msc.o
 .debug_loc     0x00000000      0x364 ./emlib/em_msc.o
 .debug_aranges
                0x00000000       0x70 ./emlib/em_msc.o
 .debug_ranges  0x00000000       0x60 ./emlib/em_msc.o
 .debug_line    0x00000000      0x4a4 ./emlib/em_msc.o
 .debug_str     0x00000000      0x6f3 ./emlib/em_msc.o
 .comment       0x00000000       0x71 ./emlib/em_msc.o
 .debug_frame   0x00000000      0x198 ./emlib/em_msc.o
 .ARM.attributes
                0x00000000       0x37 ./emlib/em_msc.o
 .text          0x00000000        0x0 ./emlib/em_opamp.o
 .data          0x00000000        0x0 ./emlib/em_opamp.o
 .bss           0x00000000        0x0 ./emlib/em_opamp.o
 .text.OPAMP_Disable
                0x00000000       0x74 ./emlib/em_opamp.o
 .text.OPAMP_Enable
                0x00000000      0x3d0 ./emlib/em_opamp.o
 .debug_info    0x00000000     0x1235 ./emlib/em_opamp.o
 .debug_abbrev  0x00000000      0x158 ./emlib/em_opamp.o
 .debug_loc     0x00000000       0xac ./emlib/em_opamp.o
 .debug_aranges
                0x00000000       0x28 ./emlib/em_opamp.o
 .debug_ranges  0x00000000       0x18 ./emlib/em_opamp.o
 .debug_line    0x00000000      0x525 ./emlib/em_opamp.o
 .debug_str     0x00000000     0x1b42 ./emlib/em_opamp.o
 .comment       0x00000000       0x71 ./emlib/em_opamp.o
 .debug_frame   0x00000000       0x60 ./emlib/em_opamp.o
 .ARM.attributes
                0x00000000       0x37 ./emlib/em_opamp.o
 .text          0x00000000        0x0 ./emlib/em_pcnt.o
 .data          0x00000000        0x0 ./emlib/em_pcnt.o
 .bss           0x00000000        0x0 ./emlib/em_pcnt.o
 .text.BUS_RegBitWrite
                0x00000000       0x2c ./emlib/em_pcnt.o
 .text.PCNT_Map
                0x00000000       0x20 ./emlib/em_pcnt.o
 .text.PCNT_Sync
                0x00000000       0x30 ./emlib/em_pcnt.o
 .text.PCNT_CounterReset
                0x00000000       0x4c ./emlib/em_pcnt.o
 .text.PCNT_CounterTopSet
                0x00000000       0xc0 ./emlib/em_pcnt.o
 .text.PCNT_Enable
                0x00000000       0x58 ./emlib/em_pcnt.o
 .text.PCNT_PRSInputEnable
                0x00000000       0x70 ./emlib/em_pcnt.o
 .text.PCNT_FreezeEnable
                0x00000000       0x5c ./emlib/em_pcnt.o
 .text.PCNT_Init
                0x00000000      0x1d8 ./emlib/em_pcnt.o
 .text.PCNT_Reset
                0x00000000       0x80 ./emlib/em_pcnt.o
 .text.PCNT_FilterConfiguration
                0x00000000       0x88 ./emlib/em_pcnt.o
 .text.PCNT_TCCConfiguration
                0x00000000       0xbc ./emlib/em_pcnt.o
 .text.PCNT_TopBufferSet
                0x00000000       0x44 ./emlib/em_pcnt.o
 .text.PCNT_TopSet
                0x00000000       0x54 ./emlib/em_pcnt.o
 .debug_info    0x00000000      0x8e6 ./emlib/em_pcnt.o
 .debug_abbrev  0x00000000      0x1dc ./emlib/em_pcnt.o
 .debug_loc     0x00000000      0x490 ./emlib/em_pcnt.o
 .debug_aranges
                0x00000000       0x88 ./emlib/em_pcnt.o
 .debug_ranges  0x00000000       0x78 ./emlib/em_pcnt.o
 .debug_line    0x00000000      0x4f2 ./emlib/em_pcnt.o
 .debug_str     0x00000000      0x70d ./emlib/em_pcnt.o
 .comment       0x00000000       0x71 ./emlib/em_pcnt.o
 .debug_frame   0x00000000      0x218 ./emlib/em_pcnt.o
 .ARM.attributes
                0x00000000       0x37 ./emlib/em_pcnt.o
 .text          0x00000000        0x0 ./emlib/em_prs.o
 .data          0x00000000        0x0 ./emlib/em_prs.o
 .bss           0x00000000        0x0 ./emlib/em_prs.o
 .text.PRS_SourceSignalSet
                0x00000000       0x38 ./emlib/em_prs.o
 .text.PRS_SourceAsyncSignalSet
                0x00000000       0x38 ./emlib/em_prs.o
 .debug_info    0x00000000      0x2d2 ./emlib/em_prs.o
 .debug_abbrev  0x00000000       0xe3 ./emlib/em_prs.o
 .debug_loc     0x00000000       0xb8 ./emlib/em_prs.o
 .debug_aranges
                0x00000000       0x28 ./emlib/em_prs.o
 .debug_ranges  0x00000000       0x18 ./emlib/em_prs.o
 .debug_line    0x00000000      0x2bf ./emlib/em_prs.o
 .debug_str     0x00000000      0x324 ./emlib/em_prs.o
 .comment       0x00000000       0x71 ./emlib/em_prs.o
 .debug_frame   0x00000000       0x60 ./emlib/em_prs.o
 .ARM.attributes
                0x00000000       0x37 ./emlib/em_prs.o
 .text          0x00000000        0x0 ./emlib/em_qspi.o
 .data          0x00000000        0x0 ./emlib/em_qspi.o
 .bss           0x00000000        0x0 ./emlib/em_qspi.o
 .debug_info    0x00000000       0x94 ./emlib/em_qspi.o
 .debug_abbrev  0x00000000       0x4b ./emlib/em_qspi.o
 .debug_aranges
                0x00000000       0x18 ./emlib/em_qspi.o
 .debug_line    0x00000000      0x178 ./emlib/em_qspi.o
 .debug_str     0x00000000      0x1ff ./emlib/em_qspi.o
 .comment       0x00000000       0x71 ./emlib/em_qspi.o
 .ARM.attributes
                0x00000000       0x37 ./emlib/em_qspi.o
 .text          0x00000000        0x0 ./emlib/em_rmu.o
 .data          0x00000000        0x0 ./emlib/em_rmu.o
 .bss           0x00000000        0x0 ./emlib/em_rmu.o
 .text.SL_CTZ   0x00000000       0x28 ./emlib/em_rmu.o
 .rodata.resetCauseMasks
                0x00000000       0x48 ./emlib/em_rmu.o
 .text.RMU_ResetControl
                0x00000000       0x40 ./emlib/em_rmu.o
 .text.RMU_ResetCauseClear
                0x00000000       0x18 ./emlib/em_rmu.o
 .text.RMU_ResetCauseGet
                0x00000000       0xb0 ./emlib/em_rmu.o
 .debug_info    0x00000000      0x31f ./emlib/em_rmu.o
 .debug_abbrev  0x00000000      0x1b5 ./emlib/em_rmu.o
 .debug_loc     0x00000000      0x14c ./emlib/em_rmu.o
 .debug_aranges
                0x00000000       0x38 ./emlib/em_rmu.o
 .debug_ranges  0x00000000       0x28 ./emlib/em_rmu.o
 .debug_line    0x00000000      0x31b ./emlib/em_rmu.o
 .debug_str     0x00000000      0x3c8 ./emlib/em_rmu.o
 .comment       0x00000000       0x71 ./emlib/em_rmu.o
 .debug_frame   0x00000000       0xa4 ./emlib/em_rmu.o
 .ARM.attributes
                0x00000000       0x37 ./emlib/em_rmu.o
 .text          0x00000000        0x0 ./emlib/em_rtc.o
 .data          0x00000000        0x0 ./emlib/em_rtc.o
 .bss           0x00000000        0x0 ./emlib/em_rtc.o
 .debug_info    0x00000000       0x94 ./emlib/em_rtc.o
 .debug_abbrev  0x00000000       0x4b ./emlib/em_rtc.o
 .debug_aranges
                0x00000000       0x18 ./emlib/em_rtc.o
 .debug_line    0x00000000      0x178 ./emlib/em_rtc.o
 .debug_str     0x00000000      0x1fe ./emlib/em_rtc.o
 .comment       0x00000000       0x71 ./emlib/em_rtc.o
 .ARM.attributes
                0x00000000       0x37 ./emlib/em_rtc.o
 .text          0x00000000        0x0 ./emlib/em_rtcc.o
 .data          0x00000000        0x0 ./emlib/em_rtcc.o
 .bss           0x00000000        0x0 ./emlib/em_rtcc.o
 .text.RTCC_Unlock
                0x00000000       0x68 ./emlib/em_rtcc.o
 .text.BUS_RegBitWrite
                0x00000000       0x2c ./emlib/em_rtcc.o
 .text.RTCC_ChannelInit
                0x00000000       0x5c ./emlib/em_rtcc.o
 .text.RTCC_Enable
                0x00000000       0x20 ./emlib/em_rtcc.o
 .text.RTCC_Init
                0x00000000       0x60 ./emlib/em_rtcc.o
 .text.RTCC_Reset
                0x00000000       0x94 ./emlib/em_rtcc.o
 .text.RTCC_StatusClear
                0x00000000       0x24 ./emlib/em_rtcc.o
 .debug_info    0x00000000      0xb7b ./emlib/em_rtcc.o
 .debug_abbrev  0x00000000      0x188 ./emlib/em_rtcc.o
 .debug_loc     0x00000000      0x254 ./emlib/em_rtcc.o
 .debug_aranges
                0x00000000       0x50 ./emlib/em_rtcc.o
 .debug_ranges  0x00000000       0x40 ./emlib/em_rtcc.o
 .debug_line    0x00000000      0x3ad ./emlib/em_rtcc.o
 .debug_str     0x00000000      0xabd ./emlib/em_rtcc.o
 .comment       0x00000000       0x71 ./emlib/em_rtcc.o
 .debug_frame   0x00000000      0x118 ./emlib/em_rtcc.o
 .ARM.attributes
                0x00000000       0x37 ./emlib/em_rtcc.o
 .text          0x00000000        0x0 ./emlib/em_system.o
 .data          0x00000000        0x0 ./emlib/em_system.o
 .bss           0x00000000        0x0 ./emlib/em_system.o
 .text.SYSTEM_ChipRevisionGet
                0x00000000       0x74 ./emlib/em_system.o
 .text.SYSTEM_GetCalibrationValue
                0x00000000       0x4c ./emlib/em_system.o
 .debug_info    0x00000000      0x276 ./emlib/em_system.o
 .debug_abbrev  0x00000000      0x109 ./emlib/em_system.o
 .debug_loc     0x00000000       0xb8 ./emlib/em_system.o
 .debug_aranges
                0x00000000       0x28 ./emlib/em_system.o
 .debug_ranges  0x00000000       0x18 ./emlib/em_system.o
 .debug_line    0x00000000      0x2bf ./emlib/em_system.o
 .debug_str     0x00000000      0x302 ./emlib/em_system.o
 .comment       0x00000000       0x71 ./emlib/em_system.o
 .debug_frame   0x00000000       0x60 ./emlib/em_system.o
 .ARM.attributes
                0x00000000       0x37 ./emlib/em_system.o
 .text          0x00000000        0x0 ./emlib/em_timer.o
 .data          0x00000000        0x0 ./emlib/em_timer.o
 .bss           0x00000000        0x0 ./emlib/em_timer.o
 .text.TIMER_Valid
                0x00000000       0x50 ./emlib/em_timer.o
 .text.TIMER_EnableDTI
                0x00000000       0x40 ./emlib/em_timer.o
 .text.TIMER_GetDTIFault
                0x00000000       0x1c ./emlib/em_timer.o
 .text.TIMER_ClearDTIFault
                0x00000000       0x1c ./emlib/em_timer.o
 .text.TIMER_Init
                0x00000000       0xdc ./emlib/em_timer.o
 .text.TIMER_InitCC
                0x00000000       0x9c ./emlib/em_timer.o
 .text.TIMER_InitDTI
                0x00000000      0x10c ./emlib/em_timer.o
 .text.TIMER_Reset
                0x00000000       0xb0 ./emlib/em_timer.o
 .debug_info    0x00000000      0x94f ./emlib/em_timer.o
 .debug_abbrev  0x00000000      0x174 ./emlib/em_timer.o
 .debug_loc     0x00000000      0x2b0 ./emlib/em_timer.o
 .debug_aranges
                0x00000000       0x58 ./emlib/em_timer.o
 .debug_ranges  0x00000000       0x48 ./emlib/em_timer.o
 .debug_line    0x00000000      0x579 ./emlib/em_timer.o
 .debug_str     0x00000000      0x9d8 ./emlib/em_timer.o
 .comment       0x00000000       0x71 ./emlib/em_timer.o
 .debug_frame   0x00000000      0x140 ./emlib/em_timer.o
 .ARM.attributes
                0x00000000       0x37 ./emlib/em_timer.o
 .text          0x00000000        0x0 ./emlib/em_usart.o
 .data          0x00000000        0x0 ./emlib/em_usart.o
 .bss           0x00000000        0x0 ./emlib/em_usart.o
 .text.USART_BaudrateAsyncSet
                0x00000000       0xb0 ./emlib/em_usart.o
 .text.USART_BaudrateCalc
                0x00000000      0x124 ./emlib/em_usart.o
 .text.USART_BaudrateGet
                0x00000000       0x50 ./emlib/em_usart.o
 .text.USART_BaudrateSyncSet
                0x00000000       0x40 ./emlib/em_usart.o
 .text.USART_Enable
                0x00000000       0x64 ./emlib/em_usart.o
 .text.USART_InitAsync
                0x00000000       0xf0 ./emlib/em_usart.o
 .text.USART_InitSync
                0x00000000      0x108 ./emlib/em_usart.o
 .text.USARTn_InitIrDA
                0x00000000       0xa0 ./emlib/em_usart.o
 .text.USART_InitI2s
                0x00000000       0x94 ./emlib/em_usart.o
 .text.USART_InitPrsTrigger
                0x00000000       0x64 ./emlib/em_usart.o
 .text.USART_Reset
                0x00000000       0xcc ./emlib/em_usart.o
 .text.USART_Rx
                0x00000000       0x28 ./emlib/em_usart.o
 .text.USART_RxDouble
                0x00000000       0x28 ./emlib/em_usart.o
 .text.USART_RxDoubleExt
                0x00000000       0x28 ./emlib/em_usart.o
 .text.USART_RxExt
                0x00000000       0x28 ./emlib/em_usart.o
 .text.USART_SpiTransfer
                0x00000000       0x40 ./emlib/em_usart.o
 .text.USART_Tx
                0x00000000       0x2c ./emlib/em_usart.o
 .text.USART_TxDouble
                0x00000000       0x2c ./emlib/em_usart.o
 .text.USART_TxDoubleExt
                0x00000000       0x28 ./emlib/em_usart.o
 .text.USART_TxExt
                0x00000000       0x2c ./emlib/em_usart.o
 .debug_info    0x00000000     0x100f ./emlib/em_usart.o
 .debug_abbrev  0x00000000      0x1d9 ./emlib/em_usart.o
 .debug_loc     0x00000000      0x6d2 ./emlib/em_usart.o
 .debug_aranges
                0x00000000       0xb8 ./emlib/em_usart.o
 .debug_ranges  0x00000000       0xa8 ./emlib/em_usart.o
 .debug_line    0x00000000      0x5f7 ./emlib/em_usart.o
 .debug_str     0x00000000      0xf7e ./emlib/em_usart.o
 .comment       0x00000000       0x71 ./emlib/em_usart.o
 .debug_frame   0x00000000      0x310 ./emlib/em_usart.o
 .ARM.attributes
                0x00000000       0x37 ./emlib/em_usart.o
 .text          0x00000000        0x0 ./emlib/em_vcmp.o
 .data          0x00000000        0x0 ./emlib/em_vcmp.o
 .bss           0x00000000        0x0 ./emlib/em_vcmp.o
 .debug_info    0x00000000       0x94 ./emlib/em_vcmp.o
 .debug_abbrev  0x00000000       0x4b ./emlib/em_vcmp.o
 .debug_aranges
                0x00000000       0x18 ./emlib/em_vcmp.o
 .debug_line    0x00000000      0x178 ./emlib/em_vcmp.o
 .debug_str     0x00000000      0x1ff ./emlib/em_vcmp.o
 .comment       0x00000000       0x71 ./emlib/em_vcmp.o
 .ARM.attributes
                0x00000000       0x37 ./emlib/em_vcmp.o
 .text          0x00000000        0x0 ./emlib/em_vdac.o
 .data          0x00000000        0x0 ./emlib/em_vdac.o
 .bss           0x00000000        0x0 ./emlib/em_vdac.o
 .text.VDAC_Channel0OutputSet
                0x00000000       0x1c ./emlib/em_vdac.o
 .text.VDAC_Channel1OutputSet
                0x00000000       0x1c ./emlib/em_vdac.o
 .text.VDAC_Enable
                0x00000000       0x64 ./emlib/em_vdac.o
 .text.VDAC_Init
                0x00000000      0x188 ./emlib/em_vdac.o
 .text.VDAC_InitChannel
                0x00000000       0xa8 ./emlib/em_vdac.o
 .text.VDAC_ChannelOutputSet
                0x00000000       0x34 ./emlib/em_vdac.o
 .text.VDAC_PrescaleCalc
                0x00000000       0x84 ./emlib/em_vdac.o
 .text.VDAC_Reset
                0x00000000       0x64 ./emlib/em_vdac.o
 .debug_info    0x00000000      0xdad ./emlib/em_vdac.o
 .debug_abbrev  0x00000000      0x1b9 ./emlib/em_vdac.o
 .debug_loc     0x00000000      0x2c8 ./emlib/em_vdac.o
 .debug_aranges
                0x00000000       0x58 ./emlib/em_vdac.o
 .debug_ranges  0x00000000       0x48 ./emlib/em_vdac.o
 .debug_line    0x00000000      0x421 ./emlib/em_vdac.o
 .debug_str     0x00000000      0xc56 ./emlib/em_vdac.o
 .comment       0x00000000       0x71 ./emlib/em_vdac.o
 .debug_frame   0x00000000      0x148 ./emlib/em_vdac.o
 .ARM.attributes
                0x00000000       0x37 ./emlib/em_vdac.o
 .text          0x00000000        0x0 ./emlib/em_wdog.o
 .data          0x00000000        0x0 ./emlib/em_wdog.o
 .bss           0x00000000        0x0 ./emlib/em_wdog.o
 .text.BUS_RegBitWrite
                0x00000000       0x2c ./emlib/em_wdog.o
 .text.BUS_RegBitRead
                0x00000000       0x2c ./emlib/em_wdog.o
 .text.WDOGn_Enable
                0x00000000       0x64 ./emlib/em_wdog.o
 .text.WDOGn_Feed
                0x00000000       0x44 ./emlib/em_wdog.o
 .text.WDOGn_Init
                0x00000000       0xd0 ./emlib/em_wdog.o
 .text.WDOGn_Lock
                0x00000000       0x28 ./emlib/em_wdog.o
 .debug_info    0x00000000      0x4e5 ./emlib/em_wdog.o
 .debug_abbrev  0x00000000      0x147 ./emlib/em_wdog.o
 .debug_loc     0x00000000      0x210 ./emlib/em_wdog.o
 .debug_aranges
                0x00000000       0x48 ./emlib/em_wdog.o
 .debug_ranges  0x00000000       0x38 ./emlib/em_wdog.o
 .debug_line    0x00000000      0x364 ./emlib/em_wdog.o
 .debug_str     0x00000000      0x5cf ./emlib/em_wdog.o
 .comment       0x00000000       0x71 ./emlib/em_wdog.o
 .debug_frame   0x00000000       0xf8 ./emlib/em_wdog.o
 .ARM.attributes
                0x00000000       0x37 ./emlib/em_wdog.o
 .text          0x00000000        0x0 ./src/main.o
 .data          0x00000000        0x0 ./src/main.o
 .bss           0x00000000        0x0 ./src/main.o
 .text          0x00000000       0x30 c:/siliconlabs/simplicitystudio/v4/developer/toolchains/gnu_arm/4.9_2015q3/bin/../lib/gcc/arm-none-eabi/4.9.3/armv7e-m/softfp\libgcc.a(_aeabi_uldivmod.o)
 .data          0x00000000        0x0 c:/siliconlabs/simplicitystudio/v4/developer/toolchains/gnu_arm/4.9_2015q3/bin/../lib/gcc/arm-none-eabi/4.9.3/armv7e-m/softfp\libgcc.a(_aeabi_uldivmod.o)
 .bss           0x00000000        0x0 c:/siliconlabs/simplicitystudio/v4/developer/toolchains/gnu_arm/4.9_2015q3/bin/../lib/gcc/arm-none-eabi/4.9.3/armv7e-m/softfp\libgcc.a(_aeabi_uldivmod.o)
 .debug_frame   0x00000000       0x28 c:/siliconlabs/simplicitystudio/v4/developer/toolchains/gnu_arm/4.9_2015q3/bin/../lib/gcc/arm-none-eabi/4.9.3/armv7e-m/softfp\libgcc.a(_aeabi_uldivmod.o)
 .ARM.attributes
                0x00000000       0x22 c:/siliconlabs/simplicitystudio/v4/developer/toolchains/gnu_arm/4.9_2015q3/bin/../lib/gcc/arm-none-eabi/4.9.3/armv7e-m/softfp\libgcc.a(_aeabi_uldivmod.o)
 .text          0x00000000       0x60 c:/siliconlabs/simplicitystudio/v4/developer/toolchains/gnu_arm/4.9_2015q3/bin/../lib/gcc/arm-none-eabi/4.9.3/armv7e-m/softfp\libgcc.a(bpabi.o)
 .data          0x00000000        0x0 c:/siliconlabs/simplicitystudio/v4/developer/toolchains/gnu_arm/4.9_2015q3/bin/../lib/gcc/arm-none-eabi/4.9.3/armv7e-m/softfp\libgcc.a(bpabi.o)
 .bss           0x00000000        0x0 c:/siliconlabs/simplicitystudio/v4/developer/toolchains/gnu_arm/4.9_2015q3/bin/../lib/gcc/arm-none-eabi/4.9.3/armv7e-m/softfp\libgcc.a(bpabi.o)
 .debug_frame   0x00000000       0x50 c:/siliconlabs/simplicitystudio/v4/developer/toolchains/gnu_arm/4.9_2015q3/bin/../lib/gcc/arm-none-eabi/4.9.3/armv7e-m/softfp\libgcc.a(bpabi.o)
 .ARM.attributes
                0x00000000       0x32 c:/siliconlabs/simplicitystudio/v4/developer/toolchains/gnu_arm/4.9_2015q3/bin/../lib/gcc/arm-none-eabi/4.9.3/armv7e-m/softfp\libgcc.a(bpabi.o)
 .text          0x00000000        0x4 c:/siliconlabs/simplicitystudio/v4/developer/toolchains/gnu_arm/4.9_2015q3/bin/../lib/gcc/arm-none-eabi/4.9.3/armv7e-m/softfp\libgcc.a(_dvmd_tls.o)
 .data          0x00000000        0x0 c:/siliconlabs/simplicitystudio/v4/developer/toolchains/gnu_arm/4.9_2015q3/bin/../lib/gcc/arm-none-eabi/4.9.3/armv7e-m/softfp\libgcc.a(_dvmd_tls.o)
 .bss           0x00000000        0x0 c:/siliconlabs/simplicitystudio/v4/developer/toolchains/gnu_arm/4.9_2015q3/bin/../lib/gcc/arm-none-eabi/4.9.3/armv7e-m/softfp\libgcc.a(_dvmd_tls.o)
 .ARM.attributes
                0x00000000       0x22 c:/siliconlabs/simplicitystudio/v4/developer/toolchains/gnu_arm/4.9_2015q3/bin/../lib/gcc/arm-none-eabi/4.9.3/armv7e-m/softfp\libgcc.a(_dvmd_tls.o)
 .text          0x00000000      0x29c c:/siliconlabs/simplicitystudio/v4/developer/toolchains/gnu_arm/4.9_2015q3/bin/../lib/gcc/arm-none-eabi/4.9.3/armv7e-m/softfp\libgcc.a(_divdi3.o)
 .data          0x00000000        0x0 c:/siliconlabs/simplicitystudio/v4/developer/toolchains/gnu_arm/4.9_2015q3/bin/../lib/gcc/arm-none-eabi/4.9.3/armv7e-m/softfp\libgcc.a(_divdi3.o)
 .bss           0x00000000        0x0 c:/siliconlabs/simplicitystudio/v4/developer/toolchains/gnu_arm/4.9_2015q3/bin/../lib/gcc/arm-none-eabi/4.9.3/armv7e-m/softfp\libgcc.a(_divdi3.o)
 .ARM.extab     0x00000000        0x0 c:/siliconlabs/simplicitystudio/v4/developer/toolchains/gnu_arm/4.9_2015q3/bin/../lib/gcc/arm-none-eabi/4.9.3/armv7e-m/softfp\libgcc.a(_divdi3.o)
 .ARM.exidx     0x00000000        0x8 c:/siliconlabs/simplicitystudio/v4/developer/toolchains/gnu_arm/4.9_2015q3/bin/../lib/gcc/arm-none-eabi/4.9.3/armv7e-m/softfp\libgcc.a(_divdi3.o)
 .debug_frame   0x00000000       0x34 c:/siliconlabs/simplicitystudio/v4/developer/toolchains/gnu_arm/4.9_2015q3/bin/../lib/gcc/arm-none-eabi/4.9.3/armv7e-m/softfp\libgcc.a(_divdi3.o)
 .ARM.attributes
                0x00000000       0x32 c:/siliconlabs/simplicitystudio/v4/developer/toolchains/gnu_arm/4.9_2015q3/bin/../lib/gcc/arm-none-eabi/4.9.3/armv7e-m/softfp\libgcc.a(_divdi3.o)
 .text          0x00000000      0x26c c:/siliconlabs/simplicitystudio/v4/developer/toolchains/gnu_arm/4.9_2015q3/bin/../lib/gcc/arm-none-eabi/4.9.3/armv7e-m/softfp\libgcc.a(_udivdi3.o)
 .data          0x00000000        0x0 c:/siliconlabs/simplicitystudio/v4/developer/toolchains/gnu_arm/4.9_2015q3/bin/../lib/gcc/arm-none-eabi/4.9.3/armv7e-m/softfp\libgcc.a(_udivdi3.o)
 .bss           0x00000000        0x0 c:/siliconlabs/simplicitystudio/v4/developer/toolchains/gnu_arm/4.9_2015q3/bin/../lib/gcc/arm-none-eabi/4.9.3/armv7e-m/softfp\libgcc.a(_udivdi3.o)
 .ARM.extab     0x00000000        0x0 c:/siliconlabs/simplicitystudio/v4/developer/toolchains/gnu_arm/4.9_2015q3/bin/../lib/gcc/arm-none-eabi/4.9.3/armv7e-m/softfp\libgcc.a(_udivdi3.o)
 .ARM.exidx     0x00000000        0x8 c:/siliconlabs/simplicitystudio/v4/developer/toolchains/gnu_arm/4.9_2015q3/bin/../lib/gcc/arm-none-eabi/4.9.3/armv7e-m/softfp\libgcc.a(_udivdi3.o)
 .debug_frame   0x00000000       0x30 c:/siliconlabs/simplicitystudio/v4/developer/toolchains/gnu_arm/4.9_2015q3/bin/../lib/gcc/arm-none-eabi/4.9.3/armv7e-m/softfp\libgcc.a(_udivdi3.o)
 .ARM.attributes
                0x00000000       0x32 c:/siliconlabs/simplicitystudio/v4/developer/toolchains/gnu_arm/4.9_2015q3/bin/../lib/gcc/arm-none-eabi/4.9.3/armv7e-m/softfp\libgcc.a(_udivdi3.o)
 .text          0x00000000        0x0 c:/siliconlabs/simplicitystudio/v4/developer/toolchains/gnu_arm/4.9_2015q3/bin/../lib/gcc/arm-none-eabi/4.9.3/../../../../arm-none-eabi/lib/armv7e-m/softfp\libc_nano.a(lib_a-exit.o)
 .data          0x00000000        0x0 c:/siliconlabs/simplicitystudio/v4/developer/toolchains/gnu_arm/4.9_2015q3/bin/../lib/gcc/arm-none-eabi/4.9.3/../../../../arm-none-eabi/lib/armv7e-m/softfp\libc_nano.a(lib_a-exit.o)
 .bss           0x00000000        0x0 c:/siliconlabs/simplicitystudio/v4/developer/toolchains/gnu_arm/4.9_2015q3/bin/../lib/gcc/arm-none-eabi/4.9.3/../../../../arm-none-eabi/lib/armv7e-m/softfp\libc_nano.a(lib_a-exit.o)
 .text          0x00000000        0x0 c:/siliconlabs/simplicitystudio/v4/developer/toolchains/gnu_arm/4.9_2015q3/bin/../lib/gcc/arm-none-eabi/4.9.3/../../../../arm-none-eabi/lib/armv7e-m/softfp\libc_nano.a(lib_a-impure.o)
 .data          0x00000000        0x0 c:/siliconlabs/simplicitystudio/v4/developer/toolchains/gnu_arm/4.9_2015q3/bin/../lib/gcc/arm-none-eabi/4.9.3/../../../../arm-none-eabi/lib/armv7e-m/softfp\libc_nano.a(lib_a-impure.o)
 .bss           0x00000000        0x0 c:/siliconlabs/simplicitystudio/v4/developer/toolchains/gnu_arm/4.9_2015q3/bin/../lib/gcc/arm-none-eabi/4.9.3/../../../../arm-none-eabi/lib/armv7e-m/softfp\libc_nano.a(lib_a-impure.o)
 .data._impure_ptr
                0x00000000        0x4 c:/siliconlabs/simplicitystudio/v4/developer/toolchains/gnu_arm/4.9_2015q3/bin/../lib/gcc/arm-none-eabi/4.9.3/../../../../arm-none-eabi/lib/armv7e-m/softfp\libc_nano.a(lib_a-impure.o)
 .text          0x00000000        0x0 c:/siliconlabs/simplicitystudio/v4/developer/toolchains/gnu_arm/4.9_2015q3/bin/../lib/gcc/arm-none-eabi/4.9.3/../../../../arm-none-eabi/lib/armv7e-m/softfp\libc_nano.a(lib_a-init.o)
 .data          0x00000000        0x0 c:/siliconlabs/simplicitystudio/v4/developer/toolchains/gnu_arm/4.9_2015q3/bin/../lib/gcc/arm-none-eabi/4.9.3/../../../../arm-none-eabi/lib/armv7e-m/softfp\libc_nano.a(lib_a-init.o)
 .bss           0x00000000        0x0 c:/siliconlabs/simplicitystudio/v4/developer/toolchains/gnu_arm/4.9_2015q3/bin/../lib/gcc/arm-none-eabi/4.9.3/../../../../arm-none-eabi/lib/armv7e-m/softfp\libc_nano.a(lib_a-init.o)
 .text          0x00000000        0x0 c:/siliconlabs/simplicitystudio/v4/developer/toolchains/gnu_arm/4.9_2015q3/bin/../lib/gcc/arm-none-eabi/4.9.3/../../../../arm-none-eabi/lib/armv7e-m/softfp\libc_nano.a(lib_a-memset.o)
 .data          0x00000000        0x0 c:/siliconlabs/simplicitystudio/v4/developer/toolchains/gnu_arm/4.9_2015q3/bin/../lib/gcc/arm-none-eabi/4.9.3/../../../../arm-none-eabi/lib/armv7e-m/softfp\libc_nano.a(lib_a-memset.o)
 .bss           0x00000000        0x0 c:/siliconlabs/simplicitystudio/v4/developer/toolchains/gnu_arm/4.9_2015q3/bin/../lib/gcc/arm-none-eabi/4.9.3/../../../../arm-none-eabi/lib/armv7e-m/softfp\libc_nano.a(lib_a-memset.o)
 .text          0x00000000        0x0 c:/siliconlabs/simplicitystudio/v4/developer/toolchains/gnu_arm/4.9_2015q3/bin/../lib/gcc/arm-none-eabi/4.9.3/../../../../arm-none-eabi/lib/armv7e-m/softfp\libnosys.a(_exit.o)
 .data          0x00000000        0x0 c:/siliconlabs/simplicitystudio/v4/developer/toolchains/gnu_arm/4.9_2015q3/bin/../lib/gcc/arm-none-eabi/4.9.3/../../../../arm-none-eabi/lib/armv7e-m/softfp\libnosys.a(_exit.o)
 .bss           0x00000000        0x0 c:/siliconlabs/simplicitystudio/v4/developer/toolchains/gnu_arm/4.9_2015q3/bin/../lib/gcc/arm-none-eabi/4.9.3/../../../../arm-none-eabi/lib/armv7e-m/softfp\libnosys.a(_exit.o)
 .text          0x00000000        0x0 c:/siliconlabs/simplicitystudio/v4/developer/toolchains/gnu_arm/4.9_2015q3/bin/../lib/gcc/arm-none-eabi/4.9.3/armv7e-m/softfp/crtend.o
 .data          0x00000000        0x0 c:/siliconlabs/simplicitystudio/v4/developer/toolchains/gnu_arm/4.9_2015q3/bin/../lib/gcc/arm-none-eabi/4.9.3/armv7e-m/softfp/crtend.o
 .bss           0x00000000        0x0 c:/siliconlabs/simplicitystudio/v4/developer/toolchains/gnu_arm/4.9_2015q3/bin/../lib/gcc/arm-none-eabi/4.9.3/armv7e-m/softfp/crtend.o
 .text          0x00000000        0x0 c:/siliconlabs/simplicitystudio/v4/developer/toolchains/gnu_arm/4.9_2015q3/bin/../lib/gcc/arm-none-eabi/4.9.3/armv7e-m/softfp/crtn.o
 .data          0x00000000        0x0 c:/siliconlabs/simplicitystudio/v4/developer/toolchains/gnu_arm/4.9_2015q3/bin/../lib/gcc/arm-none-eabi/4.9.3/armv7e-m/softfp/crtn.o
 .bss           0x00000000        0x0 c:/siliconlabs/simplicitystudio/v4/developer/toolchains/gnu_arm/4.9_2015q3/bin/../lib/gcc/arm-none-eabi/4.9.3/armv7e-m/softfp/crtn.o

Memory Configuration

Name             Origin             Length             Attributes
FLASH            0x00000000         0x00100000         xr
RAM              0x20000000         0x00040000         xrw
*default*        0x00000000         0xffffffff

Linker script and memory map

LOAD c:/siliconlabs/simplicitystudio/v4/developer/toolchains/gnu_arm/4.9_2015q3/bin/../lib/gcc/arm-none-eabi/4.9.3/armv7e-m/softfp/crti.o
LOAD c:/siliconlabs/simplicitystudio/v4/developer/toolchains/gnu_arm/4.9_2015q3/bin/../lib/gcc/arm-none-eabi/4.9.3/armv7e-m/softfp/crtbegin.o
LOAD c:/siliconlabs/simplicitystudio/v4/developer/toolchains/gnu_arm/4.9_2015q3/bin/../lib/gcc/arm-none-eabi/4.9.3/../../../../arm-none-eabi/lib/armv7e-m/softfp/crt0.o
LOAD ./CMSIS/EFM32PG12B/startup_gcc_efm32pg12b.o
LOAD ./CMSIS/EFM32PG12B/system_efm32pg12b.o
LOAD ./emlib/em_acmp.o
LOAD ./emlib/em_adc.o
LOAD ./emlib/em_aes.o
LOAD ./emlib/em_assert.o
LOAD ./emlib/em_burtc.o
LOAD ./emlib/em_can.o
LOAD ./emlib/em_cmu.o
LOAD ./emlib/em_core.o
LOAD ./emlib/em_cryotimer.o
LOAD ./emlib/em_crypto.o
LOAD ./emlib/em_csen.o
LOAD ./emlib/em_dac.o
LOAD ./emlib/em_dbg.o
LOAD ./emlib/em_dma.o
LOAD ./emlib/em_ebi.o
LOAD ./emlib/em_emu.o
LOAD ./emlib/em_gpcrc.o
LOAD ./emlib/em_gpio.o
LOAD ./emlib/em_i2c.o
LOAD ./emlib/em_idac.o
LOAD ./emlib/em_int.o
LOAD ./emlib/em_lcd.o
LOAD ./emlib/em_ldma.o
LOAD ./emlib/em_lesense.o
LOAD ./emlib/em_letimer.o
LOAD ./emlib/em_leuart.o
LOAD ./emlib/em_mpu.o
LOAD ./emlib/em_msc.o
LOAD ./emlib/em_opamp.o
LOAD ./emlib/em_pcnt.o
LOAD ./emlib/em_prs.o
LOAD ./emlib/em_qspi.o
LOAD ./emlib/em_rmu.o
LOAD ./emlib/em_rtc.o
LOAD ./emlib/em_rtcc.o
LOAD ./emlib/em_system.o
LOAD ./emlib/em_timer.o
LOAD ./emlib/em_usart.o
LOAD ./emlib/em_vcmp.o
LOAD ./emlib/em_vdac.o
LOAD ./emlib/em_wdog.o
LOAD ./src/main.o
START GROUP
LOAD c:/siliconlabs/simplicitystudio/v4/developer/toolchains/gnu_arm/4.9_2015q3/bin/../lib/gcc/arm-none-eabi/4.9.3/armv7e-m/softfp\libgcc.a
LOAD c:/siliconlabs/simplicitystudio/v4/developer/toolchains/gnu_arm/4.9_2015q3/bin/../lib/gcc/arm-none-eabi/4.9.3/../../../../arm-none-eabi/lib/armv7e-m/softfp\libc_nano.a
LOAD c:/siliconlabs/simplicitystudio/v4/developer/toolchains/gnu_arm/4.9_2015q3/bin/../lib/gcc/arm-none-eabi/4.9.3/../../../../arm-none-eabi/lib/armv7e-m/softfp\libnosys.a
END GROUP
START GROUP
LOAD c:/siliconlabs/simplicitystudio/v4/developer/toolchains/gnu_arm/4.9_2015q3/bin/../lib/gcc/arm-none-eabi/4.9.3/armv7e-m/softfp\libgcc.a
LOAD c:/siliconlabs/simplicitystudio/v4/developer/toolchains/gnu_arm/4.9_2015q3/bin/../lib/gcc/arm-none-eabi/4.9.3/../../../../arm-none-eabi/lib/armv7e-m/softfp\libg_nano.a
LOAD c:/siliconlabs/simplicitystudio/v4/developer/toolchains/gnu_arm/4.9_2015q3/bin/../lib/gcc/arm-none-eabi/4.9.3/../../../../arm-none-eabi/lib/armv7e-m/softfp\libc_nano.a
END GROUP
START GROUP
LOAD c:/siliconlabs/simplicitystudio/v4/developer/toolchains/gnu_arm/4.9_2015q3/bin/../lib/gcc/arm-none-eabi/4.9.3/armv7e-m/softfp\libgcc.a
LOAD c:/siliconlabs/simplicitystudio/v4/developer/toolchains/gnu_arm/4.9_2015q3/bin/../lib/gcc/arm-none-eabi/4.9.3/../../../../arm-none-eabi/lib/armv7e-m/softfp\libc_nano.a
END GROUP
LOAD c:/siliconlabs/simplicitystudio/v4/developer/toolchains/gnu_arm/4.9_2015q3/bin/../lib/gcc/arm-none-eabi/4.9.3/armv7e-m/softfp/crtend.o
LOAD c:/siliconlabs/simplicitystudio/v4/developer/toolchains/gnu_arm/4.9_2015q3/bin/../lib/gcc/arm-none-eabi/4.9.3/armv7e-m/softfp/crtn.o

.text           0x00000000      0x368
 *(.vectors)
 .vectors       0x00000000      0x10c ./CMSIS/EFM32PG12B/startup_gcc_efm32pg12b.o
                0x00000000                __Vectors
                0x0000010c                __Vectors_End = .
                0x0000010c                __Vectors_Size = (__Vectors_End - __Vectors)
                0x0000010c                __end__ = .
 *(.text*)
 .text          0x0000010c       0x5c c:/siliconlabs/simplicitystudio/v4/developer/toolchains/gnu_arm/4.9_2015q3/bin/../lib/gcc/arm-none-eabi/4.9.3/armv7e-m/softfp/crtbegin.o
 .text          0x00000168       0x74 c:/siliconlabs/simplicitystudio/v4/developer/toolchains/gnu_arm/4.9_2015q3/bin/../lib/gcc/arm-none-eabi/4.9.3/../../../../arm-none-eabi/lib/armv7e-m/softfp/crt0.o
                0x00000168                _start
                0x00000168                _mainCRTStartup
 .text          0x000001dc       0x30 ./CMSIS/EFM32PG12B/startup_gcc_efm32pg12b.o
                0x000001dc                Reset_Handler
                0x00000208                USART0_TX_IRQHandler
                0x00000208                I2C0_IRQHandler
                0x00000208                HardFault_Handler
                0x00000208                SysTick_Handler
                0x00000208                USART1_RX_IRQHandler
                0x00000208                PendSV_Handler
                0x00000208                NMI_Handler
                0x00000208                I2C1_IRQHandler
                0x00000208                WTIMER0_IRQHandler
                0x00000208                CRYPTO0_IRQHandler
                0x00000208                WDOG0_IRQHandler
                0x00000208                USART1_TX_IRQHandler
                0x00000208                SMU_IRQHandler
                0x00000208                MSC_IRQHandler
                0x00000208                ADC0_IRQHandler
                0x00000208                UsageFault_Handler
                0x00000208                WDOG1_IRQHandler
                0x00000208                LEUART0_IRQHandler
                0x00000208                FPUEH_IRQHandler
                0x00000208                WTIMER1_IRQHandler
                0x00000208                GPIO_EVEN_IRQHandler
                0x00000208                VDAC0_IRQHandler
                0x00000208                LDMA_IRQHandler
                0x00000208                CSEN_IRQHandler
                0x00000208                CRYPTO1_IRQHandler
                0x00000208                TIMER0_IRQHandler
                0x00000208                DebugMon_Handler
                0x00000208                PCNT2_IRQHandler
                0x00000208                LETIMER0_IRQHandler
                0x00000208                TIMER1_IRQHandler
                0x00000208                TRNG0_IRQHandler
                0x00000208                USART2_RX_IRQHandler
                0x00000208                Default_Handler
                0x00000208                EMU_IRQHandler
                0x00000208                CRYOTIMER_IRQHandler
                0x00000208                PCNT0_IRQHandler
                0x00000208                PCNT1_IRQHandler
                0x00000208                ACMP0_IRQHandler
                0x00000208                USART0_RX_IRQHandler
                0x00000208                MemManage_Handler
                0x00000208                SVC_Handler
                0x00000208                USART3_RX_IRQHandler
                0x00000208                RTCC_IRQHandler
                0x00000208                CMU_IRQHandler
                0x00000208                LESENSE_IRQHandler
                0x00000208                GPIO_ODD_IRQHandler
                0x00000208                USART3_TX_IRQHandler
                0x00000208                BusFault_Handler
                0x00000208                USART2_TX_IRQHandler
                0x00000208                IDAC0_IRQHandler
 .text.SystemInit
                0x0000020c       0x20 ./CMSIS/EFM32PG12B/system_efm32pg12b.o
                0x0000020c                SystemInit
 .text.SYSTEM_GetProdRev
                0x0000022c       0x1c ./src/main.o
 .text.CHIP_Init
                0x00000248       0x68 ./src/main.o
 .text.main     0x000002b0        0xc ./src/main.o
                0x000002b0                main
 .text.exit     0x000002bc       0x28 c:/siliconlabs/simplicitystudio/v4/developer/toolchains/gnu_arm/4.9_2015q3/bin/../lib/gcc/arm-none-eabi/4.9.3/../../../../arm-none-eabi/lib/armv7e-m/softfp\libc_nano.a(lib_a-exit.o)
                0x000002bc                exit
 .text.__libc_init_array
                0x000002e4       0x4c c:/siliconlabs/simplicitystudio/v4/developer/toolchains/gnu_arm/4.9_2015q3/bin/../lib/gcc/arm-none-eabi/4.9.3/../../../../arm-none-eabi/lib/armv7e-m/softfp\libc_nano.a(lib_a-init.o)
                0x000002e4                __libc_init_array
 .text.memset   0x00000330       0x10 c:/siliconlabs/simplicitystudio/v4/developer/toolchains/gnu_arm/4.9_2015q3/bin/../lib/gcc/arm-none-eabi/4.9.3/../../../../arm-none-eabi/lib/armv7e-m/softfp\libc_nano.a(lib_a-memset.o)
                0x00000330                memset
 .text._exit    0x00000340        0x4 c:/siliconlabs/simplicitystudio/v4/developer/toolchains/gnu_arm/4.9_2015q3/bin/../lib/gcc/arm-none-eabi/4.9.3/../../../../arm-none-eabi/lib/armv7e-m/softfp\libnosys.a(_exit.o)
                0x00000340                _exit
 *(.init)
 .init          0x00000344        0x4 c:/siliconlabs/simplicitystudio/v4/developer/toolchains/gnu_arm/4.9_2015q3/bin/../lib/gcc/arm-none-eabi/4.9.3/armv7e-m/softfp/crti.o
                0x00000344                _init
 .init          0x00000348        0x8 c:/siliconlabs/simplicitystudio/v4/developer/toolchains/gnu_arm/4.9_2015q3/bin/../lib/gcc/arm-none-eabi/4.9.3/armv7e-m/softfp/crtn.o
 *(.fini)
 .fini          0x00000350        0x4 c:/siliconlabs/simplicitystudio/v4/developer/toolchains/gnu_arm/4.9_2015q3/bin/../lib/gcc/arm-none-eabi/4.9.3/armv7e-m/softfp/crti.o
                0x00000350                _fini
 .fini          0x00000354        0x8 c:/siliconlabs/simplicitystudio/v4/developer/toolchains/gnu_arm/4.9_2015q3/bin/../lib/gcc/arm-none-eabi/4.9.3/armv7e-m/softfp/crtn.o
 *crtbegin.o(.ctors)
 *crtbegin?.o(.ctors)
 *(EXCLUDE_FILE(*crtend.o *crtend?.o) .ctors)
 *(SORT(.ctors.*))
 *(.ctors)
 *crtbegin.o(.dtors)
 *crtbegin?.o(.dtors)
 *(EXCLUDE_FILE(*crtend.o *crtend?.o) .dtors)
 *(SORT(.dtors.*))
 *(.dtors)
 *(.rodata*)
 .rodata.str1.1
                0x0000035c        0x2 c:/siliconlabs/simplicitystudio/v4/developer/toolchains/gnu_arm/4.9_2015q3/bin/../lib/gcc/arm-none-eabi/4.9.3/../../../../arm-none-eabi/lib/armv7e-m/softfp\libc_nano.a(lib_a-impure.o)
 *fill*         0x0000035e        0x2 
 .rodata._global_impure_ptr
                0x00000360        0x4 c:/siliconlabs/simplicitystudio/v4/developer/toolchains/gnu_arm/4.9_2015q3/bin/../lib/gcc/arm-none-eabi/4.9.3/../../../../arm-none-eabi/lib/armv7e-m/softfp\libc_nano.a(lib_a-impure.o)
                0x00000360                _global_impure_ptr
 *(.eh_frame*)
 .eh_frame      0x00000364        0x0 c:/siliconlabs/simplicitystudio/v4/developer/toolchains/gnu_arm/4.9_2015q3/bin/../lib/gcc/arm-none-eabi/4.9.3/armv7e-m/softfp/crtbegin.o
 .eh_frame      0x00000364        0x4 c:/siliconlabs/simplicitystudio/v4/developer/toolchains/gnu_arm/4.9_2015q3/bin/../lib/gcc/arm-none-eabi/4.9.3/armv7e-m/softfp/crtend.o

.glue_7         0x00000368        0x0
 .glue_7        0x00000000        0x0 linker stubs

.glue_7t        0x00000368        0x0
 .glue_7t       0x00000000        0x0 linker stubs

.vfp11_veneer   0x00000368        0x0
 .vfp11_veneer  0x00000000        0x0 linker stubs

.v4_bx          0x00000368        0x0
 .v4_bx         0x00000000        0x0 linker stubs

.iplt           0x00000368        0x0
 .iplt          0x00000000        0x0 c:/siliconlabs/simplicitystudio/v4/developer/toolchains/gnu_arm/4.9_2015q3/bin/../lib/gcc/arm-none-eabi/4.9.3/armv7e-m/softfp/crtbegin.o

.ARM.extab
 *(.ARM.extab* .gnu.linkonce.armextab.*)
                0x00000368                __exidx_start = .

.ARM.exidx      0x00000368        0x8
 *(.ARM.exidx* .gnu.linkonce.armexidx.*)
 .ARM.exidx     0x00000368        0x8 c:/siliconlabs/simplicitystudio/v4/developer/toolchains/gnu_arm/4.9_2015q3/bin/../lib/gcc/arm-none-eabi/4.9.3/../../../../arm-none-eabi/lib/armv7e-m/softfp/crt0.o
                0x00000370                __exidx_end = .
                0x00000370                __etext = .

.rel.dyn        0x00000370        0x0
 .rel.iplt      0x00000000        0x0 c:/siliconlabs/simplicitystudio/v4/developer/toolchains/gnu_arm/4.9_2015q3/bin/../lib/gcc/arm-none-eabi/4.9.3/armv7e-m/softfp/crtbegin.o

.data           0x20000000       0x6c load address 0x00000370
                0x20000000                __data_start__ = .
 *(vtable)
 *(.data*)
 .data.impure_data
                0x20000000       0x60 c:/siliconlabs/simplicitystudio/v4/developer/toolchains/gnu_arm/4.9_2015q3/bin/../lib/gcc/arm-none-eabi/4.9.3/../../../../arm-none-eabi/lib/armv7e-m/softfp\libc_nano.a(lib_a-impure.o)
                0x20000060                . = ALIGN (0x4)
 *(.ram)
                0x20000060                . = ALIGN (0x4)
                0x20000060                PROVIDE (__preinit_array_start, .)
 *(.preinit_array)
                0x20000060                PROVIDE (__preinit_array_end, .)
                0x20000060                . = ALIGN (0x4)
                0x20000060                PROVIDE (__init_array_start, .)
 *(SORT(.init_array.*))
 *(.init_array)
 .init_array    0x20000060        0x4 c:/siliconlabs/simplicitystudio/v4/developer/toolchains/gnu_arm/4.9_2015q3/bin/../lib/gcc/arm-none-eabi/4.9.3/armv7e-m/softfp/crtbegin.o
                0x20000064                PROVIDE (__init_array_end, .)
                0x20000064                . = ALIGN (0x4)
                0x20000064                PROVIDE (__fini_array_start, .)
 *(SORT(.fini_array.*))
 *(.fini_array)
 .fini_array    0x20000064        0x4 c:/siliconlabs/simplicitystudio/v4/developer/toolchains/gnu_arm/4.9_2015q3/bin/../lib/gcc/arm-none-eabi/4.9.3/armv7e-m/softfp/crtbegin.o
                0x20000068                PROVIDE (__fini_array_end, .)
 *(.jcr*)
 .jcr           0x20000068        0x0 c:/siliconlabs/simplicitystudio/v4/developer/toolchains/gnu_arm/4.9_2015q3/bin/../lib/gcc/arm-none-eabi/4.9.3/armv7e-m/softfp/crtbegin.o
 .jcr           0x20000068        0x4 c:/siliconlabs/simplicitystudio/v4/developer/toolchains/gnu_arm/4.9_2015q3/bin/../lib/gcc/arm-none-eabi/4.9.3/armv7e-m/softfp/crtend.o
                0x2000006c                . = ALIGN (0x4)
                0x2000006c                __data_end__ = .

.igot.plt       0x2000006c        0x0 load address 0x000003dc
 .igot.plt      0x00000000        0x0 c:/siliconlabs/simplicitystudio/v4/developer/toolchains/gnu_arm/4.9_2015q3/bin/../lib/gcc/arm-none-eabi/4.9.3/armv7e-m/softfp/crtbegin.o

.bss            0x2000006c       0x1c load address 0x000003dc
                0x2000006c                . = ALIGN (0x4)
                0x2000006c                __bss_start__ = .
 *(.bss*)
 .bss           0x2000006c       0x1c c:/siliconlabs/simplicitystudio/v4/developer/toolchains/gnu_arm/4.9_2015q3/bin/../lib/gcc/arm-none-eabi/4.9.3/armv7e-m/softfp/crtbegin.o
 *(COMMON)
                0x20000088                . = ALIGN (0x4)
                0x20000088                __bss_end__ = .

.heap           0x20000088      0xc00
                0x20000088                __HeapBase = .
                0x20000088                __end__ = .
                0x20000088                end = __end__
                0x20000088                _end = __end__
 *(.heap*)
 .heap          0x20000088      0xc00 ./CMSIS/EFM32PG12B/startup_gcc_efm32pg12b.o
                0x20000c88                __HeapLimit = .

.stack_dummy    0x20000088      0x400
 *(.stack*)
 .stack         0x20000088      0x400 ./CMSIS/EFM32PG12B/startup_gcc_efm32pg12b.o
                0x20040000                __StackTop = (ORIGIN (RAM) + 0x40000)
                0x2003fc00                __StackLimit = (__StackTop - SIZEOF (.stack_dummy))
                0x20040000                PROVIDE (__stack, __StackTop)
                0x00000001                ASSERT ((__StackLimit >= __HeapLimit), region RAM overflowed with stack)
                0x00000001                ASSERT ((0x100000 >= (__etext + SIZEOF (.data))), FLASH memory overflowed !)
OUTPUT(Panoptinode.axf elf32-littlearm)

.ARM.attributes
                0x00000000       0x2e
 .ARM.attributes
                0x00000000       0x22 c:/siliconlabs/simplicitystudio/v4/developer/toolchains/gnu_arm/4.9_2015q3/bin/../lib/gcc/arm-none-eabi/4.9.3/armv7e-m/softfp/crti.o
 .ARM.attributes
                0x00000022       0x32 c:/siliconlabs/simplicitystudio/v4/developer/toolchains/gnu_arm/4.9_2015q3/bin/../lib/gcc/arm-none-eabi/4.9.3/armv7e-m/softfp/crtbegin.o
 .ARM.attributes
                0x00000054       0x20 c:/siliconlabs/simplicitystudio/v4/developer/toolchains/gnu_arm/4.9_2015q3/bin/../lib/gcc/arm-none-eabi/4.9.3/../../../../arm-none-eabi/lib/armv7e-m/softfp/crt0.o
 .ARM.attributes
                0x00000074       0x1b ./CMSIS/EFM32PG12B/startup_gcc_efm32pg12b.o
 .ARM.attributes
                0x0000008f       0x37 ./CMSIS/EFM32PG12B/system_efm32pg12b.o
 .ARM.attributes
                0x000000c6       0x37 ./src/main.o
 .ARM.attributes
                0x000000fd       0x32 c:/siliconlabs/simplicitystudio/v4/developer/toolchains/gnu_arm/4.9_2015q3/bin/../lib/gcc/arm-none-eabi/4.9.3/../../../../arm-none-eabi/lib/armv7e-m/softfp\libc_nano.a(lib_a-exit.o)
 .ARM.attributes
                0x0000012f       0x32 c:/siliconlabs/simplicitystudio/v4/developer/toolchains/gnu_arm/4.9_2015q3/bin/../lib/gcc/arm-none-eabi/4.9.3/../../../../arm-none-eabi/lib/armv7e-m/softfp\libc_nano.a(lib_a-impure.o)
 .ARM.attributes
                0x00000161       0x32 c:/siliconlabs/simplicitystudio/v4/developer/toolchains/gnu_arm/4.9_2015q3/bin/../lib/gcc/arm-none-eabi/4.9.3/../../../../arm-none-eabi/lib/armv7e-m/softfp\libc_nano.a(lib_a-init.o)
 .ARM.attributes
                0x00000193       0x32 c:/siliconlabs/simplicitystudio/v4/developer/toolchains/gnu_arm/4.9_2015q3/bin/../lib/gcc/arm-none-eabi/4.9.3/../../../../arm-none-eabi/lib/armv7e-m/softfp\libc_nano.a(lib_a-memset.o)
 .ARM.attributes
                0x000001c5       0x32 c:/siliconlabs/simplicitystudio/v4/developer/toolchains/gnu_arm/4.9_2015q3/bin/../lib/gcc/arm-none-eabi/4.9.3/../../../../arm-none-eabi/lib/armv7e-m/softfp\libnosys.a(_exit.o)
 .ARM.attributes
                0x000001f7       0x32 c:/siliconlabs/simplicitystudio/v4/developer/toolchains/gnu_arm/4.9_2015q3/bin/../lib/gcc/arm-none-eabi/4.9.3/armv7e-m/softfp/crtend.o
 .ARM.attributes
                0x00000229       0x22 c:/siliconlabs/simplicitystudio/v4/developer/toolchains/gnu_arm/4.9_2015q3/bin/../lib/gcc/arm-none-eabi/4.9.3/armv7e-m/softfp/crtn.o

.comment        0x00000000       0x70
 .comment       0x00000000       0x70 ./CMSIS/EFM32PG12B/system_efm32pg12b.o
                                 0x71 (size before relaxing)
 .comment       0x00000000       0x71 ./src/main.o

.debug_line     0x00000000      0x658
 .debug_line    0x00000000       0x78 ./CMSIS/EFM32PG12B/startup_gcc_efm32pg12b.o
 .debug_line    0x00000078      0x2f4 ./CMSIS/EFM32PG12B/system_efm32pg12b.o
 .debug_line    0x0000036c      0x2ec ./src/main.o

.debug_info     0x00000000     0x1446
 .debug_info    0x00000000       0x9f ./CMSIS/EFM32PG12B/startup_gcc_efm32pg12b.o
 .debug_info    0x0000009f      0x8a9 ./CMSIS/EFM32PG12B/system_efm32pg12b.o
 .debug_info    0x00000948      0xafe ./src/main.o

.debug_abbrev   0x00000000      0x2d4
 .debug_abbrev  0x00000000       0x14 ./CMSIS/EFM32PG12B/startup_gcc_efm32pg12b.o
 .debug_abbrev  0x00000014      0x1d2 ./CMSIS/EFM32PG12B/system_efm32pg12b.o
 .debug_abbrev  0x000001e6       0xee ./src/main.o

.debug_aranges  0x00000000       0xb8
 .debug_aranges
                0x00000000       0x20 ./CMSIS/EFM32PG12B/startup_gcc_efm32pg12b.o
 .debug_aranges
                0x00000020       0x68 ./CMSIS/EFM32PG12B/system_efm32pg12b.o
 .debug_aranges
                0x00000088       0x30 ./src/main.o

.debug_loc      0x00000000      0x3a4
 .debug_loc     0x00000000      0x2e4 ./CMSIS/EFM32PG12B/system_efm32pg12b.o
 .debug_loc     0x000002e4       0xc0 ./src/main.o

.debug_ranges   0x00000000       0x78
 .debug_ranges  0x00000000       0x58 ./CMSIS/EFM32PG12B/system_efm32pg12b.o
 .debug_ranges  0x00000058       0x20 ./src/main.o

.debug_str      0x00000000      0x8c3
 .debug_str     0x00000000      0x603 ./CMSIS/EFM32PG12B/system_efm32pg12b.o
                                0x666 (size before relaxing)
 .debug_str     0x00000603      0x2c0 ./src/main.o
                                0x7f8 (size before relaxing)

.debug_frame    0x00000000      0x268
 .debug_frame   0x00000000      0x164 ./CMSIS/EFM32PG12B/system_efm32pg12b.o
 .debug_frame   0x00000164       0x70 ./src/main.o
 .debug_frame   0x000001d4       0x28 c:/siliconlabs/simplicitystudio/v4/developer/toolchains/gnu_arm/4.9_2015q3/bin/../lib/gcc/arm-none-eabi/4.9.3/../../../../arm-none-eabi/lib/armv7e-m/softfp\libc_nano.a(lib_a-exit.o)
 .debug_frame   0x000001fc       0x2c c:/siliconlabs/simplicitystudio/v4/developer/toolchains/gnu_arm/4.9_2015q3/bin/../lib/gcc/arm-none-eabi/4.9.3/../../../../arm-none-eabi/lib/armv7e-m/softfp\libc_nano.a(lib_a-init.o)
 .debug_frame   0x00000228       0x20 c:/siliconlabs/simplicitystudio/v4/developer/toolchains/gnu_arm/4.9_2015q3/bin/../lib/gcc/arm-none-eabi/4.9.3/../../../../arm-none-eabi/lib/armv7e-m/softfp\libc_nano.a(lib_a-memset.o)
 .debug_frame   0x00000248       0x20 c:/siliconlabs/simplicitystudio/v4/developer/toolchains/gnu_arm/4.9_2015q3/bin/../lib/gcc/arm-none-eabi/4.9.3/../../../../arm-none-eabi/lib/armv7e-m/softfp\libnosys.a(_exit.o)
