Archive member included because of file (symbol)

c:/siliconlabs/simplicitystudio/v4/developer/toolchains/gnu_arm/4.9_2015q3/bin/../lib/gcc/arm-none-eabi/4.9.3/armv7e-m/softfp\libgcc.a(_arm_addsubdf3.o)
                              ./src/adc.o (__aeabi_ui2d)
c:/siliconlabs/simplicitystudio/v4/developer/toolchains/gnu_arm/4.9_2015q3/bin/../lib/gcc/arm-none-eabi/4.9.3/armv7e-m/softfp\libgcc.a(_arm_muldivdf3.o)
                              ./src/adc.o (__aeabi_dmul)
c:/siliconlabs/simplicitystudio/v4/developer/toolchains/gnu_arm/4.9_2015q3/bin/../lib/gcc/arm-none-eabi/4.9.3/armv7e-m/softfp\libgcc.a(_aeabi_uldivmod.o)
                              ./emlib/em_usart.o (__aeabi_uldivmod)
c:/siliconlabs/simplicitystudio/v4/developer/toolchains/gnu_arm/4.9_2015q3/bin/../lib/gcc/arm-none-eabi/4.9.3/armv7e-m/softfp\libgcc.a(bpabi.o)
                              c:/siliconlabs/simplicitystudio/v4/developer/toolchains/gnu_arm/4.9_2015q3/bin/../lib/gcc/arm-none-eabi/4.9.3/armv7e-m/softfp\libgcc.a(_aeabi_uldivmod.o) (__gnu_uldivmod_helper)
c:/siliconlabs/simplicitystudio/v4/developer/toolchains/gnu_arm/4.9_2015q3/bin/../lib/gcc/arm-none-eabi/4.9.3/armv7e-m/softfp\libgcc.a(_dvmd_tls.o)
                              c:/siliconlabs/simplicitystudio/v4/developer/toolchains/gnu_arm/4.9_2015q3/bin/../lib/gcc/arm-none-eabi/4.9.3/armv7e-m/softfp\libgcc.a(_aeabi_uldivmod.o) (__aeabi_ldiv0)
c:/siliconlabs/simplicitystudio/v4/developer/toolchains/gnu_arm/4.9_2015q3/bin/../lib/gcc/arm-none-eabi/4.9.3/armv7e-m/softfp\libgcc.a(_divdi3.o)
                              c:/siliconlabs/simplicitystudio/v4/developer/toolchains/gnu_arm/4.9_2015q3/bin/../lib/gcc/arm-none-eabi/4.9.3/armv7e-m/softfp\libgcc.a(bpabi.o) (__divdi3)
c:/siliconlabs/simplicitystudio/v4/developer/toolchains/gnu_arm/4.9_2015q3/bin/../lib/gcc/arm-none-eabi/4.9.3/armv7e-m/softfp\libgcc.a(_udivdi3.o)
                              c:/siliconlabs/simplicitystudio/v4/developer/toolchains/gnu_arm/4.9_2015q3/bin/../lib/gcc/arm-none-eabi/4.9.3/armv7e-m/softfp\libgcc.a(bpabi.o) (__udivdi3)
c:/siliconlabs/simplicitystudio/v4/developer/toolchains/gnu_arm/4.9_2015q3/bin/../lib/gcc/arm-none-eabi/4.9.3/../../../../arm-none-eabi/lib/armv7e-m/softfp\libc_nano.a(lib_a-clock.o)
                              ./src/setup.o (clock)
c:/siliconlabs/simplicitystudio/v4/developer/toolchains/gnu_arm/4.9_2015q3/bin/../lib/gcc/arm-none-eabi/4.9.3/../../../../arm-none-eabi/lib/armv7e-m/softfp\libc_nano.a(lib_a-exit.o)
                              c:/siliconlabs/simplicitystudio/v4/developer/toolchains/gnu_arm/4.9_2015q3/bin/../lib/gcc/arm-none-eabi/4.9.3/../../../../arm-none-eabi/lib/armv7e-m/softfp/crt0.o (exit)
c:/siliconlabs/simplicitystudio/v4/developer/toolchains/gnu_arm/4.9_2015q3/bin/../lib/gcc/arm-none-eabi/4.9.3/../../../../arm-none-eabi/lib/armv7e-m/softfp\libc_nano.a(lib_a-impure.o)
                              c:/siliconlabs/simplicitystudio/v4/developer/toolchains/gnu_arm/4.9_2015q3/bin/../lib/gcc/arm-none-eabi/4.9.3/../../../../arm-none-eabi/lib/armv7e-m/softfp\libc_nano.a(lib_a-exit.o) (_global_impure_ptr)
c:/siliconlabs/simplicitystudio/v4/developer/toolchains/gnu_arm/4.9_2015q3/bin/../lib/gcc/arm-none-eabi/4.9.3/../../../../arm-none-eabi/lib/armv7e-m/softfp\libc_nano.a(lib_a-init.o)
                              c:/siliconlabs/simplicitystudio/v4/developer/toolchains/gnu_arm/4.9_2015q3/bin/../lib/gcc/arm-none-eabi/4.9.3/../../../../arm-none-eabi/lib/armv7e-m/softfp/crt0.o (__libc_init_array)
c:/siliconlabs/simplicitystudio/v4/developer/toolchains/gnu_arm/4.9_2015q3/bin/../lib/gcc/arm-none-eabi/4.9.3/../../../../arm-none-eabi/lib/armv7e-m/softfp\libc_nano.a(lib_a-memset.o)
                              c:/siliconlabs/simplicitystudio/v4/developer/toolchains/gnu_arm/4.9_2015q3/bin/../lib/gcc/arm-none-eabi/4.9.3/../../../../arm-none-eabi/lib/armv7e-m/softfp/crt0.o (memset)
c:/siliconlabs/simplicitystudio/v4/developer/toolchains/gnu_arm/4.9_2015q3/bin/../lib/gcc/arm-none-eabi/4.9.3/../../../../arm-none-eabi/lib/armv7e-m/softfp\libc_nano.a(lib_a-timesr.o)
                              c:/siliconlabs/simplicitystudio/v4/developer/toolchains/gnu_arm/4.9_2015q3/bin/../lib/gcc/arm-none-eabi/4.9.3/../../../../arm-none-eabi/lib/armv7e-m/softfp\libc_nano.a(lib_a-clock.o) (_times_r)
c:/siliconlabs/simplicitystudio/v4/developer/toolchains/gnu_arm/4.9_2015q3/bin/../lib/gcc/arm-none-eabi/4.9.3/../../../../arm-none-eabi/lib/armv7e-m/softfp\libnosys.a(times.o)
                              c:/siliconlabs/simplicitystudio/v4/developer/toolchains/gnu_arm/4.9_2015q3/bin/../lib/gcc/arm-none-eabi/4.9.3/../../../../arm-none-eabi/lib/armv7e-m/softfp\libc_nano.a(lib_a-timesr.o) (_times)
c:/siliconlabs/simplicitystudio/v4/developer/toolchains/gnu_arm/4.9_2015q3/bin/../lib/gcc/arm-none-eabi/4.9.3/../../../../arm-none-eabi/lib/armv7e-m/softfp\libnosys.a(_exit.o)
[...]
Memory Configuration

Name             Origin             Length             Attributes
FLASH            0x00000000         0x00100000         xr
RAM              0x20000000         0x00040000         xrw
*default*        0x00000000         0xffffffff

Linker script and memory map

LOAD c:/siliconlabs/simplicitystudio/v4/developer/toolchains/gnu_arm/4.9_2015q3/bin/../lib/gcc/arm-none-eabi/4.9.3/armv7e-m/softfp/crti.o
LOAD c:/siliconlabs/simplicitystudio/v4/developer/toolchains/gnu_arm/4.9_2015q3/bin/../lib/gcc/arm-none-eabi/4.9.3/armv7e-m/softfp/crtbegin.o
LOAD c:/siliconlabs/simplicitystudio/v4/developer/toolchains/gnu_arm/4.9_2015q3/bin/../lib/gcc/arm-none-eabi/4.9.3/../../../../arm-none-eabi/lib/armv7e-m/softfp/crt0.o
LOAD ./CMSIS/EFM32PG12B/startup_gcc_efm32pg12b.o
LOAD ./CMSIS/EFM32PG12B/system_efm32pg12b.o
LOAD ./emlib/em_acmp.o
LOAD ./emlib/em_adc.o
LOAD ./emlib/em_aes.o
LOAD ./emlib/em_assert.o
LOAD ./emlib/em_burtc.o
LOAD ./emlib/em_can.o
LOAD ./emlib/em_cmu.o
LOAD ./emlib/em_core.o
LOAD ./emlib/em_cryotimer.o
LOAD ./emlib/em_crypto.o
LOAD ./emlib/em_csen.o
LOAD ./emlib/em_dac.o
LOAD ./emlib/em_dbg.o
LOAD ./emlib/em_dma.o
LOAD ./emlib/em_ebi.o
LOAD ./emlib/em_emu.o
LOAD ./emlib/em_gpcrc.o
LOAD ./emlib/em_gpio.o
LOAD ./emlib/em_i2c.o
LOAD ./emlib/em_idac.o
LOAD ./emlib/em_int.o
LOAD ./emlib/em_lcd.o
LOAD ./emlib/em_ldma.o
LOAD ./emlib/em_lesense.o
LOAD ./emlib/em_letimer.o
LOAD ./emlib/em_leuart.o
LOAD ./emlib/em_mpu.o
LOAD ./emlib/em_msc.o
LOAD ./emlib/em_opamp.o
LOAD ./emlib/em_pcnt.o
LOAD ./emlib/em_prs.o
LOAD ./emlib/em_qspi.o
LOAD ./emlib/em_rmu.o
LOAD ./emlib/em_rtc.o
LOAD ./emlib/em_rtcc.o
LOAD ./emlib/em_system.o
LOAD ./emlib/em_timer.o
LOAD ./emlib/em_usart.o
LOAD ./emlib/em_vcmp.o
LOAD ./emlib/em_vdac.o
LOAD ./emlib/em_wdog.o
LOAD ./src/adc.o
LOAD ./src/main.o
LOAD ./src/setup.o
START GROUP
LOAD c:/siliconlabs/simplicitystudio/v4/developer/toolchains/gnu_arm/4.9_2015q3/bin/../lib/gcc/arm-none-eabi/4.9.3/armv7e-m/softfp\libgcc.a
LOAD c:/siliconlabs/simplicitystudio/v4/developer/toolchains/gnu_arm/4.9_2015q3/bin/../lib/gcc/arm-none-eabi/4.9.3/../../../../arm-none-eabi/lib/armv7e-m/softfp\libc_nano.a
LOAD c:/siliconlabs/simplicitystudio/v4/developer/toolchains/gnu_arm/4.9_2015q3/bin/../lib/gcc/arm-none-eabi/4.9.3/../../../../arm-none-eabi/lib/armv7e-m/softfp\libnosys.a
END GROUP
START GROUP
LOAD c:/siliconlabs/simplicitystudio/v4/developer/toolchains/gnu_arm/4.9_2015q3/bin/../lib/gcc/arm-none-eabi/4.9.3/armv7e-m/softfp\libgcc.a
LOAD c:/siliconlabs/simplicitystudio/v4/developer/toolchains/gnu_arm/4.9_2015q3/bin/../lib/gcc/arm-none-eabi/4.9.3/../../../../arm-none-eabi/lib/armv7e-m/softfp\libg_nano.a
LOAD c:/siliconlabs/simplicitystudio/v4/developer/toolchains/gnu_arm/4.9_2015q3/bin/../lib/gcc/arm-none-eabi/4.9.3/../../../../arm-none-eabi/lib/armv7e-m/softfp\libc_nano.a
END GROUP
START GROUP
LOAD c:/siliconlabs/simplicitystudio/v4/developer/toolchains/gnu_arm/4.9_2015q3/bin/../lib/gcc/arm-none-eabi/4.9.3/armv7e-m/softfp\libgcc.a
LOAD c:/siliconlabs/simplicitystudio/v4/developer/toolchains/gnu_arm/4.9_2015q3/bin/../lib/gcc/arm-none-eabi/4.9.3/../../../../arm-none-eabi/lib/armv7e-m/softfp\libc_nano.a
END GROUP
LOAD c:/siliconlabs/simplicitystudio/v4/developer/toolchains/gnu_arm/4.9_2015q3/bin/../lib/gcc/arm-none-eabi/4.9.3/armv7e-m/softfp/crtend.o
LOAD c:/siliconlabs/simplicitystudio/v4/developer/toolchains/gnu_arm/4.9_2015q3/bin/../lib/gcc/arm-none-eabi/4.9.3/armv7e-m/softfp/crtn.o

.text           0x00000000     0x1d18
 *(.vectors)
 .vectors       0x00000000      0x10c ./CMSIS/EFM32PG12B/startup_gcc_efm32pg12b.o
                0x00000000                __Vectors
                0x0000010c                __Vectors_End = .
                0x0000010c                __Vectors_Size = (__Vectors_End - __Vectors)
                0x0000010c                __end__ = .
 *(.text*)
 .text          0x0000010c       0x5c c:/siliconlabs/simplicitystudio/v4/developer/toolchains/gnu_arm/4.9_2015q3/bin/../lib/gcc/arm-none-eabi/4.9.3/armv7e-m/softfp/crtbegin.o
 .text          0x00000168       0x74 c:/siliconlabs/simplicitystudio/v4/developer/toolchains/gnu_arm/4.9_2015q3/bin/../lib/gcc/arm-none-eabi/4.9.3/../../../../arm-none-eabi/lib/armv7e-m/softfp/crt0.o
                0x00000168                _start
                0x00000168                _mainCRTStartup
 .text          0x000001dc       0x30 ./CMSIS/EFM32PG12B/startup_gcc_efm32pg12b.o
                0x000001dc                Reset_Handler
                0x00000208                USART0_TX_IRQHandler
                0x00000208                I2C0_IRQHandler
                0x00000208                HardFault_Handler
                0x00000208                SysTick_Handler
                0x00000208                USART1_RX_IRQHandler
                0x00000208                PendSV_Handler
                0x00000208                NMI_Handler
                0x00000208                I2C1_IRQHandler
                0x00000208                WTIMER0_IRQHandler
                0x00000208                CRYPTO0_IRQHandler
                0x00000208                WDOG0_IRQHandler
                0x00000208                USART1_TX_IRQHandler
                0x00000208                SMU_IRQHandler
                0x00000208                MSC_IRQHandler
                0x00000208                ADC0_IRQHandler
                0x00000208                UsageFault_Handler
                0x00000208                WDOG1_IRQHandler
                0x00000208                LEUART0_IRQHandler
                0x00000208                FPUEH_IRQHandler
                0x00000208                WTIMER1_IRQHandler
                0x00000208                GPIO_EVEN_IRQHandler
                0x00000208                VDAC0_IRQHandler
                0x00000208                LDMA_IRQHandler
                0x00000208                CSEN_IRQHandler
                0x00000208                CRYPTO1_IRQHandler
                0x00000208                TIMER0_IRQHandler
                0x00000208                DebugMon_Handler
                0x00000208                PCNT2_IRQHandler
                0x00000208                LETIMER0_IRQHandler
                0x00000208                TIMER1_IRQHandler
                0x00000208                TRNG0_IRQHandler
                0x00000208                USART2_RX_IRQHandler
                0x00000208                Default_Handler
                0x00000208                EMU_IRQHandler
                0x00000208                CRYOTIMER_IRQHandler
                0x00000208                PCNT0_IRQHandler
                0x00000208                PCNT1_IRQHandler
                0x00000208                MemManage_Handler
                0x00000208                SVC_Handler
                0x00000208                USART3_RX_IRQHandler
                0x00000208                RTCC_IRQHandler
                0x00000208                CMU_IRQHandler
                0x00000208                GPIO_ODD_IRQHandler
                0x00000208                USART3_TX_IRQHandler
                0x00000208                BusFault_Handler
                0x00000208                USART2_TX_IRQHandler
                0x00000208                IDAC0_IRQHandler
 .text.SystemCoreClockGet
                0x0000020c       0x44 ./CMSIS/EFM32PG12B/system_efm32pg12b.o
                0x0000020c                SystemCoreClockGet
 .text.SystemHFClockGet
                0x00000250       0x70 ./CMSIS/EFM32PG12B/system_efm32pg12b.o
                0x00000250                SystemHFClockGet
 .text.SystemHFXOClockGet
                0x000002c0       0x18 ./CMSIS/EFM32PG12B/system_efm32pg12b.o
                0x000002c0                SystemHFXOClockGet
 .text.SystemInit
                0x000002d8       0x20 ./CMSIS/EFM32PG12B/system_efm32pg12b.o
                0x000002d8                SystemInit
 .text.SystemLFRCOClockGet
                0x000002f8       0x14 ./CMSIS/EFM32PG12B/system_efm32pg12b.o
                0x000002f8                SystemLFRCOClockGet
 .text.SystemULFRCOClockGet
                0x0000030c       0x14 ./CMSIS/EFM32PG12B/system_efm32pg12b.o
                0x0000030c                SystemULFRCOClockGet
 .text.SystemLFXOClockGet
                0x00000320       0x18 ./CMSIS/EFM32PG12B/system_efm32pg12b.o
                0x00000320                SystemLFXOClockGet
 .text.BUS_RegBitWrite
                0x00000338       0x2c ./emlib/em_acmp.o
 .text.BUS_RegMaskedSet
                0x00000364       0x24 ./emlib/em_acmp.o
 .text.BUS_RegMaskedClear
                0x00000388       0x24 ./emlib/em_acmp.o
 .text.BUS_RegMaskedWrite
                0x000003ac       0x24 ./emlib/em_acmp.o
 .text.ACMP_Enable
                0x000003d0       0x34 ./emlib/em_acmp.o
                0x000003d0                ACMP_Enable
 .text.ACMP_GPIOSetup
                0x00000404       0x58 ./emlib/em_acmp.o
                0x00000404                ACMP_GPIOSetup
 .text.ACMP_ChannelSet
                0x0000045c       0x48 ./emlib/em_acmp.o
                0x0000045c                ACMP_ChannelSet
 .text.ACMP_Init
                0x000004a4       0x94 ./emlib/em_acmp.o
                0x000004a4                ACMP_Init
 .text.ACMP_VBSetup
                0x00000538       0x58 ./emlib/em_acmp.o
                0x00000538                ACMP_VBSetup
 .text.BUS_RegBitWrite
                0x00000590       0x2c ./emlib/em_adc.o
 .text.BUS_RegMaskedSet
                0x000005bc       0x24 ./emlib/em_adc.o
 .text.BUS_RegMaskedClear
                0x000005e0       0x24 ./emlib/em_adc.o
 .text.BUS_RegMaskedWrite
                0x00000604       0x24 ./emlib/em_adc.o
 .text.ADC_LoadDevinfoCal
                0x00000628      0x1bc ./emlib/em_adc.o
 .text.ADC_Init
                0x000007e4       0x84 ./emlib/em_adc.o
                0x000007e4                ADC_Init
 .text.ADC_InitSingle
                0x00000868      0x158 ./emlib/em_adc.o
                0x00000868                ADC_InitSingle
 .text.ADC_PrescaleCalc
                0x000009c0       0x64 ./emlib/em_adc.o
                0x000009c0                ADC_PrescaleCalc
 .text.ADC_TimebaseCalc
                0x00000a24       0x50 ./emlib/em_adc.o
                0x00000a24                ADC_TimebaseCalc
 .text.BUS_RegBitWrite
                0x00000a74       0x2c ./emlib/em_cmu.o
 .text.CMU_Log2ToDiv
                0x00000aa0       0x1c ./emlib/em_cmu.o
 .text.auxClkGet
                0x00000abc       0x20 ./emlib/em_cmu.o
 .text.hfSrcClkGet
                0x00000adc       0x2c ./emlib/em_cmu.o
 .text.dbgClkGet
                0x00000b08       0x40 ./emlib/em_cmu.o
 .text.adcAsyncClkGet
                0x00000b48       0x80 ./emlib/em_cmu.o
 .text.lfClkGet
                0x00000bc8       0xec ./emlib/em_cmu.o
 .text.syncReg  0x00000cb4       0x38 ./emlib/em_cmu.o
 .text.CMU_ClockEnable
                0x00000cec       0xcc ./emlib/em_cmu.o
                0x00000cec                CMU_ClockEnable
 .text.CMU_ClockFreqGet
                0x00000db8      0x1f8 ./emlib/em_cmu.o
                0x00000db8                CMU_ClockFreqGet
 .text.CMU_ClockSelectGet
                0x00000fb0      0x190 ./emlib/em_cmu.o
                0x00000fb0                CMU_ClockSelectGet
 .text.BUS_RegMaskedSet
                0x00001140       0x24 ./emlib/em_gpio.o
 .text.BUS_RegMaskedClear
                0x00001164       0x24 ./emlib/em_gpio.o
 .text.GPIO_PinOutClear
                0x00001188       0x78 ./emlib/em_gpio.o
 .text.GPIO_PinOutSet
                0x00001200       0x78 ./emlib/em_gpio.o
 .text.GPIO_PinModeSet
                0x00001278      0x12c ./emlib/em_gpio.o
                0x00001278                GPIO_PinModeSet
 .text.USART_BaudrateAsyncSet
                0x000013a4       0xb0 ./emlib/em_usart.o
                0x000013a4                USART_BaudrateAsyncSet
 .text.USART_Enable
                0x00001454       0x64 ./emlib/em_usart.o
                0x00001454                USART_Enable
 .text.USART_InitAsync
                0x000014b8       0xf0 ./emlib/em_usart.o
                0x000014b8                USART_InitAsync
 .text.USART_Reset
                0x000015a8       0xcc ./emlib/em_usart.o
                0x000015a8                USART_Reset
 .text.USART_Rx
                0x00001674       0x28 ./emlib/em_usart.o
                0x00001674                USART_Rx
 .text.SYSTEM_GetProdRev
                0x0000169c       0x1c ./src/main.o
 .text.CHIP_Init
                0x000016b8       0x68 ./src/main.o
 .text.main     0x00001720       0x1c ./src/main.o
                0x00001720                main
 .text.NVIC_EnableIRQ
                0x0000173c       0x30 ./src/setup.o
 .text.NVIC_ClearPendingIRQ
                0x0000176c       0x34 ./src/setup.o
 .text.BUS_RegMaskedSet
                0x000017a0       0x24 ./src/setup.o
 .text.LESENSE_IntClear
                0x000017c4       0x1c ./src/setup.o
 .text.USART_IntClear
                0x000017e0       0x1c ./src/setup.o
 .text.USART_IntEnable
                0x000017fc       0x20 ./src/setup.o
 .text.ACMP_IntClear
                0x0000181c       0x1c ./src/setup.o
 .text.ACMP_IntEnable
                0x00001838       0x20 ./src/setup.o
 .text.GPIO_PinOutSet
                0x00001858       0x78 ./src/setup.o
 .text.initPeripherals
                0x000018d0       0x20 ./src/setup.o
                0x000018d0                initPeripherals
 .text.setupADC
                0x000018f0       0xa4 ./src/setup.o
                0x000018f0                setupADC
 .text.USART0_RX_IRQHandler
                0x00001994       0xc4 ./src/setup.o
                0x00001994                USART0_RX_IRQHandler
 .text.setupUART
                0x00001a58       0xb0 ./src/setup.o
                0x00001a58                setupUART
 .text.setupSPI
                0x00001b08       0x10 ./src/setup.o
                0x00001b08                setupSPI
 .text.setupGPIO
                0x00001b18       0x30 ./src/setup.o
                0x00001b18                setupGPIO
 .text.LedToggle
                0x00001b48       0x10 ./src/setup.o
                0x00001b48                LedToggle
 .text.LESENSE_IRQHandler
                0x00001b58       0x14 ./src/setup.o
                0x00001b58                LESENSE_IRQHandler
 .text.ACMP0_IRQHandler
                0x00001b6c       0x14 ./src/setup.o
                0x00001b6c                ACMP0_IRQHandler
 .text.setupACMP
                0x00001b80       0x94 ./src/setup.o
                0x00001b80                setupACMP
 .text.exit     0x00001c14       0x28 c:/siliconlabs/simplicitystudio/v4/developer/toolchains/gnu_arm/4.9_2015q3/bin/../lib/gcc/arm-none-eabi/4.9.3/../../../../arm-none-eabi/lib/armv7e-m/softfp\libc_nano.a(lib_a-exit.o)
                0x00001c14                exit
 .text.__libc_init_array
                0x00001c3c       0x4c c:/siliconlabs/simplicitystudio/v4/developer/toolchains/gnu_arm/4.9_2015q3/bin/../lib/gcc/arm-none-eabi/4.9.3/../../../../arm-none-eabi/lib/armv7e-m/softfp\libc_nano.a(lib_a-init.o)
                0x00001c3c                __libc_init_array
 .text.memset   0x00001c88       0x10 c:/siliconlabs/simplicitystudio/v4/developer/toolchains/gnu_arm/4.9_2015q3/bin/../lib/gcc/arm-none-eabi/4.9.3/../../../../arm-none-eabi/lib/armv7e-m/softfp\libc_nano.a(lib_a-memset.o)
                0x00001c88                memset
 .text._exit    0x00001c98        0x4 c:/siliconlabs/simplicitystudio/v4/developer/toolchains/gnu_arm/4.9_2015q3/bin/../lib/gcc/arm-none-eabi/4.9.3/../../../../arm-none-eabi/lib/armv7e-m/softfp\libnosys.a(_exit.o)
                0x00001c98                _exit
 *(.init)
 .init          0x00001c9c        0x4 c:/siliconlabs/simplicitystudio/v4/developer/toolchains/gnu_arm/4.9_2015q3/bin/../lib/gcc/arm-none-eabi/4.9.3/armv7e-m/softfp/crti.o
                0x00001c9c                _init
 .init          0x00001ca0        0x8 c:/siliconlabs/simplicitystudio/v4/developer/toolchains/gnu_arm/4.9_2015q3/bin/../lib/gcc/arm-none-eabi/4.9.3/armv7e-m/softfp/crtn.o
 *(.fini)
 .fini          0x00001ca8        0x4 c:/siliconlabs/simplicitystudio/v4/developer/toolchains/gnu_arm/4.9_2015q3/bin/../lib/gcc/arm-none-eabi/4.9.3/armv7e-m/softfp/crti.o
                0x00001ca8                _fini
 .fini          0x00001cac        0x8 c:/siliconlabs/simplicitystudio/v4/developer/toolchains/gnu_arm/4.9_2015q3/bin/../lib/gcc/arm-none-eabi/4.9.3/armv7e-m/softfp/crtn.o
 *crtbegin.o(.ctors)
 *crtbegin?.o(.ctors)
 *(EXCLUDE_FILE(*crtend.o *crtend?.o) .ctors)
 *(SORT(.ctors.*))
 *(.ctors)
 *crtbegin.o(.dtors)
 *crtbegin?.o(.dtors)
 *(EXCLUDE_FILE(*crtend.o *crtend?.o) .dtors)
 *(SORT(.dtors.*))
 *(.dtors)
 *(.rodata*)
 .rodata        0x00001cb4       0x58 ./src/setup.o
 .rodata.str1.1
                0x00001d0c        0x2 c:/siliconlabs/simplicitystudio/v4/developer/toolchains/gnu_arm/4.9_2015q3/bin/../lib/gcc/arm-none-eabi/4.9.3/../../../../arm-none-eabi/lib/armv7e-m/softfp\libc_nano.a(lib_a-impure.o)
 *fill*         0x00001d0e        0x2 
 .rodata._global_impure_ptr
                0x00001d10        0x4 c:/siliconlabs/simplicitystudio/v4/developer/toolchains/gnu_arm/4.9_2015q3/bin/../lib/gcc/arm-none-eabi/4.9.3/../../../../arm-none-eabi/lib/armv7e-m/softfp\libc_nano.a(lib_a-impure.o)
                0x00001d10                _global_impure_ptr
 *(.eh_frame*)
 .eh_frame      0x00001d14        0x0 c:/siliconlabs/simplicitystudio/v4/developer/toolchains/gnu_arm/4.9_2015q3/bin/../lib/gcc/arm-none-eabi/4.9.3/armv7e-m/softfp/crtbegin.o
 .eh_frame      0x00001d14        0x4 c:/siliconlabs/simplicitystudio/v4/developer/toolchains/gnu_arm/4.9_2015q3/bin/../lib/gcc/arm-none-eabi/4.9.3/armv7e-m/softfp/crtend.o

.glue_7         0x00001d18        0x0
 .glue_7        0x00000000        0x0 linker stubs

.glue_7t        0x00001d18        0x0
 .glue_7t       0x00000000        0x0 linker stubs

.vfp11_veneer   0x00001d18        0x0
 .vfp11_veneer  0x00000000        0x0 linker stubs

.v4_bx          0x00001d18        0x0
 .v4_bx         0x00000000        0x0 linker stubs

.iplt           0x00001d18        0x0
 .iplt          0x00000000        0x0 c:/siliconlabs/simplicitystudio/v4/developer/toolchains/gnu_arm/4.9_2015q3/bin/../lib/gcc/arm-none-eabi/4.9.3/armv7e-m/softfp/crtbegin.o

.ARM.extab
 *(.ARM.extab* .gnu.linkonce.armextab.*)
                0x00001d18                __exidx_start = .

.ARM.exidx      0x00001d18        0x8
 *(.ARM.exidx* .gnu.linkonce.armexidx.*)
 .ARM.exidx     0x00001d18        0x8 c:/siliconlabs/simplicitystudio/v4/developer/toolchains/gnu_arm/4.9_2015q3/bin/../lib/gcc/arm-none-eabi/4.9.3/../../../../arm-none-eabi/lib/armv7e-m/softfp/crt0.o
                0x00001d20                __exidx_end = .
                0x00001d20                __etext = .

.rel.dyn        0x00001d20        0x0
 .rel.iplt      0x00000000        0x0 c:/siliconlabs/simplicitystudio/v4/developer/toolchains/gnu_arm/4.9_2015q3/bin/../lib/gcc/arm-none-eabi/4.9.3/armv7e-m/softfp/crtbegin.o

.data           0x20000000       0xa0 load address 0x00001d20
                0x20000000                __data_start__ = .
 *(vtable)
 *(.data*)
 .data.SystemHFXOClock
                0x20000000        0x4 ./CMSIS/EFM32PG12B/system_efm32pg12b.o
 .data.SystemLFXOClock
                0x20000004        0x4 ./CMSIS/EFM32PG12B/system_efm32pg12b.o
 .data.SystemCoreClock
                0x20000008        0x4 ./CMSIS/EFM32PG12B/system_efm32pg12b.o
                0x20000008                SystemCoreClock
 .data.SystemHfrcoFreq
                0x2000000c        0x4 ./CMSIS/EFM32PG12B/system_efm32pg12b.o
                0x2000000c                SystemHfrcoFreq
 .data.auxHfrcoFreq
                0x20000010        0x4 ./emlib/em_cmu.o
 .data.acmpInit.7944
                0x20000014       0x14 ./src/setup.o
 .data.vbConf.7945
                0x20000028        0xc ./src/setup.o
 .data.impure_data
                0x20000034       0x60 c:/siliconlabs/simplicitystudio/v4/developer/toolchains/gnu_arm/4.9_2015q3/bin/../lib/gcc/arm-none-eabi/4.9.3/../../../../arm-none-eabi/lib/armv7e-m/softfp\libc_nano.a(lib_a-impure.o)
                0x20000094                . = ALIGN (0x4)
 *(.ram)
                0x20000094                . = ALIGN (0x4)
                0x20000094                PROVIDE (__preinit_array_start, .)
 *(.preinit_array)
                0x20000094                PROVIDE (__preinit_array_end, .)
                0x20000094                . = ALIGN (0x4)
                0x20000094                PROVIDE (__init_array_start, .)
 *(SORT(.init_array.*))
 *(.init_array)
 .init_array    0x20000094        0x4 c:/siliconlabs/simplicitystudio/v4/developer/toolchains/gnu_arm/4.9_2015q3/bin/../lib/gcc/arm-none-eabi/4.9.3/armv7e-m/softfp/crtbegin.o
                0x20000098                PROVIDE (__init_array_end, .)
                0x20000098                . = ALIGN (0x4)
                0x20000098                PROVIDE (__fini_array_start, .)
 *(SORT(.fini_array.*))
 *(.fini_array)
 .fini_array    0x20000098        0x4 c:/siliconlabs/simplicitystudio/v4/developer/toolchains/gnu_arm/4.9_2015q3/bin/../lib/gcc/arm-none-eabi/4.9.3/armv7e-m/softfp/crtbegin.o
                0x2000009c                PROVIDE (__fini_array_end, .)
 *(.jcr*)
 .jcr           0x2000009c        0x0 c:/siliconlabs/simplicitystudio/v4/developer/toolchains/gnu_arm/4.9_2015q3/bin/../lib/gcc/arm-none-eabi/4.9.3/armv7e-m/softfp/crtbegin.o
 .jcr           0x2000009c        0x4 c:/siliconlabs/simplicitystudio/v4/developer/toolchains/gnu_arm/4.9_2015q3/bin/../lib/gcc/arm-none-eabi/4.9.3/armv7e-m/softfp/crtend.o
                0x200000a0                . = ALIGN (0x4)
                0x200000a0                __data_end__ = .

.igot.plt       0x200000a0        0x0 load address 0x00001dc0
 .igot.plt      0x00000000        0x0 c:/siliconlabs/simplicitystudio/v4/developer/toolchains/gnu_arm/4.9_2015q3/bin/../lib/gcc/arm-none-eabi/4.9.3/armv7e-m/softfp/crtbegin.o

.bss            0x200000a0      0x238 load address 0x00001dc0
                0x200000a0                . = ALIGN (0x4)
                0x200000a0                __bss_start__ = .
 *(.bss*)
 .bss           0x200000a0       0x1c c:/siliconlabs/simplicitystudio/v4/developer/toolchains/gnu_arm/4.9_2015q3/bin/../lib/gcc/arm-none-eabi/4.9.3/armv7e-m/softfp/crtbegin.o
 .bss.rxReadIndex
                0x200000bc        0x4 ./src/setup.o
 .bss.rxWriteIndex
                0x200000c0        0x4 ./src/setup.o
 .bss.imgIndex  0x200000c4        0x4 ./src/setup.o
 .bss.rxCount   0x200000c8        0x4 ./src/setup.o
 .bss.is_received_data
                0x200000cc        0x1 ./src/setup.o
 .bss.is_image_data
                0x200000cd        0x1 ./src/setup.o
 *fill*         0x200000ce        0x2 
 .bss.rxBuffer  0x200000d0        0x6 ./src/setup.o
 *fill*         0x200000d6        0x2 
 .bss.imgBuffer
                0x200000d8      0x200 ./src/setup.o
 *(COMMON)
                0x200002d8                . = ALIGN (0x4)
                0x200002d8                __bss_end__ = .

.heap           0x200002d8      0xc00
                0x200002d8                __HeapBase = .
                0x200002d8                __end__ = .
                0x200002d8                end = __end__
                0x200002d8                _end = __end__
 *(.heap*)
 .heap          0x200002d8      0xc00 ./CMSIS/EFM32PG12B/startup_gcc_efm32pg12b.o
                0x20000ed8                __HeapLimit = .

.stack_dummy    0x200002d8      0x400
 *(.stack*)
 .stack         0x200002d8      0x400 ./CMSIS/EFM32PG12B/startup_gcc_efm32pg12b.o
                0x20040000                __StackTop = (ORIGIN (RAM) + 0x40000)
                0x2003fc00                __StackLimit = (__StackTop - SIZEOF (.stack_dummy))
                0x20040000                PROVIDE (__stack, __StackTop)
                0x00000001                ASSERT ((__StackLimit >= __HeapLimit), region RAM overflowed with stack)
                0x00000001                ASSERT ((0x100000 >= (__etext + SIZEOF (.data))), FLASH memory overflowed !)
OUTPUT(Panoptinode.axf elf32-littlearm)

.ARM.attributes
                0x00000000       0x2e
 .ARM.attributes
                0x00000000       0x22 c:/siliconlabs/simplicitystudio/v4/developer/toolchains/gnu_arm/4.9_2015q3/bin/../lib/gcc/arm-none-eabi/4.9.3/armv7e-m/softfp/crti.o
 .ARM.attributes
                0x00000022       0x32 c:/siliconlabs/simplicitystudio/v4/developer/toolchains/gnu_arm/4.9_2015q3/bin/../lib/gcc/arm-none-eabi/4.9.3/armv7e-m/softfp/crtbegin.o
 .ARM.attributes
                0x00000054       0x20 c:/siliconlabs/simplicitystudio/v4/developer/toolchains/gnu_arm/4.9_2015q3/bin/../lib/gcc/arm-none-eabi/4.9.3/../../../../arm-none-eabi/lib/armv7e-m/softfp/crt0.o
 .ARM.attributes
                0x00000074       0x1b ./CMSIS/EFM32PG12B/startup_gcc_efm32pg12b.o
 .ARM.attributes
                0x0000008f       0x37 ./CMSIS/EFM32PG12B/system_efm32pg12b.o
 .ARM.attributes
                0x000000c6       0x37 ./emlib/em_acmp.o
 .ARM.attributes
                0x000000fd       0x37 ./emlib/em_adc.o
 .ARM.attributes
                0x00000134       0x37 ./emlib/em_cmu.o
 .ARM.attributes
                0x0000016b       0x37 ./emlib/em_gpio.o
 .ARM.attributes
                0x000001a2       0x37 ./emlib/em_usart.o
 .ARM.attributes
                0x000001d9       0x37 ./src/main.o
 .ARM.attributes
                0x00000210       0x37 ./src/setup.o
 .ARM.attributes
                0x00000247       0x32 c:/siliconlabs/simplicitystudio/v4/developer/toolchains/gnu_arm/4.9_2015q3/bin/../lib/gcc/arm-none-eabi/4.9.3/../../../../arm-none-eabi/lib/armv7e-m/softfp\libc_nano.a(lib_a-exit.o)
 .ARM.attributes
                0x00000279       0x32 c:/siliconlabs/simplicitystudio/v4/developer/toolchains/gnu_arm/4.9_2015q3/bin/../lib/gcc/arm-none-eabi/4.9.3/../../../../arm-none-eabi/lib/armv7e-m/softfp\libc_nano.a(lib_a-impure.o)
 .ARM.attributes
                0x000002ab       0x32 c:/siliconlabs/simplicitystudio/v4/developer/toolchains/gnu_arm/4.9_2015q3/bin/../lib/gcc/arm-none-eabi/4.9.3/../../../../arm-none-eabi/lib/armv7e-m/softfp\libc_nano.a(lib_a-init.o)
 .ARM.attributes
                0x000002dd       0x32 c:/siliconlabs/simplicitystudio/v4/developer/toolchains/gnu_arm/4.9_2015q3/bin/../lib/gcc/arm-none-eabi/4.9.3/../../../../arm-none-eabi/lib/armv7e-m/softfp\libc_nano.a(lib_a-memset.o)
 .ARM.attributes
                0x0000030f       0x32 c:/siliconlabs/simplicitystudio/v4/developer/toolchains/gnu_arm/4.9_2015q3/bin/../lib/gcc/arm-none-eabi/4.9.3/../../../../arm-none-eabi/lib/armv7e-m/softfp\libnosys.a(_exit.o)
 .ARM.attributes
                0x00000341       0x32 c:/siliconlabs/simplicitystudio/v4/developer/toolchains/gnu_arm/4.9_2015q3/bin/../lib/gcc/arm-none-eabi/4.9.3/armv7e-m/softfp/crtend.o
 .ARM.attributes
                0x00000373       0x22 c:/siliconlabs/simplicitystudio/v4/developer/toolchains/gnu_arm/4.9_2015q3/bin/../lib/gcc/arm-none-eabi/4.9.3/armv7e-m/softfp/crtn.o

.comment        0x00000000       0x70
 .comment       0x00000000       0x70 ./CMSIS/EFM32PG12B/system_efm32pg12b.o
                                 0x71 (size before relaxing)
 .comment       0x00000000       0x71 ./emlib/em_acmp.o
 .comment       0x00000000       0x71 ./emlib/em_adc.o
 .comment       0x00000000       0x71 ./emlib/em_cmu.o
 .comment       0x00000000       0x71 ./emlib/em_gpio.o
 .comment       0x00000000       0x71 ./emlib/em_usart.o
 .comment       0x00000000       0x71 ./src/main.o
 .comment       0x00000000       0x71 ./src/setup.o

.debug_line     0x00000000     0x2ef1
 .debug_line    0x00000000       0x78 ./CMSIS/EFM32PG12B/startup_gcc_efm32pg12b.o
 .debug_line    0x00000078      0x2f4 ./CMSIS/EFM32PG12B/system_efm32pg12b.o
 .debug_line    0x0000036c      0x487 ./emlib/em_acmp.o
 .debug_line    0x000007f3      0x4fd ./emlib/em_adc.o
 .debug_line    0x00000cf0      0xc20 ./emlib/em_cmu.o
 .debug_line    0x00001910      0x56b ./emlib/em_gpio.o
 .debug_line    0x00001e7b      0x5f7 ./emlib/em_usart.o
 .debug_line    0x00002472      0x2fe ./src/main.o
 .debug_line    0x00002770      0x781 ./src/setup.o

.debug_info     0x00000000     0xb229
 .debug_info    0x00000000       0xae ./CMSIS/EFM32PG12B/startup_gcc_efm32pg12b.o
 .debug_info    0x000000ae      0x8a9 ./CMSIS/EFM32PG12B/system_efm32pg12b.o
 .debug_info    0x00000957      0xefc ./emlib/em_acmp.o
 .debug_info    0x00001853     0x1c49 ./emlib/em_adc.o
 .debug_info    0x0000349c     0x23fb ./emlib/em_cmu.o
 .debug_info    0x00005897      0xa43 ./emlib/em_gpio.o
 .debug_info    0x000062da     0x100f ./emlib/em_usart.o
 .debug_info    0x000072e9      0xca1 ./src/main.o
 .debug_info    0x00007f8a     0x329f ./src/setup.o

.debug_abbrev   0x00000000     0x10bc
 .debug_abbrev  0x00000000       0x14 ./CMSIS/EFM32PG12B/startup_gcc_efm32pg12b.o
 .debug_abbrev  0x00000014      0x1d2 ./CMSIS/EFM32PG12B/system_efm32pg12b.o
 .debug_abbrev  0x000001e6      0x1cd ./emlib/em_acmp.o
 .debug_abbrev  0x000003b3      0x20b ./emlib/em_adc.o
 .debug_abbrev  0x000005be      0x307 ./emlib/em_cmu.o
 .debug_abbrev  0x000008c5      0x1da ./emlib/em_gpio.o
 .debug_abbrev  0x00000a9f      0x1d9 ./emlib/em_usart.o
 .debug_abbrev  0x00000c78      0x113 ./src/main.o
 .debug_abbrev  0x00000d8b      0x331 ./src/setup.o

.debug_aranges  0x00000000      0x5d0
 .debug_aranges
                0x00000000       0x20 ./CMSIS/EFM32PG12B/startup_gcc_efm32pg12b.o
 .debug_aranges
                0x00000020       0x68 ./CMSIS/EFM32PG12B/system_efm32pg12b.o
 .debug_aranges
                0x00000088       0x90 ./emlib/em_acmp.o
 .debug_aranges
                0x00000118       0x90 ./emlib/em_adc.o
 .debug_aranges
                0x000001a8      0x1c0 ./emlib/em_cmu.o
 .debug_aranges
                0x00000368       0x88 ./emlib/em_gpio.o
 .debug_aranges
                0x000003f0       0xb8 ./emlib/em_usart.o
 .debug_aranges
                0x000004a8       0x30 ./src/main.o
 .debug_aranges
                0x000004d8       0xf8 ./src/setup.o

.debug_loc      0x00000000     0x31ea
 .debug_loc     0x00000000      0x2e4 ./CMSIS/EFM32PG12B/system_efm32pg12b.o
 .debug_loc     0x000002e4      0x510 ./emlib/em_acmp.o
 .debug_loc     0x000007f4      0x504 ./emlib/em_adc.o
 .debug_loc     0x00000cf8     0x10a8 ./emlib/em_cmu.o
 .debug_loc     0x00001da0      0x4b4 ./emlib/em_gpio.o
 .debug_loc     0x00002254      0x6d2 ./emlib/em_usart.o
 .debug_loc     0x00002926       0xc0 ./src/main.o
 .debug_loc     0x000029e6      0x804 ./src/setup.o

.debug_ranges   0x00000000      0x530
 .debug_ranges  0x00000000       0x58 ./CMSIS/EFM32PG12B/system_efm32pg12b.o
 .debug_ranges  0x00000058       0x80 ./emlib/em_acmp.o
 .debug_ranges  0x000000d8       0x80 ./emlib/em_adc.o
 .debug_ranges  0x00000158      0x1b0 ./emlib/em_cmu.o
 .debug_ranges  0x00000308       0x78 ./emlib/em_gpio.o
 .debug_ranges  0x00000380       0xa8 ./emlib/em_usart.o
 .debug_ranges  0x00000428       0x20 ./src/main.o
 .debug_ranges  0x00000448       0xe8 ./src/setup.o

.debug_str      0x00000000     0x7596
 .debug_str     0x00000000      0x60d ./CMSIS/EFM32PG12B/system_efm32pg12b.o
                                0x675 (size before relaxing)
 .debug_str     0x0000060d     0x196d ./emlib/em_acmp.o
                               0x1bca (size before relaxing)
 .debug_str     0x00001f7a     0x28cc ./emlib/em_adc.o
                               0x2c78 (size before relaxing)
 .debug_str     0x00004846      0xeb1 ./emlib/em_cmu.o
                               0x19e8 (size before relaxing)
 .debug_str     0x000056f7      0x446 ./emlib/em_gpio.o
                                0x8a9 (size before relaxing)
 .debug_str     0x00005b3d      0xa37 ./emlib/em_usart.o
                                0xf8d (size before relaxing)
 .debug_str     0x00006574       0x49 ./src/main.o
                                0xadd (size before relaxing)
 .debug_str     0x000065bd      0xfd9 ./src/setup.o
                               0x4e96 (size before relaxing)

.debug_frame    0x00000000     0x17d8
 .debug_frame   0x00000000      0x164 ./CMSIS/EFM32PG12B/system_efm32pg12b.o
 .debug_frame   0x00000164      0x24c ./emlib/em_acmp.o
 .debug_frame   0x000003b0      0x248 ./emlib/em_adc.o
 .debug_frame   0x000005f8      0x7ac ./emlib/em_cmu.o
 .debug_frame   0x00000da4      0x228 ./emlib/em_gpio.o
 .debug_frame   0x00000fcc      0x310 ./emlib/em_usart.o
 .debug_frame   0x000012dc       0x70 ./src/main.o
 .debug_frame   0x0000134c      0x3f8 ./src/setup.o
 .debug_frame   0x00001744       0x28 c:/siliconlabs/simplicitystudio/v4/developer/toolchains/gnu_arm/4.9_2015q3/bin/../lib/gcc/arm-none-eabi/4.9.3/../../../../arm-none-eabi/lib/armv7e-m/softfp\libc_nano.a(lib_a-exit.o)
 .debug_frame   0x0000176c       0x2c c:/siliconlabs/simplicitystudio/v4/developer/toolchains/gnu_arm/4.9_2015q3/bin/../lib/gcc/arm-none-eabi/4.9.3/../../../../arm-none-eabi/lib/armv7e-m/softfp\libc_nano.a(lib_a-init.o)
 .debug_frame   0x00001798       0x20 c:/siliconlabs/simplicitystudio/v4/developer/toolchains/gnu_arm/4.9_2015q3/bin/../lib/gcc/arm-none-eabi/4.9.3/../../../../arm-none-eabi/lib/armv7e-m/softfp\libc_nano.a(lib_a-memset.o)
 .debug_frame   0x000017b8       0x20 c:/siliconlabs/simplicitystudio/v4/developer/toolchains/gnu_arm/4.9_2015q3/bin/../lib/gcc/arm-none-eabi/4.9.3/../../../../arm-none-eabi/lib/armv7e-m/softfp\libnosys.a(_exit.o)

.stabstr        0x00000000       0x3f
 .stabstr       0x00000000       0x3f c:/siliconlabs/simplicitystudio/v4/developer/toolchains/gnu_arm/4.9_2015q3/bin/../lib/gcc/arm-none-eabi/4.9.3/../../../../arm-none-eabi/lib/armv7e-m/softfp\libnosys.a(times.o)
