Archive member included because of file (symbol)

c:/siliconlabs/simplicitystudio/v4/developer/toolchains/gnu_arm/4.9_2015q3/bin/../lib/gcc/arm-none-eabi/4.9.3/armv7e-m/softfp\libgcc.a(_arm_addsubdf3.o)
                              ./src/inttemp.o (__aeabi_ui2d)
c:/siliconlabs/simplicitystudio/v4/developer/toolchains/gnu_arm/4.9_2015q3/bin/../lib/gcc/arm-none-eabi/4.9.3/armv7e-m/softfp\libgcc.a(_arm_muldivdf3.o)
                              ./src/inttemp.o (__aeabi_dmul)
c:/siliconlabs/simplicitystudio/v4/developer/toolchains/gnu_arm/4.9_2015q3/bin/../lib/gcc/arm-none-eabi/4.9.3/armv7e-m/softfp\libgcc.a(_arm_truncdfsf2.o)
                              ./src/inttemp.o (__aeabi_d2f)
c:/siliconlabs/simplicitystudio/v4/developer/toolchains/gnu_arm/4.9_2015q3/bin/../lib/gcc/arm-none-eabi/4.9.3/armv7e-m/softfp\libgcc.a(_aeabi_uldivmod.o)
                              ./Drivers/rtcdriver.o (__aeabi_uldivmod)
c:/siliconlabs/simplicitystudio/v4/developer/toolchains/gnu_arm/4.9_2015q3/bin/../lib/gcc/arm-none-eabi/4.9.3/armv7e-m/softfp\libgcc.a(bpabi.o)
                              c:/siliconlabs/simplicitystudio/v4/developer/toolchains/gnu_arm/4.9_2015q3/bin/../lib/gcc/arm-none-eabi/4.9.3/armv7e-m/softfp\libgcc.a(_aeabi_uldivmod.o) (__gnu_uldivmod_helper)
c:/siliconlabs/simplicitystudio/v4/developer/toolchains/gnu_arm/4.9_2015q3/bin/../lib/gcc/arm-none-eabi/4.9.3/armv7e-m/softfp\libgcc.a(_dvmd_tls.o)
                              c:/siliconlabs/simplicitystudio/v4/developer/toolchains/gnu_arm/4.9_2015q3/bin/../lib/gcc/arm-none-eabi/4.9.3/armv7e-m/softfp\libgcc.a(_aeabi_uldivmod.o) (__aeabi_ldiv0)
c:/siliconlabs/simplicitystudio/v4/developer/toolchains/gnu_arm/4.9_2015q3/bin/../lib/gcc/arm-none-eabi/4.9.3/armv7e-m/softfp\libgcc.a(_divdi3.o)
                              c:/siliconlabs/simplicitystudio/v4/developer/toolchains/gnu_arm/4.9_2015q3/bin/../lib/gcc/arm-none-eabi/4.9.3/armv7e-m/softfp\libgcc.a(bpabi.o) (__divdi3)
c:/siliconlabs/simplicitystudio/v4/developer/toolchains/gnu_arm/4.9_2015q3/bin/../lib/gcc/arm-none-eabi/4.9.3/armv7e-m/softfp\libgcc.a(_udivdi3.o)
                              c:/siliconlabs/simplicitystudio/v4/developer/toolchains/gnu_arm/4.9_2015q3/bin/../lib/gcc/arm-none-eabi/4.9.3/armv7e-m/softfp\libgcc.a(bpabi.o) (__udivdi3)
c:/siliconlabs/simplicitystudio/v4/developer/toolchains/gnu_arm/4.9_2015q3/bin/../lib/gcc/arm-none-eabi/4.9.3/../../../../arm-none-eabi/lib/armv7e-m/softfp\libc_nano.a(lib_a-exit.o)
                              c:/siliconlabs/simplicitystudio/v4/developer/toolchains/gnu_arm/4.9_2015q3/bin/../lib/gcc/arm-none-eabi/4.9.3/../../../../arm-none-eabi/lib/armv7e-m/softfp/crt0.o (exit)
c:/siliconlabs/simplicitystudio/v4/developer/toolchains/gnu_arm/4.9_2015q3/bin/../lib/gcc/arm-none-eabi/4.9.3/../../../../arm-none-eabi/lib/armv7e-m/softfp\libc_nano.a(lib_a-impure.o)
                              c:/siliconlabs/simplicitystudio/v4/developer/toolchains/gnu_arm/4.9_2015q3/bin/../lib/gcc/arm-none-eabi/4.9.3/../../../../arm-none-eabi/lib/armv7e-m/softfp\libc_nano.a(lib_a-exit.o) (_global_impure_ptr)
c:/siliconlabs/simplicitystudio/v4/developer/toolchains/gnu_arm/4.9_2015q3/bin/../lib/gcc/arm-none-eabi/4.9.3/../../../../arm-none-eabi/lib/armv7e-m/softfp\libc_nano.a(lib_a-init.o)
                              c:/siliconlabs/simplicitystudio/v4/developer/toolchains/gnu_arm/4.9_2015q3/bin/../lib/gcc/arm-none-eabi/4.9.3/../../../../arm-none-eabi/lib/armv7e-m/softfp/crt0.o (__libc_init_array)
c:/siliconlabs/simplicitystudio/v4/developer/toolchains/gnu_arm/4.9_2015q3/bin/../lib/gcc/arm-none-eabi/4.9.3/../../../../arm-none-eabi/lib/armv7e-m/softfp\libc_nano.a(lib_a-memcpy.o)
                              ./Drivers/display.o (memcpy)
c:/siliconlabs/simplicitystudio/v4/developer/toolchains/gnu_arm/4.9_2015q3/bin/../lib/gcc/arm-none-eabi/4.9.3/../../../../arm-none-eabi/lib/armv7e-m/softfp\libc_nano.a(lib_a-memset.o)
                              c:/siliconlabs/simplicitystudio/v4/developer/toolchains/gnu_arm/4.9_2015q3/bin/../lib/gcc/arm-none-eabi/4.9.3/../../../../arm-none-eabi/lib/armv7e-m/softfp/crt0.o (memset)
c:/siliconlabs/simplicitystudio/v4/developer/toolchains/gnu_arm/4.9_2015q3/bin/../lib/gcc/arm-none-eabi/4.9.3/../../../../arm-none-eabi/lib/armv7e-m/softfp\libc_nano.a(lib_a-nano-vfprintf_float.o)
                              (_printf_float)
c:/siliconlabs/simplicitystudio/v4/developer/toolchains/gnu_arm/4.9_2015q3/bin/../lib/gcc/arm-none-eabi/4.9.3/../../../../arm-none-eabi/lib/armv7e-m/softfp\libc_nano.a(lib_a-nano-vfprintf_i.o)
                              c:/siliconlabs/simplicitystudio/v4/developer/toolchains/gnu_arm/4.9_2015q3/bin/../lib/gcc/arm-none-eabi/4.9.3/../../../../arm-none-eabi/lib/armv7e-m/softfp\libc_nano.a(lib_a-nano-vfprintf_float.o) (_printf_common)
c:/siliconlabs/simplicitystudio/v4/developer/toolchains/gnu_arm/4.9_2015q3/bin/../lib/gcc/arm-none-eabi/4.9.3/../../../../arm-none-eabi/lib/armv7e-m/softfp\libc_nano.a(lib_a-s_fpclassify.o)
[...]
Memory Configuration

Name             Origin             Length             Attributes
FLASH            0x00000000         0x00100000         xr
RAM              0x20000000         0x00040000         xrw
*default*        0x00000000         0xffffffff

Linker script and memory map

LOAD c:/siliconlabs/simplicitystudio/v4/developer/toolchains/gnu_arm/4.9_2015q3/bin/../lib/gcc/arm-none-eabi/4.9.3/armv7e-m/softfp/crti.o
LOAD c:/siliconlabs/simplicitystudio/v4/developer/toolchains/gnu_arm/4.9_2015q3/bin/../lib/gcc/arm-none-eabi/4.9.3/armv7e-m/softfp/crtbegin.o
LOAD c:/siliconlabs/simplicitystudio/v4/developer/toolchains/gnu_arm/4.9_2015q3/bin/../lib/gcc/arm-none-eabi/4.9.3/../../../../arm-none-eabi/lib/armv7e-m/softfp/crt0.o
LOAD ./BSP/bsp_bcc.o
LOAD ./BSP/bsp_stk.o
LOAD ./CMSIS/EFM32PG12B/startup_efm32pg12b.o
LOAD ./CMSIS/EFM32PG12B/system_efm32pg12b.o
LOAD ./Drivers/display.o
LOAD ./Drivers/displayls013b7dh03.o
LOAD ./Drivers/displaypalemlib.o
LOAD ./Drivers/rtcdriver.o
LOAD ./Drivers/udelay.o
LOAD ./Graphics/dmd_display.o
LOAD ./Graphics/glib.o
LOAD ./Graphics/glib_bitmap.o
LOAD ./Graphics/glib_circle.o
LOAD ./Graphics/glib_font_narrow_6x8.o
LOAD ./Graphics/glib_font_normal_8x8.o
LOAD ./Graphics/glib_line.o
LOAD ./Graphics/glib_rectangle.o
LOAD ./Graphics/glib_string.o
LOAD ./emlib/em_adc.o
LOAD ./emlib/em_assert.o
LOAD ./emlib/em_cmu.o
LOAD ./emlib/em_core.o
LOAD ./emlib/em_emu.o
LOAD ./emlib/em_gpio.o
LOAD ./emlib/em_rtcc.o
LOAD ./emlib/em_system.o
LOAD ./emlib/em_usart.o
LOAD ./src/graphics.o
LOAD ./src/inttemp.o
START GROUP
LOAD c:/siliconlabs/simplicitystudio/v4/developer/toolchains/gnu_arm/4.9_2015q3/bin/../lib/gcc/arm-none-eabi/4.9.3/armv7e-m/softfp\libgcc.a
LOAD c:/siliconlabs/simplicitystudio/v4/developer/toolchains/gnu_arm/4.9_2015q3/bin/../lib/gcc/arm-none-eabi/4.9.3/../../../../arm-none-eabi/lib/armv7e-m/softfp\libc_nano.a
LOAD c:/siliconlabs/simplicitystudio/v4/developer/toolchains/gnu_arm/4.9_2015q3/bin/../lib/gcc/arm-none-eabi/4.9.3/../../../../arm-none-eabi/lib/armv7e-m/softfp\libnosys.a
END GROUP
START GROUP
LOAD c:/siliconlabs/simplicitystudio/v4/developer/toolchains/gnu_arm/4.9_2015q3/bin/../lib/gcc/arm-none-eabi/4.9.3/armv7e-m/softfp\libgcc.a
LOAD c:/siliconlabs/simplicitystudio/v4/developer/toolchains/gnu_arm/4.9_2015q3/bin/../lib/gcc/arm-none-eabi/4.9.3/../../../../arm-none-eabi/lib/armv7e-m/softfp\libg_nano.a
LOAD c:/siliconlabs/simplicitystudio/v4/developer/toolchains/gnu_arm/4.9_2015q3/bin/../lib/gcc/arm-none-eabi/4.9.3/../../../../arm-none-eabi/lib/armv7e-m/softfp\libc_nano.a
END GROUP
START GROUP
LOAD c:/siliconlabs/simplicitystudio/v4/developer/toolchains/gnu_arm/4.9_2015q3/bin/../lib/gcc/arm-none-eabi/4.9.3/armv7e-m/softfp\libgcc.a
LOAD c:/siliconlabs/simplicitystudio/v4/developer/toolchains/gnu_arm/4.9_2015q3/bin/../lib/gcc/arm-none-eabi/4.9.3/../../../../arm-none-eabi/lib/armv7e-m/softfp\libc_nano.a
END GROUP
LOAD c:/siliconlabs/simplicitystudio/v4/developer/toolchains/gnu_arm/4.9_2015q3/bin/../lib/gcc/arm-none-eabi/4.9.3/armv7e-m/softfp/crtend.o
LOAD c:/siliconlabs/simplicitystudio/v4/developer/toolchains/gnu_arm/4.9_2015q3/bin/../lib/gcc/arm-none-eabi/4.9.3/armv7e-m/softfp/crtn.o

.text           0x00000000     0x61ec
 *(.vectors)
 .vectors       0x00000000      0x10c ./CMSIS/EFM32PG12B/startup_efm32pg12b.o
                0x00000000                __Vectors
                0x0000010c                __Vectors_End = .
                0x0000010c                __Vectors_Size = (__Vectors_End - __Vectors)
                0x0000010c                __end__ = .
 *(.text*)
 .text          0x0000010c       0x5c c:/siliconlabs/simplicitystudio/v4/developer/toolchains/gnu_arm/4.9_2015q3/bin/../lib/gcc/arm-none-eabi/4.9.3/armv7e-m/softfp/crtbegin.o
 .text          0x00000168       0x74 c:/siliconlabs/simplicitystudio/v4/developer/toolchains/gnu_arm/4.9_2015q3/bin/../lib/gcc/arm-none-eabi/4.9.3/../../../../arm-none-eabi/lib/armv7e-m/softfp/crt0.o
                0x00000168                _start
                0x00000168                _mainCRTStartup
 .text          0x000001dc       0x30 ./CMSIS/EFM32PG12B/startup_efm32pg12b.o
                0x000001dc                Reset_Handler
                0x00000208                USART0_TX_IRQHandler
                0x00000208                I2C0_IRQHandler
                0x00000208                HardFault_Handler
                0x00000208                SysTick_Handler
                0x00000208                USART1_RX_IRQHandler
                0x00000208                PendSV_Handler
                0x00000208                NMI_Handler
                0x00000208                I2C1_IRQHandler
                0x00000208                WTIMER0_IRQHandler
                0x00000208                CRYPTO0_IRQHandler
                0x00000208                WDOG0_IRQHandler
                0x00000208                USART1_TX_IRQHandler
                0x00000208                SMU_IRQHandler
                0x00000208                MSC_IRQHandler
                0x00000208                ADC0_IRQHandler
                0x00000208                UsageFault_Handler
                0x00000208                WDOG1_IRQHandler
                0x00000208                LEUART0_IRQHandler
                0x00000208                FPUEH_IRQHandler
                0x00000208                WTIMER1_IRQHandler
                0x00000208                GPIO_EVEN_IRQHandler
                0x00000208                VDAC0_IRQHandler
                0x00000208                LDMA_IRQHandler
                0x00000208                CSEN_IRQHandler
                0x00000208                CRYPTO1_IRQHandler
                0x00000208                TIMER0_IRQHandler
                0x00000208                DebugMon_Handler
                0x00000208                PCNT2_IRQHandler
                0x00000208                LETIMER0_IRQHandler
                0x00000208                TIMER1_IRQHandler
                0x00000208                TRNG0_IRQHandler
                0x00000208                USART2_RX_IRQHandler
                0x00000208                Default_Handler
                0x00000208                EMU_IRQHandler
                0x00000208                CRYOTIMER_IRQHandler
                0x00000208                PCNT0_IRQHandler
                0x00000208                PCNT1_IRQHandler
                0x00000208                ACMP0_IRQHandler
                0x00000208                USART0_RX_IRQHandler
                0x00000208                MemManage_Handler
                0x00000208                SVC_Handler
                0x00000208                USART3_RX_IRQHandler
                0x00000208                CMU_IRQHandler
                0x00000208                LESENSE_IRQHandler
                0x00000208                GPIO_ODD_IRQHandler
                0x00000208                USART3_TX_IRQHandler
                0x00000208                BusFault_Handler
                0x00000208                USART2_TX_IRQHandler
                0x00000208                IDAC0_IRQHandler
 .text.SystemMaxCoreClockGet
                0x0000020c        0x8 ./CMSIS/EFM32PG12B/system_efm32pg12b.o
                0x0000020c                SystemMaxCoreClockGet
 .text.SystemHFClockGet
                0x00000214       0x48 ./CMSIS/EFM32PG12B/system_efm32pg12b.o
                0x00000214                SystemHFClockGet
 .text.SystemCoreClockGet
                0x0000025c       0x24 ./CMSIS/EFM32PG12B/system_efm32pg12b.o
                0x0000025c                SystemCoreClockGet
 .text.SystemHFXOClockGet
                0x00000280        0xc ./CMSIS/EFM32PG12B/system_efm32pg12b.o
                0x00000280                SystemHFXOClockGet
 .text.SystemInit
                0x0000028c       0x14 ./CMSIS/EFM32PG12B/system_efm32pg12b.o
                0x0000028c                SystemInit
 .text.SystemLFRCOClockGet
                0x000002a0        0x6 ./CMSIS/EFM32PG12B/system_efm32pg12b.o
                0x000002a0                SystemLFRCOClockGet
 .text.SystemULFRCOClockGet
                0x000002a6        0x6 ./CMSIS/EFM32PG12B/system_efm32pg12b.o
                0x000002a6                SystemULFRCOClockGet
 .text.SystemLFXOClockGet
                0x000002ac        0xc ./CMSIS/EFM32PG12B/system_efm32pg12b.o
                0x000002ac                SystemLFXOClockGet
 .text.DISPLAY_Init
                0x000002b8       0x2c ./Drivers/display.o
                0x000002b8                DISPLAY_Init
 .text.DISPLAY_DeviceGet
                0x000002e4       0x38 ./Drivers/display.o
                0x000002e4                DISPLAY_DeviceGet
 .text.DISPLAY_DeviceRegister
                0x0000031c       0x44 ./Drivers/display.o
                0x0000031c                DISPLAY_DeviceRegister
 .text.PixelMatrixAllocate
                0x00000360       0x38 ./Drivers/displayls013b7dh03.o
 .text.PixelMatrixFree
                0x00000398        0x8 ./Drivers/displayls013b7dh03.o
 .text.DriverRefresh
                0x000003a0        0xe ./Drivers/displayls013b7dh03.o
 .text.PixelMatrixClear
                0x000003ae       0x20 ./Drivers/displayls013b7dh03.o
 .text.PixelMatrixDraw
                0x000003ce       0x80 ./Drivers/displayls013b7dh03.o
 .text.DisplayPolarityInverse
                0x0000044e        0xe ./Drivers/displayls013b7dh03.o
 .text.DisplayEnable
                0x0000045c       0x18 ./Drivers/displayls013b7dh03.o
 .text.DISPLAY_Ls013b7dh03Init
                0x00000474       0xec ./Drivers/displayls013b7dh03.o
                0x00000474                DISPLAY_Ls013b7dh03Init
 .text.PAL_SpiInit
                0x00000560       0x50 ./Drivers/displaypalemlib.o
                0x00000560                PAL_SpiInit
 .text.PAL_SpiTransmit
                0x000005b0       0x3c ./Drivers/displaypalemlib.o
                0x000005b0                PAL_SpiTransmit
 .text.PAL_TimerInit
                0x000005ec        0xa ./Drivers/displaypalemlib.o
                0x000005ec                PAL_TimerInit
 .text.PAL_TimerMicroSecondsDelay
                0x000005f6        0xa ./Drivers/displaypalemlib.o
                0x000005f6                PAL_TimerMicroSecondsDelay
 .text.PAL_TimerRepeat
                0x00000600       0x14 ./Drivers/displaypalemlib.o
                0x00000600                PAL_TimerRepeat
 .text.PAL_GpioInit
                0x00000614       0x14 ./Drivers/displaypalemlib.o
                0x00000614                PAL_GpioInit
 .text.PAL_GpioPinModeSet
                0x00000628       0x1c ./Drivers/displaypalemlib.o
                0x00000628                PAL_GpioPinModeSet
 .text.PAL_GpioPinOutSet
                0x00000644       0x18 ./Drivers/displaypalemlib.o
                0x00000644                PAL_GpioPinOutSet
 .text.PAL_GpioPinOutClear
                0x0000065c       0x18 ./Drivers/displaypalemlib.o
                0x0000065c                PAL_GpioPinOutClear
 .text.PAL_GpioPinOutToggle
                0x00000674       0x1a ./Drivers/displaypalemlib.o
                0x00000674                PAL_GpioPinOutToggle
 *fill*         0x0000068e        0x2 
 .text.checkAllTimers
                0x00000690       0xa8 ./Drivers/rtcdriver.o
 .text.executeTimerCallbacks
                0x00000738       0x24 ./Drivers/rtcdriver.o
 .text.rescheduleRtc
                0x0000075c       0x78 ./Drivers/rtcdriver.o
 .text.RTCDRV_AllocateTimer
                0x000007d4       0x40 ./Drivers/rtcdriver.o
                0x000007d4                RTCDRV_AllocateTimer
 .text.RTCDRV_Init
                0x00000814       0xa8 ./Drivers/rtcdriver.o
                0x00000814                RTCDRV_Init
 .text.RTCDRV_StartTimer
                0x000008bc      0x180 ./Drivers/rtcdriver.o
                0x000008bc                RTCDRV_StartTimer
 .text.RTCC_IRQHandler
                0x00000a3c       0x80 ./Drivers/rtcdriver.o
                0x00000a3c                RTCC_IRQHandler
 .text.UDELAY_Calibrate
                0x00000abc      0x1b0 ./Drivers/udelay.o
                0x00000abc                UDELAY_Calibrate
 .text.UDELAY_Delay
                0x00000c6c       0x28 ./Drivers/udelay.o
                0x00000c6c                UDELAY_Delay
 .text.DMD_getDisplayGeometry
                0x00000c94       0x1c ./Graphics/dmd_display.o
                0x00000c94                DMD_getDisplayGeometry
 .text.DMD_setClippingArea
                0x00000cb0       0x40 ./Graphics/dmd_display.o
                0x00000cb0                DMD_setClippingArea
 .text.DMD_writeColor
                0x00000cf0      0x168 ./Graphics/dmd_display.o
                0x00000cf0                DMD_writeColor
 .text.DMD_allocateFramebuffer
                0x00000e58       0x38 ./Graphics/dmd_display.o
                0x00000e58                DMD_allocateFramebuffer
 .text.DMD_init
                0x00000e90       0x70 ./Graphics/dmd_display.o
                0x00000e90                DMD_init
 .text.DMD_updateDisplay
                0x00000f00       0xa0 ./Graphics/dmd_display.o
                0x00000f00                DMD_updateDisplay
 .text.GLIB_resetDisplayClippingArea
                0x00000fa0       0x14 ./Graphics/glib.o
                0x00000fa0                GLIB_resetDisplayClippingArea
 .text.GLIB_clear
                0x00000fb4       0x32 ./Graphics/glib.o
                0x00000fb4                GLIB_clear
 .text.GLIB_applyClippingRegion
                0x00000fe6       0x20 ./Graphics/glib.o
                0x00000fe6                GLIB_applyClippingRegion
 .text.GLIB_setClippingRegion
                0x00001006       0x48 ./Graphics/glib.o
                0x00001006                GLIB_setClippingRegion
 *fill*         0x0000104e        0x2 
 .text.GLIB_contextInit
                0x00001050       0x54 ./Graphics/glib.o
                0x00001050                GLIB_contextInit
 .text.GLIB_drawPixel
                0x000010a4       0x38 ./Graphics/glib.o
                0x000010a4                GLIB_drawPixel
 .text.GLIB_drawPixelColor
                0x000010dc       0x36 ./Graphics/glib.o
                0x000010dc                GLIB_drawPixelColor
 .text.GLIB_rectContainsPoint
                0x00001112       0x24 ./Graphics/glib_rectangle.o
                0x00001112                GLIB_rectContainsPoint
 .text.GLIB_drawChar
                0x00001136      0x136 ./Graphics/glib_string.o
                0x00001136                GLIB_drawChar
 .text.GLIB_drawString
                0x0000126c       0x7a ./Graphics/glib_string.o
                0x0000126c                GLIB_drawString
 .text.GLIB_setFont
                0x000012e6       0x1c ./Graphics/glib_string.o
                0x000012e6                GLIB_setFont
 *fill*         0x00001302        0x2 
 .text.ADC_LoadDevinfoCal
                0x00001304       0xbc ./emlib/em_adc.o
 .text.ADC_InitSingle
                0x000013c0       0xae ./emlib/em_adc.o
                0x000013c0                ADC_InitSingle
 *fill*         0x0000146e        0x2 
 .text.ADC_PrescaleCalc
                0x00001470       0x3c ./emlib/em_adc.o
                0x00001470                ADC_PrescaleCalc
 .text.ADC_Init
                0x000014ac       0x5c ./emlib/em_adc.o
                0x000014ac                ADC_Init
 .text.ADC_TimebaseCalc
                0x00001508       0x2c ./emlib/em_adc.o
                0x00001508                ADC_TimebaseCalc
 .text.flashWaitStateControl
                0x00001534       0x50 ./emlib/em_cmu.o
 .text.CMU_HFRCODevinfoGet
                0x00001584       0xb8 ./emlib/em_cmu.o
 .text.flashWaitStateMax
                0x0000163c       0x10 ./emlib/em_cmu.o
 .text.syncReg  0x0000164c       0x18 ./emlib/em_cmu.o
 .text.setHfLeConfig
                0x00001664       0x44 ./emlib/em_cmu.o
 .text.EMU_VScaleGet
                0x000016a8       0x1c ./emlib/em_cmu.o
 .text.CMU_UpdateWaitStates
                0x000016c4        0x4 ./emlib/em_cmu.o
                0x000016c4                CMU_UpdateWaitStates
 .text.CMU_ClockEnable
                0x000016c8       0x7c ./emlib/em_cmu.o
                0x000016c8                CMU_ClockEnable
 .text.CMU_ClockPrescGet
                0x00001744       0xb0 ./emlib/em_cmu.o
                0x00001744                CMU_ClockPrescGet
 .text.CMU_ClockDivGet
                0x000017f4        0xa ./emlib/em_cmu.o
                0x000017f4                CMU_ClockDivGet
 *fill*         0x000017fe        0x2 
 .text.CMU_ClockSelectGet
                0x00001800       0xbc ./emlib/em_cmu.o
                0x00001800                CMU_ClockSelectGet
 .text.lfClkGet
                0x000018bc       0x88 ./emlib/em_cmu.o
 .text.CMU_ClockFreqGet
                0x00001944      0x178 ./emlib/em_cmu.o
                0x00001944                CMU_ClockFreqGet
 .text.CMU_ClockPrescSet
                0x00001abc      0x19c ./emlib/em_cmu.o
                0x00001abc                CMU_ClockPrescSet
 .text.CMU_ClockDivSet
                0x00001c58        0x6 ./emlib/em_cmu.o
                0x00001c58                CMU_ClockDivSet
 *fill*         0x00001c5e        0x2 
 .text.CMU_HFRCOBandSet
                0x00001c60       0xc4 ./emlib/em_cmu.o
                0x00001c60                CMU_HFRCOBandSet
 .text.CMU_OscillatorTuningSet
                0x00001d24       0xa4 ./emlib/em_cmu.o
                0x00001d24                CMU_OscillatorTuningSet
 .text.CMU_OscillatorTuningWait
                0x00001dc8       0x48 ./emlib/em_cmu.o
                0x00001dc8                CMU_OscillatorTuningWait
 .text.CMU_OscillatorTuningOptimize
                0x00001e10       0x24 ./emlib/em_cmu.o
                0x00001e10                CMU_OscillatorTuningOptimize
 .text.CMU_OscillatorEnable
                0x00001e34       0xfc ./emlib/em_cmu.o
                0x00001e34                CMU_OscillatorEnable
 .text.CMU_ClockSelectSet
                0x00001f30      0x1a0 ./emlib/em_cmu.o
                0x00001f30                CMU_ClockSelectSet
 .text.CMU_HFXOInit
                0x000020d0       0x7c ./emlib/em_cmu.o
                0x000020d0                CMU_HFXOInit
 .text.CORE_EnterAtomic
                0x0000214c        0x8 ./emlib/em_core.o
                0x0000214c                CORE_EnterAtomic
 .text.CORE_ExitAtomic
                0x00002154        0x6 ./emlib/em_core.o
                0x00002154                CORE_ExitAtomic
 *fill*         0x0000215a        0x2 
 .text.EMU_VScaleWait
                0x0000215c       0x10 ./emlib/em_emu.o
 .text.vScaleDownEM23Setup
                0x0000216c       0x54 ./emlib/em_emu.o
 .text.emState.part.2
                0x000021c0       0x70 ./emlib/em_emu.o
 .text.emState  0x00002230       0x4c ./emlib/em_emu.o
 .text.EMU_EnterEM2
                0x0000227c       0x34 ./emlib/em_emu.o
                0x0000227c                EMU_EnterEM2
 .text.EMU_VScaleEM01
                0x000022b0       0x58 ./emlib/em_emu.o
                0x000022b0                EMU_VScaleEM01
 .text.EMU_VScaleEM01ByClock
                0x00002308       0x40 ./emlib/em_emu.o
                0x00002308                EMU_VScaleEM01ByClock
 .text.GPIO_PinModeSet
                0x00002348       0x78 ./emlib/em_gpio.o
                0x00002348                GPIO_PinModeSet
 .text.RTCC_ChannelInit
                0x000023c0       0x34 ./emlib/em_rtcc.o
                0x000023c0                RTCC_ChannelInit
 .text.RTCC_Enable
                0x000023f4        0xc ./emlib/em_rtcc.o
                0x000023f4                RTCC_Enable
 .text.RTCC_Init
                0x00002400       0x3c ./emlib/em_rtcc.o
                0x00002400                RTCC_Init
 .text.USART_BaudrateSyncSet
                0x0000243c       0x24 ./emlib/em_usart.o
                0x0000243c                USART_BaudrateSyncSet
 .text.USART_Reset
                0x00002460       0x64 ./emlib/em_usart.o
                0x00002460                USART_Reset
 .text.USART_InitSync
                0x000024c4       0x84 ./emlib/em_usart.o
                0x000024c4                USART_InitSync
 .text.USART_Tx
                0x00002548        0xa ./emlib/em_usart.o
                0x00002548                USART_Tx
 .text.USART_TxDouble
                0x00002552        0xa ./emlib/em_usart.o
                0x00002552                USART_TxDouble
 .text.GRAPHICS_Init
                0x0000255c       0x3c ./src/graphics.o
                0x0000255c                GRAPHICS_Init
 .text.GRAPHICS_ShowTemp
                0x00002598       0xcc ./src/graphics.o
                0x00002598                GRAPHICS_ShowTemp
 .text.memLcdCallback
                0x00002664       0x24 ./src/inttemp.o
 .text.periodicUpdateCallback
                0x00002688        0xc ./src/inttemp.o
 .text.startup.main
                0x00002694      0x1a0 ./src/inttemp.o
                0x00002694                main
 .text.rtcIntCallbackRegister
                0x00002834       0x3c ./src/inttemp.o
                0x00002834                rtcIntCallbackRegister
 .text          0x00002870      0x370 c:/siliconlabs/simplicitystudio/v4/developer/toolchains/gnu_arm/4.9_2015q3/bin/../lib/gcc/arm-none-eabi/4.9.3/armv7e-m/softfp\libgcc.a(_arm_addsubdf3.o)
                0x00002870                __aeabi_drsub
                0x00002878                __aeabi_dsub
                0x00002878                __subdf3
                0x0000287c                __aeabi_dadd
                0x0000287c                __adddf3
                0x00002af4                __floatunsidf
                0x00002af4                __aeabi_ui2d
                0x00002b14                __floatsidf
                0x00002b14                __aeabi_i2d
                0x00002b38                __aeabi_f2d
                0x00002b38                __extendsfdf2
                0x00002b74                __floatundidf
                0x00002b74                __aeabi_ul2d
                0x00002b84                __floatdidf
                0x00002b84                __aeabi_l2d
 .text          0x00002be0      0x424 c:/siliconlabs/simplicitystudio/v4/developer/toolchains/gnu_arm/4.9_2015q3/bin/../lib/gcc/arm-none-eabi/4.9.3/armv7e-m/softfp\libgcc.a(_arm_muldivdf3.o)
                0x00002be0                __aeabi_dmul
                0x00002be0                __muldf3
                0x00002e34                __divdf3
                0x00002e34                __aeabi_ddiv
 .text          0x00003004       0xa0 c:/siliconlabs/simplicitystudio/v4/developer/toolchains/gnu_arm/4.9_2015q3/bin/../lib/gcc/arm-none-eabi/4.9.3/armv7e-m/softfp\libgcc.a(_arm_truncdfsf2.o)
                0x00003004                __truncdfsf2
                0x00003004                __aeabi_d2f
 .text          0x000030a4       0x30 c:/siliconlabs/simplicitystudio/v4/developer/toolchains/gnu_arm/4.9_2015q3/bin/../lib/gcc/arm-none-eabi/4.9.3/armv7e-m/softfp\libgcc.a(_aeabi_uldivmod.o)
                0x000030a4                __aeabi_uldivmod
 .text          0x000030d4       0x60 c:/siliconlabs/simplicitystudio/v4/developer/toolchains/gnu_arm/4.9_2015q3/bin/../lib/gcc/arm-none-eabi/4.9.3/armv7e-m/softfp\libgcc.a(bpabi.o)
                0x000030d4                __gnu_ldivmod_helper
                0x00003104                __gnu_uldivmod_helper
 .text          0x00003134        0x4 c:/siliconlabs/simplicitystudio/v4/developer/toolchains/gnu_arm/4.9_2015q3/bin/../lib/gcc/arm-none-eabi/4.9.3/armv7e-m/softfp\libgcc.a(_dvmd_tls.o)
                0x00003134                __aeabi_idiv0
                0x00003134                __aeabi_ldiv0
 .text          0x00003138      0x29c c:/siliconlabs/simplicitystudio/v4/developer/toolchains/gnu_arm/4.9_2015q3/bin/../lib/gcc/arm-none-eabi/4.9.3/armv7e-m/softfp\libgcc.a(_divdi3.o)
                0x00003138                __divdi3
 .text          0x000033d4      0x26c c:/siliconlabs/simplicitystudio/v4/developer/toolchains/gnu_arm/4.9_2015q3/bin/../lib/gcc/arm-none-eabi/4.9.3/armv7e-m/softfp\libgcc.a(_udivdi3.o)
                0x000033d4                __udivdi3
 .text.exit     0x00003640       0x28 c:/siliconlabs/simplicitystudio/v4/developer/toolchains/gnu_arm/4.9_2015q3/bin/../lib/gcc/arm-none-eabi/4.9.3/../../../../arm-none-eabi/lib/armv7e-m/softfp\libc_nano.a(lib_a-exit.o)
                0x00003640                exit
 .text.__libc_init_array
                0x00003668       0x4c c:/siliconlabs/simplicitystudio/v4/developer/toolchains/gnu_arm/4.9_2015q3/bin/../lib/gcc/arm-none-eabi/4.9.3/../../../../arm-none-eabi/lib/armv7e-m/softfp\libc_nano.a(lib_a-init.o)
                0x00003668                __libc_init_array
 .text.memcpy   0x000036b4       0x16 c:/siliconlabs/simplicitystudio/v4/developer/toolchains/gnu_arm/4.9_2015q3/bin/../lib/gcc/arm-none-eabi/4.9.3/../../../../arm-none-eabi/lib/armv7e-m/softfp\libc_nano.a(lib_a-memcpy.o)
                0x000036b4                memcpy
 .text.memset   0x000036ca       0x10 c:/siliconlabs/simplicitystudio/v4/developer/toolchains/gnu_arm/4.9_2015q3/bin/../lib/gcc/arm-none-eabi/4.9.3/../../../../arm-none-eabi/lib/armv7e-m/softfp\libc_nano.a(lib_a-memset.o)
                0x000036ca                memset
 .text.__cvt    0x000036da       0xc0 c:/siliconlabs/simplicitystudio/v4/developer/toolchains/gnu_arm/4.9_2015q3/bin/../lib/gcc/arm-none-eabi/4.9.3/../../../../arm-none-eabi/lib/armv7e-m/softfp\libc_nano.a(lib_a-nano-vfprintf_float.o)
                0x000036da                __cvt
 .text.__exponent
                0x0000379a       0x60 c:/siliconlabs/simplicitystudio/v4/developer/toolchains/gnu_arm/4.9_2015q3/bin/../lib/gcc/arm-none-eabi/4.9.3/../../../../arm-none-eabi/lib/armv7e-m/softfp\libc_nano.a(lib_a-nano-vfprintf_float.o)
                0x0000379a                __exponent
 *fill*         0x000037fa        0x2 
 .text._printf_float
                0x000037fc      0x48c c:/siliconlabs/simplicitystudio/v4/developer/toolchains/gnu_arm/4.9_2015q3/bin/../lib/gcc/arm-none-eabi/4.9.3/../../../../arm-none-eabi/lib/armv7e-m/softfp\libc_nano.a(lib_a-nano-vfprintf_float.o)
                0x000037fc                _printf_float
 .text._printf_common
                0x00003c88       0xea c:/siliconlabs/simplicitystudio/v4/developer/toolchains/gnu_arm/4.9_2015q3/bin/../lib/gcc/arm-none-eabi/4.9.3/../../../../arm-none-eabi/lib/armv7e-m/softfp\libc_nano.a(lib_a-nano-vfprintf_i.o)
                0x00003c88                _printf_common
 *fill*         0x00003d72        0x2 
 .text._printf_i
                0x00003d74      0x240 c:/siliconlabs/simplicitystudio/v4/developer/toolchains/gnu_arm/4.9_2015q3/bin/../lib/gcc/arm-none-eabi/4.9.3/../../../../arm-none-eabi/lib/armv7e-m/softfp\libc_nano.a(lib_a-nano-vfprintf_i.o)
                0x00003d74                _printf_i
 .text.__fpclassifyd
                0x00003fb4       0x54 c:/siliconlabs/simplicitystudio/v4/developer/toolchains/gnu_arm/4.9_2015q3/bin/../lib/gcc/arm-none-eabi/4.9.3/../../../../arm-none-eabi/lib/armv7e-m/softfp\libc_nano.a(lib_a-s_fpclassify.o)
                0x00003fb4                __fpclassifyd
 .text.snprintf
                0x00004008       0x64 c:/siliconlabs/simplicitystudio/v4/developer/toolchains/gnu_arm/4.9_2015q3/bin/../lib/gcc/arm-none-eabi/4.9.3/../../../../arm-none-eabi/lib/armv7e-m/softfp\libc_nano.a(lib_a-snprintf.o)
                0x00004008                sniprintf
                0x00004008                snprintf
 .text.strlen   0x0000406c       0x10 c:/siliconlabs/simplicitystudio/v4/developer/toolchains/gnu_arm/4.9_2015q3/bin/../lib/gcc/arm-none-eabi/4.9.3/../../../../arm-none-eabi/lib/armv7e-m/softfp\libc_nano.a(lib_a-strlen.o)
                0x0000406c                strlen
 .text.quorem   0x0000407c      0x11a c:/siliconlabs/simplicitystudio/v4/developer/toolchains/gnu_arm/4.9_2015q3/bin/../lib/gcc/arm-none-eabi/4.9.3/../../../../arm-none-eabi/lib/armv7e-m/softfp\libc_nano.a(lib_a-dtoa.o)
 *fill*         0x00004196        0x2 
 .text._dtoa_r  0x00004198      0xb88 c:/siliconlabs/simplicitystudio/v4/developer/toolchains/gnu_arm/4.9_2015q3/bin/../lib/gcc/arm-none-eabi/4.9.3/../../../../arm-none-eabi/lib/armv7e-m/softfp\libc_nano.a(lib_a-dtoa.o)
                0x00004198                _dtoa_r
 .text._localeconv_r
                0x00004d20        0x8 c:/siliconlabs/simplicitystudio/v4/developer/toolchains/gnu_arm/4.9_2015q3/bin/../lib/gcc/arm-none-eabi/4.9.3/../../../../arm-none-eabi/lib/armv7e-m/softfp\libc_nano.a(lib_a-locale.o)
                0x00004d20                _localeconv_r
 .text.malloc   0x00004d28       0x10 c:/siliconlabs/simplicitystudio/v4/developer/toolchains/gnu_arm/4.9_2015q3/bin/../lib/gcc/arm-none-eabi/4.9.3/../../../../arm-none-eabi/lib/armv7e-m/softfp\libc_nano.a(lib_a-malloc.o)
                0x00004d28                malloc
 .text.memchr   0x00004d38       0x1e c:/siliconlabs/simplicitystudio/v4/developer/toolchains/gnu_arm/4.9_2015q3/bin/../lib/gcc/arm-none-eabi/4.9.3/../../../../arm-none-eabi/lib/armv7e-m/softfp\libc_nano.a(lib_a-memchr.o)
                0x00004d38                memchr
 .text._Balloc  0x00004d56       0x6a c:/siliconlabs/simplicitystudio/v4/developer/toolchains/gnu_arm/4.9_2015q3/bin/../lib/gcc/arm-none-eabi/4.9.3/../../../../arm-none-eabi/lib/armv7e-m/softfp\libc_nano.a(lib_a-mprec.o)
                0x00004d56                _Balloc
 .text._Bfree   0x00004dc0       0x2e c:/siliconlabs/simplicitystudio/v4/developer/toolchains/gnu_arm/4.9_2015q3/bin/../lib/gcc/arm-none-eabi/4.9.3/../../../../arm-none-eabi/lib/armv7e-m/softfp\libc_nano.a(lib_a-mprec.o)
                0x00004dc0                _Bfree
 .text.__multadd
                0x00004dee       0x7c c:/siliconlabs/simplicitystudio/v4/developer/toolchains/gnu_arm/4.9_2015q3/bin/../lib/gcc/arm-none-eabi/4.9.3/../../../../arm-none-eabi/lib/armv7e-m/softfp\libc_nano.a(lib_a-mprec.o)
                0x00004dee                __multadd
 .text.__hi0bits
                0x00004e6a       0x40 c:/siliconlabs/simplicitystudio/v4/developer/toolchains/gnu_arm/4.9_2015q3/bin/../lib/gcc/arm-none-eabi/4.9.3/../../../../arm-none-eabi/lib/armv7e-m/softfp\libc_nano.a(lib_a-mprec.o)
                0x00004e6a                __hi0bits
 .text.__lo0bits
                0x00004eaa       0x5a c:/siliconlabs/simplicitystudio/v4/developer/toolchains/gnu_arm/4.9_2015q3/bin/../lib/gcc/arm-none-eabi/4.9.3/../../../../arm-none-eabi/lib/armv7e-m/softfp\libc_nano.a(lib_a-mprec.o)
                0x00004eaa                __lo0bits
 .text.__i2b    0x00004f04       0x12 c:/siliconlabs/simplicitystudio/v4/developer/toolchains/gnu_arm/4.9_2015q3/bin/../lib/gcc/arm-none-eabi/4.9.3/../../../../arm-none-eabi/lib/armv7e-m/softfp\libc_nano.a(lib_a-mprec.o)
                0x00004f04                __i2b
 .text.__multiply
                0x00004f16      0x122 c:/siliconlabs/simplicitystudio/v4/developer/toolchains/gnu_arm/4.9_2015q3/bin/../lib/gcc/arm-none-eabi/4.9.3/../../../../arm-none-eabi/lib/armv7e-m/softfp\libc_nano.a(lib_a-mprec.o)
                0x00004f16                __multiply
 .text.__pow5mult
                0x00005038       0x9c c:/siliconlabs/simplicitystudio/v4/developer/toolchains/gnu_arm/4.9_2015q3/bin/../lib/gcc/arm-none-eabi/4.9.3/../../../../arm-none-eabi/lib/armv7e-m/softfp\libc_nano.a(lib_a-mprec.o)
                0x00005038                __pow5mult
 .text.__lshift
                0x000050d4       0xa6 c:/siliconlabs/simplicitystudio/v4/developer/toolchains/gnu_arm/4.9_2015q3/bin/../lib/gcc/arm-none-eabi/4.9.3/../../../../arm-none-eabi/lib/armv7e-m/softfp\libc_nano.a(lib_a-mprec.o)
                0x000050d4                __lshift
 .text.__mcmp   0x0000517a       0x38 c:/siliconlabs/simplicitystudio/v4/developer/toolchains/gnu_arm/4.9_2015q3/bin/../lib/gcc/arm-none-eabi/4.9.3/../../../../arm-none-eabi/lib/armv7e-m/softfp\libc_nano.a(lib_a-mprec.o)
                0x0000517a                __mcmp
 .text.__mdiff  0x000051b2       0xbe c:/siliconlabs/simplicitystudio/v4/developer/toolchains/gnu_arm/4.9_2015q3/bin/../lib/gcc/arm-none-eabi/4.9.3/../../../../arm-none-eabi/lib/armv7e-m/softfp\libc_nano.a(lib_a-mprec.o)
                0x000051b2                __mdiff
 .text.__d2b    0x00005270       0xa4 c:/siliconlabs/simplicitystudio/v4/developer/toolchains/gnu_arm/4.9_2015q3/bin/../lib/gcc/arm-none-eabi/4.9.3/../../../../arm-none-eabi/lib/armv7e-m/softfp\libc_nano.a(lib_a-mprec.o)
                0x00005270                __d2b
 .text._calloc_r
                0x00005314       0x1c c:/siliconlabs/simplicitystudio/v4/developer/toolchains/gnu_arm/4.9_2015q3/bin/../lib/gcc/arm-none-eabi/4.9.3/../../../../arm-none-eabi/lib/armv7e-m/softfp\libc_nano.a(lib_a-nano-callocr.o)
                0x00005314                _calloc_r
 .text._free_r  0x00005330       0x88 c:/siliconlabs/simplicitystudio/v4/developer/toolchains/gnu_arm/4.9_2015q3/bin/../lib/gcc/arm-none-eabi/4.9.3/../../../../arm-none-eabi/lib/armv7e-m/softfp\libc_nano.a(lib_a-nano-freer.o)
                0x00005330                _free_r
 .text._malloc_r
                0x000053b8       0xac c:/siliconlabs/simplicitystudio/v4/developer/toolchains/gnu_arm/4.9_2015q3/bin/../lib/gcc/arm-none-eabi/4.9.3/../../../../arm-none-eabi/lib/armv7e-m/softfp\libc_nano.a(lib_a-nano-mallocr.o)
                0x000053b8                _malloc_r
 .text.__ssputs_r
                0x00005464       0xb2 c:/siliconlabs/simplicitystudio/v4/developer/toolchains/gnu_arm/4.9_2015q3/bin/../lib/gcc/arm-none-eabi/4.9.3/../../../../arm-none-eabi/lib/armv7e-m/softfp\libc_nano.a(lib_a-nano-svfprintf.o)
                0x00005464                __ssputs_r
 *fill*         0x00005516        0x2 
 .text._svfprintf_r
                0x00005518      0x1e4 c:/siliconlabs/simplicitystudio/v4/developer/toolchains/gnu_arm/4.9_2015q3/bin/../lib/gcc/arm-none-eabi/4.9.3/../../../../arm-none-eabi/lib/armv7e-m/softfp\libc_nano.a(lib_a-nano-svfprintf.o)
                0x00005518                _svfiprintf_r
                0x00005518                _svfprintf_r
 .text._sbrk_r  0x000056fc       0x20 c:/siliconlabs/simplicitystudio/v4/developer/toolchains/gnu_arm/4.9_2015q3/bin/../lib/gcc/arm-none-eabi/4.9.3/../../../../arm-none-eabi/lib/armv7e-m/softfp\libc_nano.a(lib_a-sbrkr.o)
                0x000056fc                _sbrk_r
 .text.memmove  0x0000571c       0x36 c:/siliconlabs/simplicitystudio/v4/developer/toolchains/gnu_arm/4.9_2015q3/bin/../lib/gcc/arm-none-eabi/4.9.3/../../../../arm-none-eabi/lib/armv7e-m/softfp\libc_nano.a(lib_a-memmove.o)
                0x0000571c                memmove
 .text._realloc_r
                0x00005752       0x4c c:/siliconlabs/simplicitystudio/v4/developer/toolchains/gnu_arm/4.9_2015q3/bin/../lib/gcc/arm-none-eabi/4.9.3/../../../../arm-none-eabi/lib/armv7e-m/softfp\libc_nano.a(lib_a-nano-reallocr.o)
                0x00005752                _realloc_r
 .text._malloc_usable_size_r
                0x0000579e       0x14 c:/siliconlabs/simplicitystudio/v4/developer/toolchains/gnu_arm/4.9_2015q3/bin/../lib/gcc/arm-none-eabi/4.9.3/../../../../arm-none-eabi/lib/armv7e-m/softfp\libc_nano.a(lib_a-nano-msizer.o)
                0x0000579e                _malloc_usable_size_r
 *fill*         0x000057b2        0x2 
 .text._sbrk    0x000057b4       0x1c c:/siliconlabs/simplicitystudio/v4/developer/toolchains/gnu_arm/4.9_2015q3/bin/../lib/gcc/arm-none-eabi/4.9.3/../../../../arm-none-eabi/lib/armv7e-m/softfp\libnosys.a(sbrk.o)
                0x000057b4                _sbrk
 .text._exit    0x000057d0        0x4 c:/siliconlabs/simplicitystudio/v4/developer/toolchains/gnu_arm/4.9_2015q3/bin/../lib/gcc/arm-none-eabi/4.9.3/../../../../arm-none-eabi/lib/armv7e-m/softfp\libnosys.a(_exit.o)
                0x000057d0                _exit
 .text          0x000057d4      0x110 c:/siliconlabs/simplicitystudio/v4/developer/toolchains/gnu_arm/4.9_2015q3/bin/../lib/gcc/arm-none-eabi/4.9.3/armv7e-m/softfp\libgcc.a(_arm_cmpdf2.o)
                0x000057d4                __gtdf2
                0x000057d4                __gedf2
                0x000057dc                __ltdf2
                0x000057dc                __ledf2
                0x000057e4                __nedf2
                0x000057e4                __eqdf2
                0x000057e4                __cmpdf2
                0x00005860                __aeabi_cdrcmple
                0x00005870                __aeabi_cdcmpeq
                0x00005870                __aeabi_cdcmple
                0x00005880                __aeabi_dcmpeq
                0x00005894                __aeabi_dcmplt
                0x000058a8                __aeabi_dcmple
                0x000058bc                __aeabi_dcmpge
                0x000058d0                __aeabi_dcmpgt
 .text          0x000058e4       0x50 c:/siliconlabs/simplicitystudio/v4/developer/toolchains/gnu_arm/4.9_2015q3/bin/../lib/gcc/arm-none-eabi/4.9.3/armv7e-m/softfp\libgcc.a(_arm_fixdfsi.o)
                0x000058e4                __aeabi_d2iz
                0x000058e4                __fixdfsi
 *(.init)
 .init          0x00005934        0x4 c:/siliconlabs/simplicitystudio/v4/developer/toolchains/gnu_arm/4.9_2015q3/bin/../lib/gcc/arm-none-eabi/4.9.3/armv7e-m/softfp/crti.o
                0x00005934                _init
 .init          0x00005938        0x8 c:/siliconlabs/simplicitystudio/v4/developer/toolchains/gnu_arm/4.9_2015q3/bin/../lib/gcc/arm-none-eabi/4.9.3/armv7e-m/softfp/crtn.o
 *(.fini)
 .fini          0x00005940        0x4 c:/siliconlabs/simplicitystudio/v4/developer/toolchains/gnu_arm/4.9_2015q3/bin/../lib/gcc/arm-none-eabi/4.9.3/armv7e-m/softfp/crti.o
                0x00005940                _fini
 .fini          0x00005944        0x8 c:/siliconlabs/simplicitystudio/v4/developer/toolchains/gnu_arm/4.9_2015q3/bin/../lib/gcc/arm-none-eabi/4.9.3/armv7e-m/softfp/crtn.o
 *crtbegin.o(.ctors)
 *crtbegin?.o(.ctors)
 *(EXCLUDE_FILE(*crtend.o *crtend?.o) .ctors)
 *(SORT(.ctors.*))
 *(.ctors)
 *crtbegin.o(.dtors)
 *crtbegin?.o(.dtors)
 *(EXCLUDE_FILE(*crtend.o *crtend?.o) .dtors)
 *(SORT(.dtors.*))
 *(.dtors)
 *(.rodata*)
 .rodata.str1.1
                0x0000594c       0x15 ./Drivers/displayls013b7dh03.o
 *fill*         0x00005961        0x3 
 .rodata        0x00005964       0x18 ./Drivers/displaypalemlib.o
 .rodata        0x0000597c        0x9 ./Drivers/udelay.o
 *fill*         0x00005985        0x3 
 .rodata.GLIB_FontNarrow6x8
                0x00005988       0x10 ./Graphics/glib_font_narrow_6x8.o
                0x00005988                GLIB_FontNarrow6x8
 .rodata.GLIB_FontNarrow6x8PixMap
                0x00005998      0x320 ./Graphics/glib_font_narrow_6x8.o
 .rodata.GLIB_FontNormal8x8
                0x00005cb8       0x10 ./Graphics/glib_font_normal_8x8.o
                0x00005cb8                GLIB_FontNormal8x8
 .rodata.GLIB_FontNormal8x8PixMap
                0x00005cc8      0x320 ./Graphics/glib_font_normal_8x8.o
 .rodata.CSWTCH.50
                0x00005fe8        0x4 ./emlib/em_cmu.o
 .rodata.CSWTCH.51
                0x00005fec        0x4 ./emlib/em_cmu.o
 .rodata.CSWTCH.52
                0x00005ff0        0x4 ./emlib/em_cmu.o
 .rodata.CSWTCH.49
                0x00005ff4        0x3 ./emlib/em_cmu.o
 *fill*         0x00005ff7        0x1 
 .rodata.flashWsTable
                0x00005ff8       0x28 ./emlib/em_cmu.o
 .rodata.str1.1
                0x00006020       0x58 ./src/graphics.o
 .rodata        0x00006078       0x12 ./src/inttemp.o
 .rodata.str1.1
                0x0000608a        0x2 c:/siliconlabs/simplicitystudio/v4/developer/toolchains/gnu_arm/4.9_2015q3/bin/../lib/gcc/arm-none-eabi/4.9.3/../../../../arm-none-eabi/lib/armv7e-m/softfp\libc_nano.a(lib_a-impure.o)
 .rodata._global_impure_ptr
                0x0000608c        0x4 c:/siliconlabs/simplicitystudio/v4/developer/toolchains/gnu_arm/4.9_2015q3/bin/../lib/gcc/arm-none-eabi/4.9.3/../../../../arm-none-eabi/lib/armv7e-m/softfp\libc_nano.a(lib_a-impure.o)
                0x0000608c                _global_impure_ptr
 .rodata.str1.1
                0x00006090       0x12 c:/siliconlabs/simplicitystudio/v4/developer/toolchains/gnu_arm/4.9_2015q3/bin/../lib/gcc/arm-none-eabi/4.9.3/../../../../arm-none-eabi/lib/armv7e-m/softfp\libc_nano.a(lib_a-nano-vfprintf_float.o)
 .rodata.str1.1
                0x000060a2       0x22 c:/siliconlabs/simplicitystudio/v4/developer/toolchains/gnu_arm/4.9_2015q3/bin/../lib/gcc/arm-none-eabi/4.9.3/../../../../arm-none-eabi/lib/armv7e-m/softfp\libc_nano.a(lib_a-nano-vfprintf_i.o)
 .rodata.str1.1
                0x000060c4        0xd c:/siliconlabs/simplicitystudio/v4/developer/toolchains/gnu_arm/4.9_2015q3/bin/../lib/gcc/arm-none-eabi/4.9.3/../../../../arm-none-eabi/lib/armv7e-m/softfp\libc_nano.a(lib_a-dtoa.o)
                                  0xf (size before relaxing)
 .rodata.str1.1
                0x000060d1        0x6 c:/siliconlabs/simplicitystudio/v4/developer/toolchains/gnu_arm/4.9_2015q3/bin/../lib/gcc/arm-none-eabi/4.9.3/../../../../arm-none-eabi/lib/armv7e-m/softfp\libc_nano.a(lib_a-locale.o)
                                  0xb (size before relaxing)
 *fill*         0x000060d7        0x1 
 .rodata.__mprec_tens
                0x000060d8       0xc8 c:/siliconlabs/simplicitystudio/v4/developer/toolchains/gnu_arm/4.9_2015q3/bin/../lib/gcc/arm-none-eabi/4.9.3/../../../../arm-none-eabi/lib/armv7e-m/softfp\libc_nano.a(lib_a-mprec.o)
                0x000060d8                __mprec_tens
 .rodata.__mprec_bigtens
                0x000061a0       0x28 c:/siliconlabs/simplicitystudio/v4/developer/toolchains/gnu_arm/4.9_2015q3/bin/../lib/gcc/arm-none-eabi/4.9.3/../../../../arm-none-eabi/lib/armv7e-m/softfp\libc_nano.a(lib_a-mprec.o)
                0x000061a0                __mprec_bigtens
 .rodata.p05.5314
                0x000061c8        0xc c:/siliconlabs/simplicitystudio/v4/developer/toolchains/gnu_arm/4.9_2015q3/bin/../lib/gcc/arm-none-eabi/4.9.3/../../../../arm-none-eabi/lib/armv7e-m/softfp\libc_nano.a(lib_a-mprec.o)
 .rodata.str1.1
                0x000061d4       0x11 c:/siliconlabs/simplicitystudio/v4/developer/toolchains/gnu_arm/4.9_2015q3/bin/../lib/gcc/arm-none-eabi/4.9.3/../../../../arm-none-eabi/lib/armv7e-m/softfp\libc_nano.a(lib_a-nano-svfprintf.o)
 *(.eh_frame*)
 *fill*         0x000061e5        0x3 
 .eh_frame      0x000061e8        0x0 c:/siliconlabs/simplicitystudio/v4/developer/toolchains/gnu_arm/4.9_2015q3/bin/../lib/gcc/arm-none-eabi/4.9.3/armv7e-m/softfp/crtbegin.o
 .eh_frame      0x000061e8        0x0 c:/siliconlabs/simplicitystudio/v4/developer/toolchains/gnu_arm/4.9_2015q3/bin/../lib/gcc/arm-none-eabi/4.9.3/../../../../arm-none-eabi/lib/armv7e-m/softfp\libc_nano.a(lib_a-strcmp.o)
                                 0x28 (size before relaxing)
 .eh_frame      0x000061e8        0x4 c:/siliconlabs/simplicitystudio/v4/developer/toolchains/gnu_arm/4.9_2015q3/bin/../lib/gcc/arm-none-eabi/4.9.3/armv7e-m/softfp/crtend.o

.glue_7         0x000061ec        0x0
 .glue_7        0x00000000        0x0 linker stubs

.glue_7t        0x000061ec        0x0
 .glue_7t       0x00000000        0x0 linker stubs

.vfp11_veneer   0x000061ec        0x0
 .vfp11_veneer  0x00000000        0x0 linker stubs

.v4_bx          0x000061ec        0x0
 .v4_bx         0x00000000        0x0 linker stubs

.iplt           0x000061ec        0x0
 .iplt          0x00000000        0x0 c:/siliconlabs/simplicitystudio/v4/developer/toolchains/gnu_arm/4.9_2015q3/bin/../lib/gcc/arm-none-eabi/4.9.3/armv7e-m/softfp/crtbegin.o

.ARM.extab
 *(.ARM.extab* .gnu.linkonce.armextab.*)
                0x000061ec                __exidx_start = .

.ARM.exidx      0x000061ec        0x8
 *(.ARM.exidx* .gnu.linkonce.armexidx.*)
 .ARM.exidx     0x000061ec        0x8 c:/siliconlabs/simplicitystudio/v4/developer/toolchains/gnu_arm/4.9_2015q3/bin/../lib/gcc/arm-none-eabi/4.9.3/../../../../arm-none-eabi/lib/armv7e-m/softfp/crt0.o
 .ARM.exidx     0x000061f4        0x0 c:/siliconlabs/simplicitystudio/v4/developer/toolchains/gnu_arm/4.9_2015q3/bin/../lib/gcc/arm-none-eabi/4.9.3/armv7e-m/softfp\libgcc.a(_divdi3.o)
                                  0x8 (size before relaxing)
 .ARM.exidx     0x000061f4        0x0 c:/siliconlabs/simplicitystudio/v4/developer/toolchains/gnu_arm/4.9_2015q3/bin/../lib/gcc/arm-none-eabi/4.9.3/armv7e-m/softfp\libgcc.a(_udivdi3.o)
                                  0x8 (size before relaxing)
                0x000061f4                __exidx_end = .
                0x000061f4                __etext = .

.rel.dyn        0x000061f4        0x0
 .rel.iplt      0x00000000        0x0 c:/siliconlabs/simplicitystudio/v4/developer/toolchains/gnu_arm/4.9_2015q3/bin/../lib/gcc/arm-none-eabi/4.9.3/armv7e-m/softfp/crtbegin.o

.data           0x20000000       0xe0 load address 0x000061f4
                0x20000000                __data_start__ = .
 *(vtable)
 *(.data*)
 .data.SystemLFXOClock
                0x20000000        0x4 ./CMSIS/EFM32PG12B/system_efm32pg12b.o
 .data.SystemHFXOClock
                0x20000004        0x4 ./CMSIS/EFM32PG12B/system_efm32pg12b.o
 .data.SystemCoreClock
                0x20000008        0x4 ./CMSIS/EFM32PG12B/system_efm32pg12b.o
                0x20000008                SystemCoreClock
 .data.SystemHfrcoFreq
                0x2000000c        0x4 ./CMSIS/EFM32PG12B/system_efm32pg12b.o
                0x2000000c                SystemHfrcoFreq
 .data.pDisplayDeviceDriverInitFunctions
                0x20000010        0x8 ./Drivers/display.o
 .data.pixelMatrixPool
                0x20000018        0x4 ./Drivers/displayls013b7dh03.o
 .data.initRTCC
                0x2000001c        0x9 ./Drivers/rtcdriver.o
 .data.initRTCCCompareChannel
                0x20000025        0x7 ./Drivers/rtcdriver.o
 .data.loops_per_jiffy
                0x2000002c        0x4 ./Drivers/udelay.o
                0x2000002c                loops_per_jiffy
 .data.auxHfrcoFreq
                0x20000030        0x4 ./emlib/em_cmu.o
 .data.updateDisplay
                0x20000034        0x1 ./src/inttemp.o
 *fill*         0x20000035        0x3 
 .data.impure_data
                0x20000038       0x60 c:/siliconlabs/simplicitystudio/v4/developer/toolchains/gnu_arm/4.9_2015q3/bin/../lib/gcc/arm-none-eabi/4.9.3/../../../../arm-none-eabi/lib/armv7e-m/softfp\libc_nano.a(lib_a-impure.o)
 .data._impure_ptr
                0x20000098        0x4 c:/siliconlabs/simplicitystudio/v4/developer/toolchains/gnu_arm/4.9_2015q3/bin/../lib/gcc/arm-none-eabi/4.9.3/../../../../arm-none-eabi/lib/armv7e-m/softfp\libc_nano.a(lib_a-impure.o)
                0x20000098                _impure_ptr
 .data.lconv    0x2000009c       0x38 c:/siliconlabs/simplicitystudio/v4/developer/toolchains/gnu_arm/4.9_2015q3/bin/../lib/gcc/arm-none-eabi/4.9.3/../../../../arm-none-eabi/lib/armv7e-m/softfp\libc_nano.a(lib_a-locale.o)
                0x200000d4                . = ALIGN (0x4)
 *(.ram)
                0x200000d4                . = ALIGN (0x4)
                0x200000d4                PROVIDE (__preinit_array_start, .)
 *(.preinit_array)
                0x200000d4                PROVIDE (__preinit_array_end, .)
                0x200000d4                . = ALIGN (0x4)
                0x200000d4                PROVIDE (__init_array_start, .)
 *(SORT(.init_array.*))
 *(.init_array)
 .init_array    0x200000d4        0x4 c:/siliconlabs/simplicitystudio/v4/developer/toolchains/gnu_arm/4.9_2015q3/bin/../lib/gcc/arm-none-eabi/4.9.3/armv7e-m/softfp/crtbegin.o
                0x200000d8                PROVIDE (__init_array_end, .)
                0x200000d8                . = ALIGN (0x4)
                0x200000d8                PROVIDE (__fini_array_start, .)
 *(SORT(.fini_array.*))
 *(.fini_array)
 .fini_array    0x200000d8        0x4 c:/siliconlabs/simplicitystudio/v4/developer/toolchains/gnu_arm/4.9_2015q3/bin/../lib/gcc/arm-none-eabi/4.9.3/armv7e-m/softfp/crtbegin.o
                0x200000dc                PROVIDE (__fini_array_end, .)
 *(.jcr*)
 .jcr           0x200000dc        0x0 c:/siliconlabs/simplicitystudio/v4/developer/toolchains/gnu_arm/4.9_2015q3/bin/../lib/gcc/arm-none-eabi/4.9.3/armv7e-m/softfp/crtbegin.o
 .jcr           0x200000dc        0x4 c:/siliconlabs/simplicitystudio/v4/developer/toolchains/gnu_arm/4.9_2015q3/bin/../lib/gcc/arm-none-eabi/4.9.3/armv7e-m/softfp/crtend.o
                0x200000e0                . = ALIGN (0x4)
                0x200000e0                __data_end__ = .

.igot.plt       0x200000e0        0x0 load address 0x000062d4
 .igot.plt      0x00000000        0x0 c:/siliconlabs/simplicitystudio/v4/developer/toolchains/gnu_arm/4.9_2015q3/bin/../lib/gcc/arm-none-eabi/4.9.3/armv7e-m/softfp/crtbegin.o

.bss            0x200000e0      0x99c load address 0x000062d8
                0x200000e0                . = ALIGN (0x4)
                0x200000e0                __bss_start__ = .
 *(.bss*)
 .bss           0x200000e0       0x1c c:/siliconlabs/simplicitystudio/v4/developer/toolchains/gnu_arm/4.9_2015q3/bin/../lib/gcc/arm-none-eabi/4.9.3/armv7e-m/softfp/crtbegin.o
 .bss.devicesRegistered
                0x200000fc        0x4 ./Drivers/display.o
 .bss.deviceTable
                0x20000100       0x2c ./Drivers/display.o
 .bss.moduleInitialized
                0x2000012c        0x1 ./Drivers/display.o
 .bss.pixelMatrixPoolBase
                0x2000012d      0x800 ./Drivers/displayls013b7dh03.o
 .bss.rtcRunning
                0x2000092d        0x1 ./Drivers/rtcdriver.o
 .bss.rtcdrvIsInitialized
                0x2000092e        0x1 ./Drivers/rtcdriver.o
 .bss.inTimerIRQ
                0x2000092f        0x1 ./Drivers/rtcdriver.o
 .bss.timer     0x20000930       0xa0 ./Drivers/rtcdriver.o
 .bss.startTimerNestingLevel
                0x200009d0        0x4 ./Drivers/rtcdriver.o
 .bss.lastStart
                0x200009d4        0x4 ./Drivers/rtcdriver.o
 .bss.pixelMatrixBuffer
                0x200009d8        0x4 ./Graphics/dmd_display.o
 .bss.displayDevice
                0x200009dc       0x2c ./Graphics/dmd_display.o
 .bss.dimensions
                0x20000a08        0xc ./Graphics/dmd_display.o
 .bss.moduleInitialized
                0x20000a14        0x1 ./Graphics/dmd_display.o
 .bss.vScaleEM01Config
                0x20000a15        0x1 ./emlib/em_emu.o
 *fill*         0x20000a16        0x2 
 .bss.cmuStatus.6237
                0x20000a18        0x4 ./emlib/em_emu.o
 .bss.vScaleStatus.6239
                0x20000a1c        0x1 ./emlib/em_emu.o
 .bss.hfClock.6238
                0x20000a1d        0x1 ./emlib/em_emu.o
 *fill*         0x20000a1e        0x2 
 .bss.glibContext
                0x20000a20       0x2c ./src/graphics.o
 .bss.rtcCallbackArg
                0x20000a4c        0x4 ./src/inttemp.o
 .bss.rtcCallbacks
                0x20000a50        0x4 ./src/inttemp.o
                0x20000a50                rtcCallbacks
 .bss.rtcCallback
                0x20000a54        0x4 ./src/inttemp.o
 .bss.__malloc_sbrk_start
                0x20000a58        0x4 c:/siliconlabs/simplicitystudio/v4/developer/toolchains/gnu_arm/4.9_2015q3/bin/../lib/gcc/arm-none-eabi/4.9.3/../../../../arm-none-eabi/lib/armv7e-m/softfp\libc_nano.a(lib_a-nano-mallocr.o)
                0x20000a58                __malloc_sbrk_start
 .bss.__malloc_free_list
                0x20000a5c        0x4 c:/siliconlabs/simplicitystudio/v4/developer/toolchains/gnu_arm/4.9_2015q3/bin/../lib/gcc/arm-none-eabi/4.9.3/../../../../arm-none-eabi/lib/armv7e-m/softfp\libc_nano.a(lib_a-nano-mallocr.o)
                0x20000a5c                __malloc_free_list
 .bss.heap_end.4079
                0x20000a60        0x4 c:/siliconlabs/simplicitystudio/v4/developer/toolchains/gnu_arm/4.9_2015q3/bin/../lib/gcc/arm-none-eabi/4.9.3/../../../../arm-none-eabi/lib/armv7e-m/softfp\libnosys.a(sbrk.o)
 *(COMMON)
 COMMON         0x20000a64       0x10 ./Graphics/dmd_display.o
                0x20000a64                dirtyRows
 COMMON         0x20000a74        0x4 ./src/inttemp.o
                0x20000a74                periodicUpdateTimerId
 COMMON         0x20000a78        0x4 c:/siliconlabs/simplicitystudio/v4/developer/toolchains/gnu_arm/4.9_2015q3/bin/../lib/gcc/arm-none-eabi/4.9.3/../../../../arm-none-eabi/lib/armv7e-m/softfp\libc_nano.a(lib_a-reent.o)
                0x20000a78                errno
                0x20000a7c                . = ALIGN (0x4)
                0x20000a7c                __bss_end__ = .

.heap           0x20000a80      0xc00
                0x20000a80                __HeapBase = .
                0x20000a80                __end__ = .
                0x20000a80                end = __end__
                0x20000a80                _end = __end__
 *(.heap*)
 .heap          0x20000a80      0xc00 ./CMSIS/EFM32PG12B/startup_efm32pg12b.o
                0x20001680                __HeapLimit = .

.stack_dummy    0x20000a80      0x400
 *(.stack*)
 .stack         0x20000a80      0x400 ./CMSIS/EFM32PG12B/startup_efm32pg12b.o
                0x20040000                __StackTop = (ORIGIN (RAM) + 0x40000)
                0x2003fc00                __StackLimit = (__StackTop - SIZEOF (.stack_dummy))
                0x20040000                PROVIDE (__stack, __StackTop)
                0x00000001                ASSERT ((__StackLimit >= __HeapLimit), region RAM overflowed with stack)
                0x00000001                ASSERT ((0x100000 >= (__etext + SIZEOF (.data))), FLASH memory overflowed !)
OUTPUT(SLSTK3402A_inttemp.axf elf32-littlearm)

.ARM.attributes
                0x00000000       0x2e
 .ARM.attributes
                0x00000000       0x22 c:/siliconlabs/simplicitystudio/v4/developer/toolchains/gnu_arm/4.9_2015q3/bin/../lib/gcc/arm-none-eabi/4.9.3/armv7e-m/softfp/crti.o
 .ARM.attributes
                0x00000022       0x32 c:/siliconlabs/simplicitystudio/v4/developer/toolchains/gnu_arm/4.9_2015q3/bin/../lib/gcc/arm-none-eabi/4.9.3/armv7e-m/softfp/crtbegin.o
 .ARM.attributes
                0x00000054       0x20 c:/siliconlabs/simplicitystudio/v4/developer/toolchains/gnu_arm/4.9_2015q3/bin/../lib/gcc/arm-none-eabi/4.9.3/../../../../arm-none-eabi/lib/armv7e-m/softfp/crt0.o
 .ARM.attributes
                0x00000074       0x1f ./CMSIS/EFM32PG12B/startup_efm32pg12b.o
 .ARM.attributes
                0x00000093       0x37 ./CMSIS/EFM32PG12B/system_efm32pg12b.o
 .ARM.attributes
                0x000000ca       0x37 ./Drivers/display.o
 .ARM.attributes
                0x00000101       0x37 ./Drivers/displayls013b7dh03.o
 .ARM.attributes
                0x00000138       0x37 ./Drivers/displaypalemlib.o
 .ARM.attributes
                0x0000016f       0x37 ./Drivers/rtcdriver.o
 .ARM.attributes
                0x000001a6       0x37 ./Drivers/udelay.o
 .ARM.attributes
                0x000001dd       0x37 ./Graphics/dmd_display.o
 .ARM.attributes
                0x00000214       0x37 ./Graphics/glib.o
 .ARM.attributes
                0x0000024b       0x37 ./Graphics/glib_font_narrow_6x8.o
 .ARM.attributes
                0x00000282       0x37 ./Graphics/glib_font_normal_8x8.o
 .ARM.attributes
                0x000002b9       0x37 ./Graphics/glib_rectangle.o
 .ARM.attributes
                0x000002f0       0x37 ./Graphics/glib_string.o
 .ARM.attributes
                0x00000327       0x37 ./emlib/em_adc.o
 .ARM.attributes
                0x0000035e       0x37 ./emlib/em_cmu.o
 .ARM.attributes
                0x00000395       0x37 ./emlib/em_core.o
 .ARM.attributes
                0x000003cc       0x37 ./emlib/em_emu.o
 .ARM.attributes
                0x00000403       0x37 ./emlib/em_gpio.o
 .ARM.attributes
                0x0000043a       0x37 ./emlib/em_rtcc.o
 .ARM.attributes
                0x00000471       0x37 ./emlib/em_usart.o
 .ARM.attributes
                0x000004a8       0x37 ./src/graphics.o
 .ARM.attributes
                0x000004df       0x37 ./src/inttemp.o
 .ARM.attributes
                0x00000516       0x22 c:/siliconlabs/simplicitystudio/v4/developer/toolchains/gnu_arm/4.9_2015q3/bin/../lib/gcc/arm-none-eabi/4.9.3/armv7e-m/softfp\libgcc.a(_arm_addsubdf3.o)
 .ARM.attributes
                0x00000538       0x22 c:/siliconlabs/simplicitystudio/v4/developer/toolchains/gnu_arm/4.9_2015q3/bin/../lib/gcc/arm-none-eabi/4.9.3/armv7e-m/softfp\libgcc.a(_arm_muldivdf3.o)
 .ARM.attributes
                0x0000055a       0x22 c:/siliconlabs/simplicitystudio/v4/developer/toolchains/gnu_arm/4.9_2015q3/bin/../lib/gcc/arm-none-eabi/4.9.3/armv7e-m/softfp\libgcc.a(_arm_truncdfsf2.o)
 .ARM.attributes
                0x0000057c       0x22 c:/siliconlabs/simplicitystudio/v4/developer/toolchains/gnu_arm/4.9_2015q3/bin/../lib/gcc/arm-none-eabi/4.9.3/armv7e-m/softfp\libgcc.a(_aeabi_uldivmod.o)
 .ARM.attributes
                0x0000059e       0x32 c:/siliconlabs/simplicitystudio/v4/developer/toolchains/gnu_arm/4.9_2015q3/bin/../lib/gcc/arm-none-eabi/4.9.3/armv7e-m/softfp\libgcc.a(bpabi.o)
 .ARM.attributes
                0x000005d0       0x22 c:/siliconlabs/simplicitystudio/v4/developer/toolchains/gnu_arm/4.9_2015q3/bin/../lib/gcc/arm-none-eabi/4.9.3/armv7e-m/softfp\libgcc.a(_dvmd_tls.o)
 .ARM.attributes
                0x000005f2       0x32 c:/siliconlabs/simplicitystudio/v4/developer/toolchains/gnu_arm/4.9_2015q3/bin/../lib/gcc/arm-none-eabi/4.9.3/armv7e-m/softfp\libgcc.a(_divdi3.o)
 .ARM.attributes
                0x00000624       0x32 c:/siliconlabs/simplicitystudio/v4/developer/toolchains/gnu_arm/4.9_2015q3/bin/../lib/gcc/arm-none-eabi/4.9.3/armv7e-m/softfp\libgcc.a(_udivdi3.o)
 .ARM.attributes
                0x00000656       0x32 c:/siliconlabs/simplicitystudio/v4/developer/toolchains/gnu_arm/4.9_2015q3/bin/../lib/gcc/arm-none-eabi/4.9.3/../../../../arm-none-eabi/lib/armv7e-m/softfp\libc_nano.a(lib_a-exit.o)
 .ARM.attributes
                0x00000688       0x32 c:/siliconlabs/simplicitystudio/v4/developer/toolchains/gnu_arm/4.9_2015q3/bin/../lib/gcc/arm-none-eabi/4.9.3/../../../../arm-none-eabi/lib/armv7e-m/softfp\libc_nano.a(lib_a-impure.o)
 .ARM.attributes
                0x000006ba       0x32 c:/siliconlabs/simplicitystudio/v4/developer/toolchains/gnu_arm/4.9_2015q3/bin/../lib/gcc/arm-none-eabi/4.9.3/../../../../arm-none-eabi/lib/armv7e-m/softfp\libc_nano.a(lib_a-init.o)
 .ARM.attributes
                0x000006ec       0x32 c:/siliconlabs/simplicitystudio/v4/developer/toolchains/gnu_arm/4.9_2015q3/bin/../lib/gcc/arm-none-eabi/4.9.3/../../../../arm-none-eabi/lib/armv7e-m/softfp\libc_nano.a(lib_a-memcpy.o)
 .ARM.attributes
                0x0000071e       0x32 c:/siliconlabs/simplicitystudio/v4/developer/toolchains/gnu_arm/4.9_2015q3/bin/../lib/gcc/arm-none-eabi/4.9.3/../../../../arm-none-eabi/lib/armv7e-m/softfp\libc_nano.a(lib_a-memset.o)
 .ARM.attributes
                0x00000750       0x32 c:/siliconlabs/simplicitystudio/v4/developer/toolchains/gnu_arm/4.9_2015q3/bin/../lib/gcc/arm-none-eabi/4.9.3/../../../../arm-none-eabi/lib/armv7e-m/softfp\libc_nano.a(lib_a-nano-vfprintf_float.o)
 .ARM.attributes
                0x00000782       0x32 c:/siliconlabs/simplicitystudio/v4/developer/toolchains/gnu_arm/4.9_2015q3/bin/../lib/gcc/arm-none-eabi/4.9.3/../../../../arm-none-eabi/lib/armv7e-m/softfp\libc_nano.a(lib_a-nano-vfprintf_i.o)
 .ARM.attributes
                0x000007b4       0x32 c:/siliconlabs/simplicitystudio/v4/developer/toolchains/gnu_arm/4.9_2015q3/bin/../lib/gcc/arm-none-eabi/4.9.3/../../../../arm-none-eabi/lib/armv7e-m/softfp\libc_nano.a(lib_a-s_fpclassify.o)
 .ARM.attributes
                0x000007e6       0x32 c:/siliconlabs/simplicitystudio/v4/developer/toolchains/gnu_arm/4.9_2015q3/bin/../lib/gcc/arm-none-eabi/4.9.3/../../../../arm-none-eabi/lib/armv7e-m/softfp\libc_nano.a(lib_a-snprintf.o)
 .ARM.attributes
                0x00000818       0x32 c:/siliconlabs/simplicitystudio/v4/developer/toolchains/gnu_arm/4.9_2015q3/bin/../lib/gcc/arm-none-eabi/4.9.3/../../../../arm-none-eabi/lib/armv7e-m/softfp\libc_nano.a(lib_a-strlen.o)
 .ARM.attributes
                0x0000084a       0x32 c:/siliconlabs/simplicitystudio/v4/developer/toolchains/gnu_arm/4.9_2015q3/bin/../lib/gcc/arm-none-eabi/4.9.3/../../../../arm-none-eabi/lib/armv7e-m/softfp\libc_nano.a(lib_a-dtoa.o)
 .ARM.attributes
                0x0000087c       0x32 c:/siliconlabs/simplicitystudio/v4/developer/toolchains/gnu_arm/4.9_2015q3/bin/../lib/gcc/arm-none-eabi/4.9.3/../../../../arm-none-eabi/lib/armv7e-m/softfp\libc_nano.a(lib_a-locale.o)
 .ARM.attributes
                0x000008ae       0x32 c:/siliconlabs/simplicitystudio/v4/developer/toolchains/gnu_arm/4.9_2015q3/bin/../lib/gcc/arm-none-eabi/4.9.3/../../../../arm-none-eabi/lib/armv7e-m/softfp\libc_nano.a(lib_a-malloc.o)
 .ARM.attributes
                0x000008e0       0x32 c:/siliconlabs/simplicitystudio/v4/developer/toolchains/gnu_arm/4.9_2015q3/bin/../lib/gcc/arm-none-eabi/4.9.3/../../../../arm-none-eabi/lib/armv7e-m/softfp\libc_nano.a(lib_a-memchr.o)
 .ARM.attributes
                0x00000912       0x32 c:/siliconlabs/simplicitystudio/v4/developer/toolchains/gnu_arm/4.9_2015q3/bin/../lib/gcc/arm-none-eabi/4.9.3/../../../../arm-none-eabi/lib/armv7e-m/softfp\libc_nano.a(lib_a-mprec.o)
 .ARM.attributes
                0x00000944       0x32 c:/siliconlabs/simplicitystudio/v4/developer/toolchains/gnu_arm/4.9_2015q3/bin/../lib/gcc/arm-none-eabi/4.9.3/../../../../arm-none-eabi/lib/armv7e-m/softfp\libc_nano.a(lib_a-nano-callocr.o)
 .ARM.attributes
                0x00000976       0x32 c:/siliconlabs/simplicitystudio/v4/developer/toolchains/gnu_arm/4.9_2015q3/bin/../lib/gcc/arm-none-eabi/4.9.3/../../../../arm-none-eabi/lib/armv7e-m/softfp\libc_nano.a(lib_a-nano-freer.o)
 .ARM.attributes
                0x000009a8       0x32 c:/siliconlabs/simplicitystudio/v4/developer/toolchains/gnu_arm/4.9_2015q3/bin/../lib/gcc/arm-none-eabi/4.9.3/../../../../arm-none-eabi/lib/armv7e-m/softfp\libc_nano.a(lib_a-nano-mallocr.o)
 .ARM.attributes
                0x000009da       0x32 c:/siliconlabs/simplicitystudio/v4/developer/toolchains/gnu_arm/4.9_2015q3/bin/../lib/gcc/arm-none-eabi/4.9.3/../../../../arm-none-eabi/lib/armv7e-m/softfp\libc_nano.a(lib_a-nano-svfprintf.o)
 .ARM.attributes
                0x00000a0c       0x32 c:/siliconlabs/simplicitystudio/v4/developer/toolchains/gnu_arm/4.9_2015q3/bin/../lib/gcc/arm-none-eabi/4.9.3/../../../../arm-none-eabi/lib/armv7e-m/softfp\libc_nano.a(lib_a-sbrkr.o)
 .ARM.attributes
                0x00000a3e       0x20 c:/siliconlabs/simplicitystudio/v4/developer/toolchains/gnu_arm/4.9_2015q3/bin/../lib/gcc/arm-none-eabi/4.9.3/../../../../arm-none-eabi/lib/armv7e-m/softfp\libc_nano.a(lib_a-strcmp.o)
 .ARM.attributes
                0x00000a5e       0x32 c:/siliconlabs/simplicitystudio/v4/developer/toolchains/gnu_arm/4.9_2015q3/bin/../lib/gcc/arm-none-eabi/4.9.3/../../../../arm-none-eabi/lib/armv7e-m/softfp\libc_nano.a(lib_a-memmove.o)
 .ARM.attributes
                0x00000a90       0x32 c:/siliconlabs/simplicitystudio/v4/developer/toolchains/gnu_arm/4.9_2015q3/bin/../lib/gcc/arm-none-eabi/4.9.3/../../../../arm-none-eabi/lib/armv7e-m/softfp\libc_nano.a(lib_a-nano-reallocr.o)
 .ARM.attributes
                0x00000ac2       0x32 c:/siliconlabs/simplicitystudio/v4/developer/toolchains/gnu_arm/4.9_2015q3/bin/../lib/gcc/arm-none-eabi/4.9.3/../../../../arm-none-eabi/lib/armv7e-m/softfp\libc_nano.a(lib_a-reent.o)
 .ARM.attributes
                0x00000af4       0x32 c:/siliconlabs/simplicitystudio/v4/developer/toolchains/gnu_arm/4.9_2015q3/bin/../lib/gcc/arm-none-eabi/4.9.3/../../../../arm-none-eabi/lib/armv7e-m/softfp\libc_nano.a(lib_a-nano-msizer.o)
 .ARM.attributes
                0x00000b26       0x32 c:/siliconlabs/simplicitystudio/v4/developer/toolchains/gnu_arm/4.9_2015q3/bin/../lib/gcc/arm-none-eabi/4.9.3/../../../../arm-none-eabi/lib/armv7e-m/softfp\libnosys.a(sbrk.o)
 .ARM.attributes
                0x00000b58       0x32 c:/siliconlabs/simplicitystudio/v4/developer/toolchains/gnu_arm/4.9_2015q3/bin/../lib/gcc/arm-none-eabi/4.9.3/../../../../arm-none-eabi/lib/armv7e-m/softfp\libnosys.a(_exit.o)
 .ARM.attributes
                0x00000b8a       0x22 c:/siliconlabs/simplicitystudio/v4/developer/toolchains/gnu_arm/4.9_2015q3/bin/../lib/gcc/arm-none-eabi/4.9.3/armv7e-m/softfp\libgcc.a(_arm_cmpdf2.o)
 .ARM.attributes
                0x00000bac       0x22 c:/siliconlabs/simplicitystudio/v4/developer/toolchains/gnu_arm/4.9_2015q3/bin/../lib/gcc/arm-none-eabi/4.9.3/armv7e-m/softfp\libgcc.a(_arm_fixdfsi.o)
 .ARM.attributes
                0x00000bce       0x32 c:/siliconlabs/simplicitystudio/v4/developer/toolchains/gnu_arm/4.9_2015q3/bin/../lib/gcc/arm-none-eabi/4.9.3/armv7e-m/softfp/crtend.o
 .ARM.attributes
                0x00000c00       0x22 c:/siliconlabs/simplicitystudio/v4/developer/toolchains/gnu_arm/4.9_2015q3/bin/../lib/gcc/arm-none-eabi/4.9.3/armv7e-m/softfp/crtn.o

.comment        0x00000000       0x70
 .comment       0x00000000       0x70 ./CMSIS/EFM32PG12B/system_efm32pg12b.o
                                 0x71 (size before relaxing)
 .comment       0x00000000       0x71 ./Drivers/display.o
 .comment       0x00000000       0x71 ./Drivers/displayls013b7dh03.o
 .comment       0x00000000       0x71 ./Drivers/displaypalemlib.o
 .comment       0x00000000       0x71 ./Drivers/rtcdriver.o
 .comment       0x00000000       0x71 ./Drivers/udelay.o
 .comment       0x00000000       0x71 ./Graphics/dmd_display.o
 .comment       0x00000000       0x71 ./Graphics/glib.o
 .comment       0x00000000       0x71 ./Graphics/glib_font_narrow_6x8.o
 .comment       0x00000000       0x71 ./Graphics/glib_font_normal_8x8.o
 .comment       0x00000000       0x71 ./Graphics/glib_rectangle.o
 .comment       0x00000000       0x71 ./Graphics/glib_string.o
 .comment       0x00000000       0x71 ./emlib/em_adc.o
 .comment       0x00000000       0x71 ./emlib/em_cmu.o
 .comment       0x00000000       0x71 ./emlib/em_core.o
 .comment       0x00000000       0x71 ./emlib/em_emu.o
 .comment       0x00000000       0x71 ./emlib/em_gpio.o
 .comment       0x00000000       0x71 ./emlib/em_rtcc.o
 .comment       0x00000000       0x71 ./emlib/em_usart.o
 .comment       0x00000000       0x71 ./src/graphics.o
 .comment       0x00000000       0x71 ./src/inttemp.o

.debug_line     0x00000000     0x6a54
 .debug_line    0x00000000       0xd9 ./CMSIS/EFM32PG12B/startup_efm32pg12b.o
 .debug_line    0x000000d9      0x353 ./CMSIS/EFM32PG12B/system_efm32pg12b.o
 .debug_line    0x0000042c      0x351 ./Drivers/display.o
 .debug_line    0x0000077d      0x4f8 ./Drivers/displayls013b7dh03.o
 .debug_line    0x00000c75      0x586 ./Drivers/displaypalemlib.o
 .debug_line    0x000011fb      0x8ab ./Drivers/rtcdriver.o
 .debug_line    0x00001aa6      0x438 ./Drivers/udelay.o
 .debug_line    0x00001ede      0x5f9 ./Graphics/dmd_display.o
 .debug_line    0x000024d7      0x433 ./Graphics/glib.o
 .debug_line    0x0000290a      0x195 ./Graphics/glib_font_narrow_6x8.o
 .debug_line    0x00002a9f      0x195 ./Graphics/glib_font_normal_8x8.o
 .debug_line    0x00002c34      0x2ed ./Graphics/glib_rectangle.o
 .debug_line    0x00002f21      0x3e4 ./Graphics/glib_string.o
 .debug_line    0x00003305      0x54c ./emlib/em_adc.o
 .debug_line    0x00003851      0xbb7 ./emlib/em_cmu.o
 .debug_line    0x00004408      0x585 ./emlib/em_core.o
 .debug_line    0x0000498d      0x9d4 ./emlib/em_emu.o
 .debug_line    0x00005361      0x43e ./emlib/em_gpio.o
 .debug_line    0x0000579f      0x3eb ./emlib/em_rtcc.o
 .debug_line    0x00005b8a      0x557 ./emlib/em_usart.o
 .debug_line    0x000060e1      0x475 ./src/graphics.o
 .debug_line    0x00006556      0x4fe ./src/inttemp.o

.debug_info     0x00000000    0x15e70
 .debug_info    0x00000000      0x10d ./CMSIS/EFM32PG12B/startup_efm32pg12b.o
 .debug_info    0x0000010d      0x8bc ./CMSIS/EFM32PG12B/system_efm32pg12b.o
 .debug_info    0x000009c9      0x4be ./Drivers/display.o
 .debug_info    0x00000e87      0xaf6 ./Drivers/displayls013b7dh03.o
 .debug_info    0x0000197d     0x106d ./Drivers/displaypalemlib.o
 .debug_info    0x000029ea     0x1827 ./Drivers/rtcdriver.o
 .debug_info    0x00004211     0x12c6 ./Drivers/udelay.o
 .debug_info    0x000054d7      0xbcc ./Graphics/dmd_display.o
 .debug_info    0x000060a3      0xb83 ./Graphics/glib.o
 .debug_info    0x00006c26      0x19a ./Graphics/glib_font_narrow_6x8.o
 .debug_info    0x00006dc0      0x19a ./Graphics/glib_font_normal_8x8.o
 .debug_info    0x00006f5a      0x62f ./Graphics/glib_rectangle.o
 .debug_info    0x00007589      0x703 ./Graphics/glib_string.o
 .debug_info    0x00007c8c     0x1e93 ./emlib/em_adc.o
 .debug_info    0x00009b1f     0x3354 ./emlib/em_cmu.o
 .debug_info    0x0000ce73      0xdbe ./emlib/em_core.o
 .debug_info    0x0000dc31     0x2d0a ./emlib/em_emu.o
 .debug_info    0x0001093b      0xedc ./emlib/em_gpio.o
 .debug_info    0x00011817      0xbba ./emlib/em_rtcc.o
 .debug_info    0x000123d1     0x10f5 ./emlib/em_usart.o
 .debug_info    0x000134c6      0x670 ./src/graphics.o
 .debug_info    0x00013b36     0x233a ./src/inttemp.o

.debug_abbrev   0x00000000     0x377e
 .debug_abbrev  0x00000000       0x14 ./CMSIS/EFM32PG12B/startup_efm32pg12b.o
 .debug_abbrev  0x00000014      0x207 ./CMSIS/EFM32PG12B/system_efm32pg12b.o
 .debug_abbrev  0x0000021b      0x158 ./Drivers/display.o
 .debug_abbrev  0x00000373      0x2bb ./Drivers/displayls013b7dh03.o
 .debug_abbrev  0x0000062e      0x31a ./Drivers/displaypalemlib.o
 .debug_abbrev  0x00000948      0x417 ./Drivers/rtcdriver.o
 .debug_abbrev  0x00000d5f      0x2c3 ./Drivers/udelay.o
 .debug_abbrev  0x00001022      0x2dd ./Graphics/dmd_display.o
 .debug_abbrev  0x000012ff      0x336 ./Graphics/glib.o
 .debug_abbrev  0x00001635       0xa7 ./Graphics/glib_font_narrow_6x8.o
 .debug_abbrev  0x000016dc       0xa7 ./Graphics/glib_font_normal_8x8.o
 .debug_abbrev  0x00001783      0x1c3 ./Graphics/glib_rectangle.o
 .debug_abbrev  0x00001946      0x22c ./Graphics/glib_string.o
 .debug_abbrev  0x00001b72      0x32c ./emlib/em_adc.o
 .debug_abbrev  0x00001e9e      0x4d6 ./emlib/em_cmu.o
 .debug_abbrev  0x00002374      0x2a1 ./emlib/em_core.o
 .debug_abbrev  0x00002615      0x486 ./emlib/em_emu.o
 .debug_abbrev  0x00002a9b      0x2f0 ./emlib/em_gpio.o
 .debug_abbrev  0x00002d8b      0x1ef ./emlib/em_rtcc.o
 .debug_abbrev  0x00002f7a      0x285 ./emlib/em_usart.o
 .debug_abbrev  0x000031ff      0x1c2 ./src/graphics.o
 .debug_abbrev  0x000033c1      0x3bd ./src/inttemp.o

.debug_aranges  0x00000000      0x940
 .debug_aranges
                0x00000000       0x20 ./CMSIS/EFM32PG12B/startup_efm32pg12b.o
 .debug_aranges
                0x00000020       0x68 ./CMSIS/EFM32PG12B/system_efm32pg12b.o
 .debug_aranges
                0x00000088       0x38 ./Drivers/display.o
 .debug_aranges
                0x000000c0       0x58 ./Drivers/displayls013b7dh03.o
 .debug_aranges
                0x00000118       0x80 ./Drivers/displaypalemlib.o
 .debug_aranges
                0x00000198       0x80 ./Drivers/rtcdriver.o
 .debug_aranges
                0x00000218       0x28 ./Drivers/udelay.o
 .debug_aranges
                0x00000240       0x88 ./Graphics/dmd_display.o
 .debug_aranges
                0x000002c8       0x88 ./Graphics/glib.o
 .debug_aranges
                0x00000350       0x18 ./Graphics/glib_font_narrow_6x8.o
 .debug_aranges
                0x00000368       0x18 ./Graphics/glib_font_normal_8x8.o
 .debug_aranges
                0x00000380       0x38 ./Graphics/glib_rectangle.o
 .debug_aranges
                0x000003b8       0x30 ./Graphics/glib_string.o
 .debug_aranges
                0x000003e8       0x70 ./emlib/em_adc.o
 .debug_aranges
                0x00000458      0x140 ./emlib/em_cmu.o
 .debug_aranges
                0x00000598       0xe0 ./emlib/em_core.o
 .debug_aranges
                0x00000678      0x128 ./emlib/em_emu.o
 .debug_aranges
                0x000007a0       0x48 ./emlib/em_gpio.o
 .debug_aranges
                0x000007e8       0x40 ./emlib/em_rtcc.o
 .debug_aranges
                0x00000828       0xb8 ./emlib/em_usart.o
 .debug_aranges
                0x000008e0       0x28 ./src/graphics.o
 .debug_aranges
                0x00000908       0x38 ./src/inttemp.o

.debug_loc      0x00000000     0x9177
 .debug_loc     0x00000000       0xb3 ./CMSIS/EFM32PG12B/system_efm32pg12b.o
 .debug_loc     0x000000b3      0x231 ./Drivers/display.o
 .debug_loc     0x000002e4      0x52b ./Drivers/displayls013b7dh03.o
 .debug_loc     0x0000080f      0x4ac ./Drivers/displaypalemlib.o
 .debug_loc     0x00000cbb      0xb2d ./Drivers/rtcdriver.o
 .debug_loc     0x000017e8      0x2a8 ./Drivers/udelay.o
 .debug_loc     0x00001a90      0xdf0 ./Graphics/dmd_display.o
 .debug_loc     0x00002880      0x9da ./Graphics/glib.o
 .debug_loc     0x0000325a      0x1ab ./Graphics/glib_rectangle.o
 .debug_loc     0x00003405      0x590 ./Graphics/glib_string.o
 .debug_loc     0x00003995      0x8af ./emlib/em_adc.o
 .debug_loc     0x00004244     0x228e ./emlib/em_cmu.o
 .debug_loc     0x000064d2      0x5b3 ./emlib/em_core.o
 .debug_loc     0x00006a85     0x15ff ./emlib/em_emu.o
 .debug_loc     0x00008084      0x659 ./emlib/em_gpio.o
 .debug_loc     0x000086dd       0x93 ./emlib/em_rtcc.o
 .debug_loc     0x00008770      0x63e ./emlib/em_usart.o
 .debug_loc     0x00008dae       0xe4 ./src/graphics.o
 .debug_loc     0x00008e92      0x2e5 ./src/inttemp.o

.debug_ranges   0x00000000      0xd78
 .debug_ranges  0x00000000       0x58 ./CMSIS/EFM32PG12B/system_efm32pg12b.o
 .debug_ranges  0x00000058       0x28 ./Drivers/display.o
 .debug_ranges  0x00000080       0x60 ./Drivers/displayls013b7dh03.o
 .debug_ranges  0x000000e0       0x70 ./Drivers/displaypalemlib.o
 .debug_ranges  0x00000150      0x198 ./Drivers/rtcdriver.o
 .debug_ranges  0x000002e8       0x18 ./Drivers/udelay.o
 .debug_ranges  0x00000300       0xa8 ./Graphics/dmd_display.o
 .debug_ranges  0x000003a8       0x98 ./Graphics/glib.o
 .debug_ranges  0x00000440       0x28 ./Graphics/glib_rectangle.o
 .debug_ranges  0x00000468       0x20 ./Graphics/glib_string.o
 .debug_ranges  0x00000488       0xe8 ./emlib/em_adc.o
 .debug_ranges  0x00000570      0x248 ./emlib/em_cmu.o
 .debug_ranges  0x000007b8      0x118 ./emlib/em_core.o
 .debug_ranges  0x000008d0      0x220 ./emlib/em_emu.o
 .debug_ranges  0x00000af0      0x150 ./emlib/em_gpio.o
 .debug_ranges  0x00000c40       0x30 ./emlib/em_rtcc.o
 .debug_ranges  0x00000c70       0xa8 ./emlib/em_usart.o
 .debug_ranges  0x00000d18       0x18 ./src/graphics.o
 .debug_ranges  0x00000d30       0x48 ./src/inttemp.o

.debug_str      0x00000000     0x7fa5
 .debug_str     0x00000000      0x615 ./CMSIS/EFM32PG12B/system_efm32pg12b.o
                                0x67d (size before relaxing)
 .debug_str     0x00000615      0x33a ./Drivers/display.o
                                0x4d6 (size before relaxing)
 .debug_str     0x0000094f      0x2d1 ./Drivers/displayls013b7dh03.o
                                0x6e5 (size before relaxing)
 .debug_str     0x00000c20      0xa6e ./Drivers/displaypalemlib.o
                                0xe42 (size before relaxing)
 .debug_str     0x0000168e      0xd2c ./Drivers/rtcdriver.o
                               0x127f (size before relaxing)
 .debug_str     0x000023ba      0x1b8 ./Drivers/udelay.o
                                0xfff (size before relaxing)
 .debug_str     0x00002572      0x2f0 ./Graphics/dmd_display.o
                                0x6e0 (size before relaxing)
 .debug_str     0x00002862      0x31f ./Graphics/glib.o
                                0x631 (size before relaxing)
 .debug_str     0x00002b81       0xa8 ./Graphics/glib_font_narrow_6x8.o
                                0x326 (size before relaxing)
 .debug_str     0x00002c29       0x95 ./Graphics/glib_font_normal_8x8.o
                                0x326 (size before relaxing)
 .debug_str     0x00002cbe       0xdb ./Graphics/glib_rectangle.o
                                0x526 (size before relaxing)
 .debug_str     0x00002d99      0x107 ./Graphics/glib_string.o
                                0x50d (size before relaxing)
 .debug_str     0x00002ea0     0x26ac ./emlib/em_adc.o
                               0x2c93 (size before relaxing)
 .debug_str     0x0000554c      0xd1c ./emlib/em_cmu.o
                               0x1a7f (size before relaxing)
 .debug_str     0x00006268      0x33f ./emlib/em_core.o
                                0x88d (size before relaxing)
 .debug_str     0x000065a7      0xf0c ./emlib/em_emu.o
                               0x1e5c (size before relaxing)
 .debug_str     0x000074b3      0x1e1 ./emlib/em_gpio.o
                                0x8a1 (size before relaxing)
 .debug_str     0x00007694       0x9b ./emlib/em_rtcc.o
                                0xac4 (size before relaxing)
 .debug_str     0x0000772f      0x6bf ./emlib/em_usart.o
                                0xfa8 (size before relaxing)
 .debug_str     0x00007dee       0x52 ./src/graphics.o
                                0x4ff (size before relaxing)
 .debug_str     0x00007e40      0x165 ./src/inttemp.o
                               0x30f0 (size before relaxing)

.debug_frame    0x00000000     0x1f60
 .debug_frame   0x00000000       0xb8 ./CMSIS/EFM32PG12B/system_efm32pg12b.o
 .debug_frame   0x000000b8       0x74 ./Drivers/display.o
 .debug_frame   0x0000012c       0xe0 ./Drivers/displayls013b7dh03.o
 .debug_frame   0x0000020c      0x134 ./Drivers/displaypalemlib.o
 .debug_frame   0x00000340      0x1a0 ./Drivers/rtcdriver.o
 .debug_frame   0x000004e0       0x4c ./Drivers/udelay.o
 .debug_frame   0x0000052c      0x178 ./Graphics/dmd_display.o
 .debug_frame   0x000006a4      0x178 ./Graphics/glib.o
 .debug_frame   0x0000081c       0x74 ./Graphics/glib_rectangle.o
 .debug_frame   0x00000890       0x7c ./Graphics/glib_string.o
 .debug_frame   0x0000090c      0x128 ./emlib/em_adc.o
 .debug_frame   0x00000a34      0x354 ./emlib/em_cmu.o
 .debug_frame   0x00000d88      0x200 ./emlib/em_core.o
 .debug_frame   0x00000f88      0x340 ./emlib/em_emu.o
 .debug_frame   0x000012c8       0x8c ./emlib/em_gpio.o
 .debug_frame   0x00001354       0x6c ./emlib/em_rtcc.o
 .debug_frame   0x000013c0      0x1c8 ./emlib/em_usart.o
 .debug_frame   0x00001588       0x60 ./src/graphics.o
 .debug_frame   0x000015e8       0x78 ./src/inttemp.o
 .debug_frame   0x00001660       0x28 c:/siliconlabs/simplicitystudio/v4/developer/toolchains/gnu_arm/4.9_2015q3/bin/../lib/gcc/arm-none-eabi/4.9.3/armv7e-m/softfp\libgcc.a(_aeabi_uldivmod.o)
 .debug_frame   0x00001688       0x50 c:/siliconlabs/simplicitystudio/v4/developer/toolchains/gnu_arm/4.9_2015q3/bin/../lib/gcc/arm-none-eabi/4.9.3/armv7e-m/softfp\libgcc.a(bpabi.o)
 .debug_frame   0x000016d8       0x34 c:/siliconlabs/simplicitystudio/v4/developer/toolchains/gnu_arm/4.9_2015q3/bin/../lib/gcc/arm-none-eabi/4.9.3/armv7e-m/softfp\libgcc.a(_divdi3.o)
 .debug_frame   0x0000170c       0x30 c:/siliconlabs/simplicitystudio/v4/developer/toolchains/gnu_arm/4.9_2015q3/bin/../lib/gcc/arm-none-eabi/4.9.3/armv7e-m/softfp\libgcc.a(_udivdi3.o)
 .debug_frame   0x0000173c       0x28 c:/siliconlabs/simplicitystudio/v4/developer/toolchains/gnu_arm/4.9_2015q3/bin/../lib/gcc/arm-none-eabi/4.9.3/../../../../arm-none-eabi/lib/armv7e-m/softfp\libc_nano.a(lib_a-exit.o)
 .debug_frame   0x00001764       0x2c c:/siliconlabs/simplicitystudio/v4/developer/toolchains/gnu_arm/4.9_2015q3/bin/../lib/gcc/arm-none-eabi/4.9.3/../../../../arm-none-eabi/lib/armv7e-m/softfp\libc_nano.a(lib_a-init.o)
 .debug_frame   0x00001790       0x28 c:/siliconlabs/simplicitystudio/v4/developer/toolchains/gnu_arm/4.9_2015q3/bin/../lib/gcc/arm-none-eabi/4.9.3/../../../../arm-none-eabi/lib/armv7e-m/softfp\libc_nano.a(lib_a-memcpy.o)
 .debug_frame   0x000017b8       0x20 c:/siliconlabs/simplicitystudio/v4/developer/toolchains/gnu_arm/4.9_2015q3/bin/../lib/gcc/arm-none-eabi/4.9.3/../../../../arm-none-eabi/lib/armv7e-m/softfp\libc_nano.a(lib_a-memset.o)
 .debug_frame   0x000017d8       0x8c c:/siliconlabs/simplicitystudio/v4/developer/toolchains/gnu_arm/4.9_2015q3/bin/../lib/gcc/arm-none-eabi/4.9.3/../../../../arm-none-eabi/lib/armv7e-m/softfp\libc_nano.a(lib_a-nano-vfprintf_float.o)
 .debug_frame   0x00001864       0x58 c:/siliconlabs/simplicitystudio/v4/developer/toolchains/gnu_arm/4.9_2015q3/bin/../lib/gcc/arm-none-eabi/4.9.3/../../../../arm-none-eabi/lib/armv7e-m/softfp\libc_nano.a(lib_a-nano-vfprintf_i.o)
 .debug_frame   0x000018bc       0x28 c:/siliconlabs/simplicitystudio/v4/developer/toolchains/gnu_arm/4.9_2015q3/bin/../lib/gcc/arm-none-eabi/4.9.3/../../../../arm-none-eabi/lib/armv7e-m/softfp\libc_nano.a(lib_a-s_fpclassify.o)
 .debug_frame   0x000018e4       0x74 c:/siliconlabs/simplicitystudio/v4/developer/toolchains/gnu_arm/4.9_2015q3/bin/../lib/gcc/arm-none-eabi/4.9.3/../../../../arm-none-eabi/lib/armv7e-m/softfp\libc_nano.a(lib_a-snprintf.o)
 .debug_frame   0x00001958       0x20 c:/siliconlabs/simplicitystudio/v4/developer/toolchains/gnu_arm/4.9_2015q3/bin/../lib/gcc/arm-none-eabi/4.9.3/../../../../arm-none-eabi/lib/armv7e-m/softfp\libc_nano.a(lib_a-strlen.o)
 .debug_frame   0x00001978       0x6c c:/siliconlabs/simplicitystudio/v4/developer/toolchains/gnu_arm/4.9_2015q3/bin/../lib/gcc/arm-none-eabi/4.9.3/../../../../arm-none-eabi/lib/armv7e-m/softfp\libc_nano.a(lib_a-dtoa.o)
 .debug_frame   0x000019e4       0x98 c:/siliconlabs/simplicitystudio/v4/developer/toolchains/gnu_arm/4.9_2015q3/bin/../lib/gcc/arm-none-eabi/4.9.3/../../../../arm-none-eabi/lib/armv7e-m/softfp\libc_nano.a(lib_a-locale.o)
 .debug_frame   0x00001a7c       0x30 c:/siliconlabs/simplicitystudio/v4/developer/toolchains/gnu_arm/4.9_2015q3/bin/../lib/gcc/arm-none-eabi/4.9.3/../../../../arm-none-eabi/lib/armv7e-m/softfp\libc_nano.a(lib_a-malloc.o)
 .debug_frame   0x00001aac       0x28 c:/siliconlabs/simplicitystudio/v4/developer/toolchains/gnu_arm/4.9_2015q3/bin/../lib/gcc/arm-none-eabi/4.9.3/../../../../arm-none-eabi/lib/armv7e-m/softfp\libc_nano.a(lib_a-memchr.o)
 .debug_frame   0x00001ad4      0x230 c:/siliconlabs/simplicitystudio/v4/developer/toolchains/gnu_arm/4.9_2015q3/bin/../lib/gcc/arm-none-eabi/4.9.3/../../../../arm-none-eabi/lib/armv7e-m/softfp\libc_nano.a(lib_a-mprec.o)
 .debug_frame   0x00001d04       0x2c c:/siliconlabs/simplicitystudio/v4/developer/toolchains/gnu_arm/4.9_2015q3/bin/../lib/gcc/arm-none-eabi/4.9.3/../../../../arm-none-eabi/lib/armv7e-m/softfp\libc_nano.a(lib_a-nano-callocr.o)
 .debug_frame   0x00001d30       0x2c c:/siliconlabs/simplicitystudio/v4/developer/toolchains/gnu_arm/4.9_2015q3/bin/../lib/gcc/arm-none-eabi/4.9.3/../../../../arm-none-eabi/lib/armv7e-m/softfp\libc_nano.a(lib_a-nano-freer.o)
 .debug_frame   0x00001d5c       0x2c c:/siliconlabs/simplicitystudio/v4/developer/toolchains/gnu_arm/4.9_2015q3/bin/../lib/gcc/arm-none-eabi/4.9.3/../../../../arm-none-eabi/lib/armv7e-m/softfp\libc_nano.a(lib_a-nano-mallocr.o)
 .debug_frame   0x00001d88       0x8c c:/siliconlabs/simplicitystudio/v4/developer/toolchains/gnu_arm/4.9_2015q3/bin/../lib/gcc/arm-none-eabi/4.9.3/../../../../arm-none-eabi/lib/armv7e-m/softfp\libc_nano.a(lib_a-nano-svfprintf.o)
 .debug_frame   0x00001e14       0x2c c:/siliconlabs/simplicitystudio/v4/developer/toolchains/gnu_arm/4.9_2015q3/bin/../lib/gcc/arm-none-eabi/4.9.3/../../../../arm-none-eabi/lib/armv7e-m/softfp\libc_nano.a(lib_a-sbrkr.o)
 .debug_frame   0x00001e40       0x28 c:/siliconlabs/simplicitystudio/v4/developer/toolchains/gnu_arm/4.9_2015q3/bin/../lib/gcc/arm-none-eabi/4.9.3/../../../../arm-none-eabi/lib/armv7e-m/softfp\libc_nano.a(lib_a-memmove.o)
 .debug_frame   0x00001e68       0x3c c:/siliconlabs/simplicitystudio/v4/developer/toolchains/gnu_arm/4.9_2015q3/bin/../lib/gcc/arm-none-eabi/4.9.3/../../../../arm-none-eabi/lib/armv7e-m/softfp\libc_nano.a(lib_a-nano-reallocr.o)
 .debug_frame   0x00001ea4       0x5c c:/siliconlabs/simplicitystudio/v4/developer/toolchains/gnu_arm/4.9_2015q3/bin/../lib/gcc/arm-none-eabi/4.9.3/../../../../arm-none-eabi/lib/armv7e-m/softfp\libc_nano.a(lib_a-reent.o)
 .debug_frame   0x00001f00       0x20 c:/siliconlabs/simplicitystudio/v4/developer/toolchains/gnu_arm/4.9_2015q3/bin/../lib/gcc/arm-none-eabi/4.9.3/../../../../arm-none-eabi/lib/armv7e-m/softfp\libc_nano.a(lib_a-nano-msizer.o)
 .debug_frame   0x00001f20       0x20 c:/siliconlabs/simplicitystudio/v4/developer/toolchains/gnu_arm/4.9_2015q3/bin/../lib/gcc/arm-none-eabi/4.9.3/../../../../arm-none-eabi/lib/armv7e-m/softfp\libnosys.a(sbrk.o)
 .debug_frame   0x00001f40       0x20 c:/siliconlabs/simplicitystudio/v4/developer/toolchains/gnu_arm/4.9_2015q3/bin/../lib/gcc/arm-none-eabi/4.9.3/../../../../arm-none-eabi/lib/armv7e-m/softfp\libnosys.a(_exit.o)
